--------- beginning of main
I/installd(    0): installd firing up
I/        (    0): debuggerd: Sep 13 2018 22:34:20
E/ProbeModule( 1387): insmod_by_dep: cannot load module: [net-pf-16-proto-9]
I/Netd    ( 1363): Netd 1.0 starting
E/Netd    ( 1363): Failed to open /proc/sys/net/ipv6/conf/default/accept_ra_rt_table: No such file or directory
E/Netd    ( 1363): Failed to open /proc/sys/net/ipv6/conf/eth0/accept_ra_rt_table: No such file or directory
E/Netd    ( 1363): Failed to open /proc/sys/net/ipv6/conf/ip6tnl0/accept_ra_rt_table: No such file or directory
E/Netd    ( 1363): Failed to open /proc/sys/net/ipv6/conf/lo/accept_ra_rt_table: No such file or directory
E/Netd    ( 1363): Failed to open /proc/sys/net/ipv6/conf/sit0/accept_ra_rt_table: No such file or directory
D/CommandListener( 1363): denglibo-CommandListener createChildChains
I/        ( 1356): fastpipe: Connect success
D/ldinit  ( 1356): denglibo: recv host_config successs, len=45
D/ldinit  ( 1356): hook_property_server begin
I/lowmemorykiller( 1358): Using in-kernel low memory killer interface
I/ldinit  ( 1381): denglibo: early_init_net_for_adb finish!
I/ldinit  ( 1381): start mount vbox share-folder
I/ldinit  ( 1381): finish mount vbox share-folder
--------- beginning of system
I/Vold    ( 1360): Vold 2.1 (the revenge) firing up
E/DirectVolume( 1360): Vold managed volumes must have auto mount point; ignoring /storage/usb0
D/Vold    ( 1360): Volume usb0 state changing -1 (Initializing) -> 0 (No-Media)
E/DirectVolume( 1360): Vold managed volumes must have auto mount point; ignoring /storage/usb1
D/Vold    ( 1360): Volume usb1 state changing -1 (Initializing) -> 0 (No-Media)
E/DirectVolume( 1360): Vold managed volumes must have auto mount point; ignoring /storage/usb2
D/Vold    ( 1360): Volume usb2 state changing -1 (Initializing) -> 0 (No-Media)
E/DirectVolume( 1360): Vold managed volumes must have auto mount point; ignoring /storage/usb3
D/Vold    ( 1360): Volume usb3 state changing -1 (Initializing) -> 0 (No-Media)
I/houdini ( 1397): houdini enabled 
I/powerbtn( 1372): open event0(Power Button) ok
I/keystore( 1369): SELinux: Keystore SELinux is disabled.
E/ProbeModule( 1434): insmod: Failed to load module file [/system/lib/modules/4.0.9-android-x86/kernel/drivers/macintosh/mac_hid.ko]
I/SurfaceFlinger( 1361): SurfaceFlinger is starting
I/SurfaceFlinger( 1361): SurfaceFlinger's main thread ready to run. Initializing graphics H/W...
I/        ( 1361): fastpipe: Connect success
I/mediaserver( 1367): ServiceManager: 0xb5835620
I/AudioFlinger( 1367): Using default 3000 mSec as standby time.
I/ServiceManager( 1367): Waiting for service batterystats...
D/libEGL  ( 1361): loaded /system/lib/egl/libEGL_adreno.so
D/libEGL  ( 1361): loaded /system/lib/egl/libGLESv1_CM_adreno.so
D/libEGL  ( 1361): loaded /system/lib/egl/libGLESv2_adreno.so
I/HostConnection( 1361): HostConnection::HostConnection: pid=1361, tid=1361, this=0xb6850330
I/        ( 1361): fastpipe: Connect success
D/HostConnection( 1361): HostRPC::connect sucess: app=/system/bin/surfaceflinger, pid=1361, tid=1361, this=0xb6865000
D/HostConnection( 1361): queryAndSetGLESMaxVersion select gles-version: 3.0 hostGLVersion:43 process:/system/bin/surfaceflinger
I/        ( 1361): fastpipe: Connect success
D/HostConnection( 1361): recv ProcessPuidReply name=/system/bin/surfaceflinger puid=1
I/gralloc_x86( 1361): --denglibo-- fallback_init, force return by denglibo
E/SurfaceFlinger( 1361): hwcomposer module not found
I/SurfaceFlinger( 1361): EGL information:
I/SurfaceFlinger( 1361): vendor    : Android
I/SurfaceFlinger( 1361): version   : 1.4 Android META-EGL
I/SurfaceFlinger( 1361): extensions: EGL_KHR_get_all_proc_addresses EGL_ANDROID_presentation_time EGL_KHR_image_base EGL_KHR_gl_texture_2D_image EGL_KHR_fence_sync EGL_KHR_create_context EGL_ANDROID_image_native_buffer EGL_ANDROID_recordable 
I/SurfaceFlinger( 1361): Client API: OpenGL_ES
I/SurfaceFlinger( 1361): EGLSurface: 8-8-8-8, config=0x8
I/EGL_adreno( 1361): eglCreateContext request GLES major-version=2
I/        ( 1361): fastpipe: Connect success
D/EGL_adreno( 1361): eglCreateContext: 0xb684e460: maj 3 min 0 rcv 3
D/EGL_adreno( 1361): eglMakeCurrent: 0xb684e460: ver 3 0 (tinfo 0xb68390f0)
D/HostConnection( 1361): ExtendedRCEncoderContext GL_VERSION return OpenGL ES 3.0 (4.3.0 - Build 10.18.14.4414)
I/SurfaceFlinger( 1361): OpenGL ES informations:
I/SurfaceFlinger( 1361): vendor    : Qualcomm
I/SurfaceFlinger( 1361): renderer  : Adreno (TM) 540
I/SurfaceFlinger( 1361): version   : OpenGL ES 3.0 (4.3.0 - Build 10.18.14.4414)
I/SurfaceFlinger( 1361): extensions: GL_OES_EGL_image GL_OES_EGL_image_external GL_OES_depth24 GL_OES_depth32 GL_OES_element_index_uint GL_OES_texture_float GL_OES_texture_float_linear GL_OES_compressed_paletted_texture GL_OES_compressed_ETC1_RGB8_texture GL_OES_depth_texture GL_EXT_texture_format_BGRA8888 GL_APPLE_texture_format_BGRA8888 GL_OES_texture_half_float GL_OES_texture_half_float_linear GL_OES_packed_depth_stencil GL_OES_vertex_half_float GL_OES_texture_npot GL_OES_rgb8_rgba8 GL_EXT_color_buffer_float EGL_ANDROID_native_fence_sync ANDROID_gles_max_version_3_0 GL_OES_vertex_array_object 
I/SurfaceFlinger( 1361): GL_MAX_TEXTURE_SIZE = 16384
I/SurfaceFlinger( 1361): GL_MAX_VIEWPORT_DIMS = 16384
D/gralloc_x86( 1361): gralloc_alloc: Creating ashmem region of size 4096, ignore more log...
D/SurfaceFlinger( 1361): Open /dev/tty0 OK
D/XposedStartupMarker( 1371): Current time: 1539950079, PID: 1371
I/Xposed  ( 1371): -----------------
I/Xposed  ( 1371): Starting Xposed version 89, compiled for SDK 22
I/Xposed  ( 1371): Device: h60-l01 (huawei), Android version 5.1.1 (SDK 22)
I/Xposed  ( 1371): ROM: LYZ28N
I/Xposed  ( 1371): Build fingerprint: asus/android_x86/x86:5.1.1/LYZ28N/V9.5.2.0.LACCNFA:user/release-keys
I/Xposed  ( 1371): Platform: x86, 32-bit binary, system server: yes
I/Xposed  ( 1371): SELinux enabled: no, enforcing: no
D/SurfaceFlinger( 1361): --denglibo-- setOrientation, mFbdev=0xb685e480, mFbDev->setOrientation=0xb70070f0, orientation=0
I/gralloc_x86( 1361): --denglibo-- fb_setOrientation: orientation=0
D/EGL_adreno( 1361): eglMakeCurrent: 0xb684e460: ver 3 0 (tinfo 0xb68390f0)
D/SurfaceFlinger( 1361): Set power mode=2, type=0 flinger=0xb685c000
D/SurfaceFlinger( 1361): shader cache generated - 24 shaders in 45.994473 ms
D/CommandListener( 1363): denglibo-CommandListener setupIptablesHooks
V/NatController( 1363): runCmd(/system/bin/iptables -F natctrl_FORWARD) res=0
V/NatController( 1363): runCmd(/system/bin/iptables -A natctrl_FORWARD -j DROP) res=0
V/NatController( 1363): runCmd(/system/bin/iptables -t nat -F natctrl_nat_POSTROUTING) res=0
V/NatController( 1363): runCmd(/system/bin/iptables -F natctrl_tether_counters) res=1
V/NatController( 1363): runCmd(/system/bin/iptables -X natctrl_tether_counters) res=1
V/NatController( 1363): runCmd(/system/bin/iptables -N natctrl_tether_counters) res=0
V/NatController( 1363): runCmd(/system/bin/iptables -t mangle -A natctrl_mangle_FORWARD -p tcp --tcp-flags SYN SYN -j TCPMSS --clamp-mss-to-pmtu) res=0
D/CommandListener( 1363): denglibo-CommandListener RouteController::Init
D/CommandListener( 1363): denglibo-CommandListener finish construct
E/ProbeModule( 1530): insmod_by_dep: cannot load module: [net-pf-16-proto-5]
E/Netd    ( 1363): Unable to create netlink socket: Protocol not supported
E/Netd    ( 1363): Unable to open quota2 logging socket
D/MDnsDS  ( 1363): MDnsSdListener::Hander starting up
D/MDnsDS  ( 1363): MDnsSdListener starting to monitor
D/MDnsDS  ( 1363): Going to poll with pollCount 1
I/ServiceManager( 1367): Waiting for service batterystats...
I/ServiceManager( 1367): Waiting for service batterystats...
I/Xposed  ( 1371): -----------------
I/Xposed  ( 1371): Added Xposed (/system/framework/XposedBridge.jar) to CLASSPATH
D/AndroidRuntime( 1371): >>>>>> START de.robv.android.xposed.XposedBridge uid 0 <<<<<<
D/AndroidRuntime( 1371): CheckJNI is OFF
I/art     ( 1371): option[0]=-Xzygote
I/art     ( 1371): option[1]=-Xstacktracefile:/data/anr/traces.txt
I/art     ( 1371): option[2]=exit
I/art     ( 1371): option[3]=vfprintf
I/art     ( 1371): option[4]=sensitiveThread
I/art     ( 1371): option[5]=-verbose:gc
I/art     ( 1371): option[6]=-Xms16m
I/art     ( 1371): option[7]=-Xmx512m
I/art     ( 1371): option[8]=-XX:mainThreadStackSize=24K
I/art     ( 1371): option[9]=-XX:HeapGrowthLimit=192m
I/art     ( 1371): option[10]=-XX:HeapMinFree=512k
I/art     ( 1371): option[11]=-XX:HeapMaxFree=8m
I/art     ( 1371): option[12]=-XX:HeapTargetUtilization=0.75
I/art     ( 1371): option[13]=-Xgenregmap
I/art     ( 1371): option[14]=-Xgc:precise
I/art     ( 1371): option[15]=-agentlib:jdwp=transport=dt_android_adb,suspend=n,server=y
I/art     ( 1371): option[16]=-Xlockprofthreshold:500
I/art     ( 1371): option[17]=-Ximage-compiler-option
I/art     ( 1371): option[18]=--runtime-arg
I/art     ( 1371): option[19]=-Ximage-compiler-option
I/art     ( 1371): option[20]=-Xms64m
I/art     ( 1371): option[21]=-Ximage-compiler-option
I/art     ( 1371): option[22]=--runtime-arg
I/art     ( 1371): option[23]=-Ximage-compiler-option
I/art     ( 1371): option[24]=-Xmx64m
I/art     ( 1371): option[25]=-Ximage-compiler-option
I/art     ( 1371): option[26]=--image-classes=/system/etc/preloaded-classes
I/art     ( 1371): option[27]=-Xcompiler-option
I/art     ( 1371): option[28]=--runtime-arg
I/art     ( 1371): option[29]=-Xcompiler-option
I/art     ( 1371): option[30]=-Xms64m
I/art     ( 1371): option[31]=-Xcompiler-option
I/art     ( 1371): option[32]=--runtime-arg
I/art     ( 1371): option[33]=-Xcompiler-option
I/art     ( 1371): option[34]=-Xmx512m
I/art     ( 1371): option[35]=-Duser.language=zh
I/art     ( 1371): option[36]=-Duser.region=CN
I/art     ( 1371): option[37]=-XX:NativeBridge=libnb.so
I/Xposed  ( 1371): Detected ART runtime
I/Xposed  ( 1371): Found Xposed class 'de/robv/android/xposed/XposedBridge', now initializing
E/memtrack( 1371): Couldn't load memtrack module (No such file or directory)
E/android.os.Debug( 1371): failed to load memtrack module: -2
D/idmap   ( 1541): error: no read access to /vendor/overlay: No such file or directory
I/art     ( 1371): Explicit concurrent mark sweep GC freed 1086(52KB) AllocSpace objects, 0(0B) LOS objects, 89% free, 117KB/1141KB, paused 46us total 1.877ms
I/art     ( 1371): Background sticky concurrent mark sweep GC freed 2882(1392KB) AllocSpace objects, 0(0B) LOS objects, 41% free, 662KB/1141KB, paused 5.870ms total 8.653ms
I/Xposed  ( 1371): Loading modules from /data/app/com.example.spt_test.modifiyinformation-2/base.apk
I/Xposed  ( 1371):   Loading class com.example.spt_test.modifiyinformation.HookFunction
E/Xposed  ( 1371):     Failed to load class com.example.spt_test.modifiyinformation.HookFunction
E/Xposed  ( 1371): java.lang.ClassNotFoundException: Didn't find class "com.example.spt_test.modifiyinformation.HookFunction" on path: DexPathList[[zip file "/data/app/com.example.spt_test.modifiyinformation-2/base.apk"],nativeLibraryDirectories=[/vendor/lib, /system/lib]]
E/Xposed  ( 1371): 	at dalvik.system.BaseDexClassLoader.findClass(BaseDexClassLoader.java:56)
E/Xposed  ( 1371): 	at java.lang.ClassLoader.loadClass(ClassLoader.java:511)
E/Xposed  ( 1371): 	at java.lang.ClassLoader.loadClass(ClassLoader.java:469)
E/Xposed  ( 1371): 	at de.robv.android.xposed.XposedInit.loadModule(XposedInit.java:536)
E/Xposed  ( 1371): 	at de.robv.android.xposed.XposedInit.loadModules(XposedInit.java:466)
E/Xposed  ( 1371): 	at de.robv.android.xposed.XposedBridge.main(XposedBridge.java:96)
E/Xposed  ( 1371): 	Suppressed: java.lang.ClassNotFoundException: Didn't find class "com.example.spt_test.modifiyinformation.HookFunction" on path: DexPathList[[zip file "/system/framework/XposedBridge.jar"],nativeLibraryDirectories=[/vendor/lib, /system/lib]]
E/Xposed  ( 1371): 		at dalvik.system.BaseDexClassLoader.findClass(BaseDexClassLoader.java:56)
E/Xposed  ( 1371): 		at java.lang.ClassLoader.loadClass(ClassLoader.java:511)
E/Xposed  ( 1371): 		at java.lang.ClassLoader.loadClass(ClassLoader.java:504)
E/Xposed  ( 1371): 		... 4 more
E/Xposed  ( 1371): 		Suppressed: java.lang.ClassNotFoundException: Didn't find class "com.example.spt_test.modifiyinformation.HookFunction" on path: DexPathList[[dex file "/data/dalvik-cache/xposed_XResourcesSuperClass.dex", dex file "/data/dalvik-cache/xposed_XTypedArraySuperClass.dex"],nativeLibraryDirectories=[/vendor/lib, /system/lib]]
E/Xposed  ( 1371): 			at dalvik.system.BaseDexClassLoader.findClass(BaseDexClassLoader.java:56)
E/Xposed  ( 1371): 			at java.lang.ClassLoader.loadClass(ClassLoader.java:511)
E/Xposed  ( 1371): 			at java.lang.ClassLoader.loadClass(ClassLoader.java:504)
E/Xposed  ( 1371): 			... 5 more
E/Xposed  ( 1371): 			Suppressed: java.lang.ClassNotFoundException: com.example.spt_test.modifiyinformation.HookFunction
E/Xposed  ( 1371): 				at java.lang.Class.classForName(Native Method)
E/Xposed  ( 1371): 				at java.lang.BootClassLoader.findClass(ClassLoader.java:781)
E/Xposed  ( 1371): 				at java.lang.BootClassLoader.loadClass(ClassLoader.java:841)
E/Xposed  ( 1371): 				at java.lang.ClassLoader.loadClass(ClassLoader.java:504)
E/Xposed  ( 1371): 				... 6 more
E/Xposed  ( 1371): 			Caused by: java.lang.NoClassDefFoundError: Class not found using the boot class loader; no stack available
I/SamplingProfilerIntegration( 1371): Profiling disabled.
D/Zygote  ( 1371): begin preload
I/Zygote  ( 1371): Preloading classes...
I/art     ( 1371): Explicit concurrent mark sweep GC freed 2633(430KB) AllocSpace objects, 0(0B) LOS objects, 78% free, 273KB/1297KB, paused 46us total 2.390ms
W/System  ( 1371): A resource was acquired at attached stack trace but never released. See java.io.Closeable for information on avoiding resource leaks.
W/System  ( 1371): java.lang.Throwable: Explicit termination method 'close' not called
W/System  ( 1371): 	at dalvik.system.CloseGuard.open(CloseGuard.java:184)
W/System  ( 1371): 	at dalvik.system.DexFile.<init>(DexFile.java:82)
W/System  ( 1371): 	at dalvik.system.DexFile.<init>(DexFile.java:59)
W/System  ( 1371): 	at dalvik.system.DexPathList.loadDexFile(DexPathList.java:262)
W/System  ( 1371): 	at dalvik.system.DexPathList.makeDexElements(DexPathList.java:231)
W/System  ( 1371): 	at dalvik.system.DexPathList.<init>(DexPathList.java:109)
W/System  ( 1371): 	at dalvik.system.BaseDexClassLoader.<init>(BaseDexClassLoader.java:48)
W/System  ( 1371): 	at dalvik.system.PathClassLoader.<init>(PathClassLoader.java:38)
W/System  ( 1371): 	at de.robv.android.xposed.XposedInit.loadModule(XposedInit.java:525)
W/System  ( 1371): 	at de.robv.android.xposed.XposedInit.loadModules(XposedInit.java:466)
W/System  ( 1371): 	at de.robv.android.xposed.XposedBridge.main(XposedBridge.java:96)
I/art     ( 1371): Counter: 1
E/Minikin ( 1371): addFont failed to create font /system/fonts/NotoSansGujarati-Regular.ttf
E/Minikin ( 1371): addFont failed to create font /system/fonts/NotoSansGujarati-Bold.ttf
E/Minikin ( 1371): addFont failed to create font /system/fonts/NotoSansGujaratiUI-Regular.ttf
E/Minikin ( 1371): addFont failed to create font /system/fonts/NotoSansGujaratiUI-Bold.ttf
E/Minikin ( 1371): addFont failed to create font /system/fonts/NotoSansGurmukhi-Regular.ttf
E/Minikin ( 1371): addFont failed to create font /system/fonts/NotoSansGurmukhi-Bold.ttf
E/Minikin ( 1371): addFont failed to create font /system/fonts/NotoSansGurmukhiUI-Regular.ttf
E/Minikin ( 1371): addFont failed to create font /system/fonts/NotoSansGurmukhiUI-Bold.ttf
E/Minikin ( 1371): addFont failed to create font /system/fonts/NotoSansSinhala-Regular.ttf
E/Minikin ( 1371): addFont failed to create font /system/fonts/NotoSansSinhala-Bold.ttf
E/Minikin ( 1371): addFont failed to create font /system/fonts/NotoSansThaana-Regular.ttf
E/Minikin ( 1371): addFont failed to create font /system/fonts/NotoSansThaana-Bold.ttf
E/Minikin ( 1371): addFont failed to create font /system/fonts/NotoSansCham-Regular.ttf
E/Minikin ( 1371): addFont failed to create font /system/fonts/NotoSansCham-Bold.ttf
E/Minikin ( 1371): addFont failed to create font /system/fonts/NotoSansBalinese-Regular.ttf
E/Minikin ( 1371): addFont failed to create font /system/fonts/NotoSansBatak-Regular.ttf
E/Minikin ( 1371): addFont failed to create font /system/fonts/NotoSansBuginese-Regular.ttf
E/Minikin ( 1371): addFont failed to create font /system/fonts/NotoSansBuhid-Regular.ttf
E/Minikin ( 1371): addFont failed to create font /system/fonts/NotoSansCanadianAboriginal-Regular.ttf
E/Minikin ( 1371): addFont failed to create font /system/fonts/NotoSansCherokee-Regular.ttf
E/Minikin ( 1371): addFont failed to create font /system/fonts/NotoSansCoptic-Regular.ttf
E/Minikin ( 1371): addFont failed to create font /system/fonts/NotoSansGlagolitic-Regular.ttf
E/Minikin ( 1371): addFont failed to create font /system/fonts/NotoSansHanunoo-Regular.ttf
E/Minikin ( 1371): addFont failed to create font /system/fonts/NotoSansJavanese-Regular.ttf
E/Minikin ( 1371): addFont failed to create font /system/fonts/NotoSansKayahLi-Regular.ttf
E/Minikin ( 1371): addFont failed to create font /system/fonts/NotoSansLepcha-Regular.ttf
E/Minikin ( 1371): addFont failed to create font /system/fonts/NotoSansLimbu-Regular.ttf
E/Minikin ( 1371): addFont failed to create font /system/fonts/NotoSansMeeteiMayek-Regular.ttf
E/Minikin ( 1371): addFont failed to create font /system/fonts/NotoSansOlChiki-Regular.ttf
E/Minikin ( 1371): addFont failed to create font /system/fonts/NotoSansRejang-Regular.ttf
E/Minikin ( 1371): addFont failed to create font /system/fonts/NotoSansSaurashtra-Regular.ttf
E/Minikin ( 1371): addFont failed to create font /system/fonts/NotoSansSundanese-Regular.ttf
E/Minikin ( 1371): addFont failed to create font /system/fonts/NotoSansSylotiNagri-Regular.ttf
E/Minikin ( 1371): addFont failed to create font /system/fonts/NotoSansTagbanwa-Regular.ttf
E/Minikin ( 1371): addFont failed to create font /system/fonts/NotoSansTaiTham-Regular.ttf
E/Minikin ( 1371): addFont failed to create font /system/fonts/NotoSansTaiViet-Regular.ttf
E/Minikin ( 1371): addFont failed to create font /system/fonts/NotoSansTifinagh-Regular.ttf
E/Minikin ( 1371): addFont failed to create font /system/fonts/NotoSansYi-Regular.ttf
E/Minikin ( 1371): addFont failed to create font /system/fonts/Lohit-Odia.ttf
E/Minikin ( 1371): addFont failed to create font /system/fonts/NotoSansHans-Regular.otf
E/Minikin ( 1371): addFont failed to create font /system/fonts/NotoSansHant-Regular.otf
E/Minikin ( 1371): addFont failed to create font /system/fonts/NotoSansJP-Regular.otf
E/Minikin ( 1371): addFont failed to create font /system/fonts/NotoSansKR-Regular.otf
E/Minikin ( 1371): addFont failed to create font /system/fonts/NotoSansTaiLe-Regular.ttf
I/art     ( 1371): Thread[1,tid=1371,WaitingForJniOnLoad,Thread*=0xb3c25800,peer=0x12c31100,"main"] recursive attempt to load library "/system/lib/libmedia_jni.so"
D/MtpDeviceJNI( 1371): register_android_mtp_MtpDevice
I/art     ( 1371): Thread[1,tid=1371,WaitingForJniOnLoad,Thread*=0xb3c25800,peer=0x12c31100,"main"] recursive attempt to load library "/system/lib/libmedia_jni.so"
I/art     ( 1371): Thread[1,tid=1371,WaitingForJniOnLoad,Thread*=0xb3c25800,peer=0x12c31100,"main"] recursive attempt to load library "/system/lib/libmedia_jni.so"
D/DataSource( 1371): denglibo RegisterDefaultSniffers skip load libFFmpegExtractor.so
I/art     ( 1371): Explicit concurrent mark sweep GC freed 2831(171KB) AllocSpace objects, 0(0B) LOS objects, 62% free, 608KB/1632KB, paused 53us total 2.938ms
E/EmojiFactory_jni( 1371): Failed to load libemoji.so: dlopen failed: library "libemoji.so" not found
I/art     ( 1371): Explicit concurrent mark sweep GC freed 472(22KB) AllocSpace objects, 0(0B) LOS objects, 42% free, 1374KB/2MB, paused 43us total 1.851ms
I/System  ( 1371): Loaded time zone names for "" in 10ms (10ms in ICU)
I/System  ( 1371): Loaded time zone names for "en_US" in 6ms (5ms in ICU)
I/System  ( 1371): Loaded time zone names for "zh_CN" in 8ms (7ms in ICU)
I/Zygote  ( 1371): ...preloaded 3005 classes in 168ms.
I/art     ( 1371): VMRuntime.preloadDexCaches starting
I/art     ( 1371): VMRuntime.preloadDexCaches strings total=214767 before=39306 after=39306
I/art     ( 1371): VMRuntime.preloadDexCaches types total=18350 before=6393 after=6435
I/art     ( 1371): VMRuntime.preloadDexCaches fields total=85582 before=32266 after=32649
I/art     ( 1371): VMRuntime.preloadDexCaches methods total=151804 before=66845 after=67839
I/art     ( 1371): VMRuntime.preloadDexCaches finished
I/art     ( 1371): Counter: 0
I/art     ( 1371): Counter: 1
I/art     ( 1371): Explicit concurrent mark sweep GC freed 8209(518KB) AllocSpace objects, 0(0B) LOS objects, 39% free, 1688KB/2MB, paused 47us total 2.981ms
I/Zygote  ( 1371): Preloading resources...
I/art     ( 1371): Explicit concurrent mark sweep GC freed 346(15KB) AllocSpace objects, 0(0B) LOS objects, 39% free, 2MB/4MB, paused 91us total 2.670ms
I/art     ( 1371): Explicit concurrent mark sweep GC freed 327(18KB) AllocSpace objects, 0(0B) LOS objects, 39% free, 3MB/6MB, paused 55us total 2.798ms
I/art     ( 1371): Explicit concurrent mark sweep GC freed 1083(57KB) AllocSpace objects, 0(0B) LOS objects, 39% free, 4MB/7MB, paused 57us total 2.983ms
I/art     ( 1371): Explicit concurrent mark sweep GC freed 1818(76KB) AllocSpace objects, 0(0B) LOS objects, 40% free, 5MB/9MB, paused 66us total 3.116ms
I/Zygote  ( 1371): ...preloaded 343 resources in 99ms.
I/Zygote  ( 1371): ...preloaded 41 resources in 2ms.
I/art     ( 1371): Counter: 0
D/libEGL  ( 1371): loaded /system/lib/egl/libEGL_adreno.so
D/libEGL  ( 1371): loaded /system/lib/egl/libGLESv1_CM_adreno.so
D/libEGL  ( 1371): loaded /system/lib/egl/libGLESv2_adreno.so
I/Zygote  ( 1371): Preloading shared libraries...
D/Zygote  ( 1371): end preload
I/art     ( 1371): Explicit concurrent mark sweep GC freed 7332(292KB) AllocSpace objects, 0(0B) LOS objects, 39% free, 6MB/10MB, paused 78us total 4.082ms
I/art     ( 1371): Explicit concurrent mark sweep GC freed 1475(69KB) AllocSpace objects, 0(0B) LOS objects, 39% free, 6MB/10MB, paused 60us total 3.133ms
I/art     ( 1371): Explicit concurrent mark sweep GC freed 5(160B) AllocSpace objects, 0(0B) LOS objects, 39% free, 6MB/10MB, paused 77us total 2.972ms
I/Zygote  ( 1371): System server process 1542 has been created
D/libnativebridge( 1542): call UnloadNativeBridge! state=1
I/Zygote  ( 1371): Accepting command socket connections
I/InstallerConnection( 1542): disconnecting...
I/SystemServer( 1542): Entered the Android system server!
V/Fingerprint-JNI( 1542): FingerprintManager JNI ready.
D/SensorService( 1542): nuSensorService starting...
D/sensor_ld( 1542): open_sensors name=poll
D/sensor_ld( 1542): cb_activate handle=0 enabled=0
D/sensor_ld( 1542): cb_activate handle=2 enabled=0
D/sensor_ld( 1542): cb_activate handle=5 enabled=0
D/sensor_ld( 1542): cb_activate handle=6 enabled=0
I/        ( 1542): fastpipe: Connect success
D/SensorService( 1542): new thread SensorEventAckReceiver
D/SensorService( 1542): nuSensorService thread starting...
I/SystemServiceManager( 1542): Starting com.android.server.pm.Installer
I/Installer( 1542): Waiting for installd to be ready.
I/InstallerConnection( 1542): connecting...
I/installd( 1368): new connection
I/SystemServiceManager( 1542): Starting com.android.server.am.ActivityManagerService$Lifecycle
I/ActivityManager( 1542): Memory class: 192
I/IntentFirewall( 1542): Read new rules (A:0 B:0 S:0)
D/AppOps  ( 1542): AppOpsService published
I/SystemServiceManager( 1542): Starting com.android.server.power.PowerManagerService
I/libsuspend( 1542): Selected early suspend
E/libsuspend( 1542): Error accessing /sys/power/wait_for_fb_sleep: No such file or directory
I/SystemServiceManager( 1542): Starting com.android.server.display.DisplayManagerService
I/SystemServiceManager( 1542): Starting phase 100
I/DisplayManagerService( 1542): Display device added: DisplayDeviceInfo{"内置屏幕": uniqueId="local:0", 1280 x 720, 60.000004 fps, supportedRefreshRates [60.000004], density 240, 240.0 x 240.0 dpi, appVsyncOff 0, presDeadline 17666666, touch INTERNAL, rotation 0, type BUILT_IN, state UNKNOWN, FLAG_DEFAULT_DISPLAY, FLAG_ROTATES_WITH_CONTENT, FLAG_SECURE, FLAG_SUPPORTS_PROTECTED_BUFFERS}
I/SystemServer( 1542): Package Manager
W/SystemConfig( 1542): No directory /system/etc/sysconfig, skipping
D/SELinuxMMAC( 1542): Using policy file /system/etc/security/mac_permissions.xml
D/PackageManager( 1542): No files in app dir /vendor/overlay
I/PackageManager( 1542): denglibo-scanPackageDirtyLI oldSeting(packages.xml): android orig primaryCpuAbi: x86 secondaryCpuAbi: null cpuAbiOverride: null myOrigCpuAbi: x86
I/PackageManager( 1542): denglibo-scanPackageDirtyLI oldSeting(packages.xml): com.android.providers.calendar orig primaryCpuAbi: null secondaryCpuAbi: null cpuAbiOverride: null myOrigCpuAbi: null
W/PackageParser( 1542): No actions in intent filter at /system/priv-app/Contacts/Contacts.apk Binary XML file line #356
I/PackageManager( 1542): denglibo-scanPackageDirtyLI oldSeting(packages.xml): com.android.contacts orig primaryCpuAbi: null secondaryCpuAbi: null cpuAbiOverride: null myOrigCpuAbi: null
I/PackageManager( 1542): denglibo-scanPackageDirtyLI oldSeting(packages.xml): com.android.providers.contacts orig primaryCpuAbi: null secondaryCpuAbi: null cpuAbiOverride: null myOrigCpuAbi: null
I/PackageManager( 1542): denglibo-scanPackageDirtyLI oldSeting(packages.xml): com.android.defcontainer orig primaryCpuAbi: x86 secondaryCpuAbi: null cpuAbiOverride: null myOrigCpuAbi: x86
I/PackageManager( 1542): denglibo-scanPackageDirtyLI oldSeting(packages.xml): com.android.providers.downloads orig primaryCpuAbi: null secondaryCpuAbi: null cpuAbiOverride: null myOrigCpuAbi: null
I/PackageManager( 1542): denglibo-scanPackageDirtyLI oldSeting(packages.xml): com.android.externalstorage orig primaryCpuAbi: null secondaryCpuAbi: null cpuAbiOverride: null myOrigCpuAbi: null
I/PackageManager( 1542): denglibo-scanPackageDirtyLI oldSeting(packages.xml): com.android.location.fused orig primaryCpuAbi: x86 secondaryCpuAbi: null cpuAbiOverride: null myOrigCpuAbi: x86
I/PackageManager( 1542): denglibo-scanPackageDirtyLI oldSeting(packages.xml): com.android.inputdevices orig primaryCpuAbi: x86 secondaryCpuAbi: null cpuAbiOverride: null myOrigCpuAbi: x86
I/PackageManager( 1542): denglibo-scanPackageDirtyLI oldSeting(packages.xml): com.android.providers.media orig primaryCpuAbi: null secondaryCpuAbi: null cpuAbiOverride: null myOrigCpuAbi: null
I/PackageManager( 1542): denglibo-scanPackageDirtyLI oldSeting(packages.xml): com.android.mms.service orig primaryCpuAbi: null secondaryCpuAbi: null cpuAbiOverride: null myOrigCpuAbi: null
I/PackageManager( 1542): denglibo-scanPackageDirtyLI oldSeting(packages.xml): com.android.proxyhandler orig primaryCpuAbi: null secondaryCpuAbi: null cpuAbiOverride: null myOrigCpuAbi: null
I/PackageManager( 1542): denglibo-scanPackageDirtyLI oldSeting(packages.xml): com.android.settings orig primaryCpuAbi: x86 secondaryCpuAbi: null cpuAbiOverride: null myOrigCpuAbi: x86
I/PackageManager( 1542): denglibo-scanPackageDirtyLI oldSeting(packages.xml): com.android.providers.settings orig primaryCpuAbi: x86 secondaryCpuAbi: null cpuAbiOverride: null myOrigCpuAbi: x86
I/PackageManager( 1542): denglibo-scanPackageDirtyLI oldSeting(packages.xml): com.android.sharedstoragebackup orig primaryCpuAbi: null secondaryCpuAbi: null cpuAbiOverride: null myOrigCpuAbi: null
I/PackageManager( 1542): denglibo-scanPackageDirtyLI oldSeting(packages.xml): com.android.shell orig primaryCpuAbi: null secondaryCpuAbi: null cpuAbiOverride: null myOrigCpuAbi: null
I/PackageManager( 1542): denglibo-scanPackageDirtyLI oldSeting(packages.xml): com.android.systemui orig primaryCpuAbi: null secondaryCpuAbi: null cpuAbiOverride: null myOrigCpuAbi: null
W/ResourceType( 1542): Failure getting entry for 0x7f08026f (t=7 e=623) (error -75)
I/PackageManager( 1542): denglibo-scanPackageDirtyLI oldSeting(packages.xml): com.android.phone orig primaryCpuAbi: null secondaryCpuAbi: null cpuAbiOverride: null myOrigCpuAbi: null
W/PackageParser( 1542): Unknown element under <intent-filter>: android at /system/priv-app/Telecom/Telecom.apk Binary XML file line #232
I/PackageManager( 1542): denglibo-scanPackageDirtyLI oldSeting(packages.xml): com.android.server.telecom orig primaryCpuAbi: x86 secondaryCpuAbi: null cpuAbiOverride: null myOrigCpuAbi: x86
I/PackageManager( 1542): denglibo-scanPackageDirtyLI oldSeting(packages.xml): com.android.providers.telephony orig primaryCpuAbi: null secondaryCpuAbi: null cpuAbiOverride: null myOrigCpuAbi: null
I/PackageManager( 1542): denglibo-scanPackageDirtyLI oldSeting(packages.xml): com.android.vpndialogs orig primaryCpuAbi: null secondaryCpuAbi: null cpuAbiOverride: null myOrigCpuAbi: null
W/PackageParser( 1542): No actions in intent filter at /system/app/AndroidTerm/AndroidTerm.apk Binary XML file line #149
I/PackageManager( 1542): denglibo-scanPackageDirtyLI oldSeting(packages.xml): jackpal.androidterm orig primaryCpuAbi: x86 secondaryCpuAbi: null cpuAbiOverride: null myOrigCpuAbi: x86
I/PackageManager( 1542): denglibo-scanPackageDirtyLI oldSeting(packages.xml): com.android.basicsmsreceiver orig primaryCpuAbi: null secondaryCpuAbi: null cpuAbiOverride: null myOrigCpuAbi: null
I/PackageManager( 1542): denglibo-scanPackageDirtyLI oldSeting(packages.xml): com.android.browser orig primaryCpuAbi: null secondaryCpuAbi: null cpuAbiOverride: null myOrigCpuAbi: null
W/PackageParser( 1542): No actions in intent filter at /system/app/CMFileManager/CMFileManager.apk Binary XML file line #166
I/PackageManager( 1542): denglibo-scanPackageDirtyLI oldSeting(packages.xml): com.cyanogenmod.filemanager orig primaryCpuAbi: null secondaryCpuAbi: null cpuAbiOverride: null myOrigCpuAbi: null
I/PackageManager( 1542): denglibo-scanPackageDirtyLI oldSeting(packages.xml): com.android.captiveportallogin orig primaryCpuAbi: null secondaryCpuAbi: null cpuAbiOverride: null myOrigCpuAbi: null
I/PackageManager( 1542): denglibo-scanPackageDirtyLI oldSeting(packages.xml): com.android.certinstaller orig primaryCpuAbi: null secondaryCpuAbi: null cpuAbiOverride: null myOrigCpuAbi: null
I/PackageManager( 1542): denglibo-scanPackageDirtyLI oldSeting(packages.xml): com.android.documentsui orig primaryCpuAbi: null secondaryCpuAbi: null cpuAbiOverride: null myOrigCpuAbi: null
I/PackageManager( 1542): denglibo-scanPackageDirtyLI oldSeting(packages.xml): com.android.providers.downloads.ui orig primaryCpuAbi: null secondaryCpuAbi: null cpuAbiOverride: null myOrigCpuAbi: null
I/PackageManager( 1542): denglibo-scanPackageDirtyLI oldSeting(packages.xml): com.android.emu.coreservice orig primaryCpuAbi: null secondaryCpuAbi: null cpuAbiOverride: null myOrigCpuAbi: null
I/PackageManager( 1542): denglibo-scanPackageDirtyLI oldSeting(packages.xml): com.android.emu.inputservice orig primaryCpuAbi: null secondaryCpuAbi: null cpuAbiOverride: null myOrigCpuAbi: null
I/PackageManager( 1542): denglibo-scanPackageDirtyLI oldSeting(packages.xml): com.android.gallery orig primaryCpuAbi: null secondaryCpuAbi: null cpuAbiOverride: null myOrigCpuAbi: null
I/PackageManager( 1542): denglibo-scanPackageDirtyLI oldSeting(packages.xml): com.android.googleinstaller orig primaryCpuAbi: null secondaryCpuAbi: null cpuAbiOverride: null myOrigCpuAbi: null
I/PackageManager( 1542): denglibo-scanPackageDirtyLI oldSeting(packages.xml): com.android.htmlviewer orig primaryCpuAbi: null secondaryCpuAbi: null cpuAbiOverride: null myOrigCpuAbi: null
I/CameraService( 1367): CameraService started (pid=1367)
D/Camera_Factory( 1367): CameraFactory::CameraFactory
D/Camera_Factory( 1367): CameraFactory::parseConfig: configFile = /etc/camera.cfg
D/Camera_Factory( 1367): /etc/camera.cfg not found, using camera configuration defaults
D/Camera_Factory( 1367): CameraFactory::newCameraConfig: 0 -> /dev/video0 (0)
D/Camera_Factory( 1367): CameraFactory::newCameraConfig: 1 -> /dev/video1 (0)
I/CameraService( 1367): Loaded "Camera Module" camera module
D/Camera_Factory( 1367): CameraFactory::get_number_of_cameras
D/Camera_Factory( 1367): CameraFactory::getCameraNum: 2
I/AudioPolicyService( 1367): AudioPolicyService CSTOR in new mode
I/PackageManager( 1542): denglibo-scanPackageDirtyLI oldSeting(packages.xml): com.android.keychain orig primaryCpuAbi: x86 secondaryCpuAbi: null cpuAbiOverride: null myOrigCpuAbi: x86
I/AudioPolicyManager( 1367): loadAudioPolicyConfig() loaded /system/etc/audio_policy.conf
E/ld_audio_hw( 1367): Unable to open the mixer, aborting. 1
D/ld_audio_hw( 1367): ld_device_open, module=0xb60480e0, name =audio_hw_if, device=0xb5875240
I/        ( 1367): fastpipe: Connect success
I/        ( 1367): fastpipe: Connect success
I/AudioFlinger( 1367): loadHwModule() Loaded primary audio interface from Grouper audio HW HAL (audio) handle 1
I/AudioFlinger( 1367): HAL output buffer size 512 frames, normal sink buffer size 1024 frames
I/AudioMixer( 1367): found effect "Multichannel Downmix To Stereo" from The Android Open Source Project
E/MonoPipe( 1367): Failed to fetch local time frequency when constructing a MonoPipe (res = -32).  getNextWriteTimestamp calls will be non-functional
I/PackageManager( 1542): denglibo-scanPackageDirtyLI oldSeting(packages.xml): com.android.launcher3 orig primaryCpuAbi: null secondaryCpuAbi: null cpuAbiOverride: null myOrigCpuAbi: null
I/PackageManager( 1542): denglibo-scanPackageDirtyLI oldSeting(packages.xml): com.android.pacprocessor orig primaryCpuAbi: x86 secondaryCpuAbi: null cpuAbiOverride: null myOrigCpuAbi: x86
I/PackageManager( 1542): denglibo-scanPackageDirtyLI oldSeting(packages.xml): com.android.packageinstaller orig primaryCpuAbi: null secondaryCpuAbi: null cpuAbiOverride: null myOrigCpuAbi: null
I/PackageManager( 1542): denglibo-scanPackageDirtyLI oldSeting(packages.xml): com.svox.pico orig primaryCpuAbi: x86 secondaryCpuAbi: null cpuAbiOverride: null myOrigCpuAbi: x86
I/PackageManager( 1542): denglibo-scanPackageDirtyLI oldSeting(packages.xml): com.android.provision orig primaryCpuAbi: null secondaryCpuAbi: null cpuAbiOverride: null myOrigCpuAbi: null
I/PackageManager( 1542): denglibo-scanPackageDirtyLI oldSeting(packages.xml): com.android.providers.userdictionary orig primaryCpuAbi: null secondaryCpuAbi: null cpuAbiOverride: null myOrigCpuAbi: null
I/PackageManager( 1542): denglibo-scanPackageDirtyLI oldSeting(packages.xml): com.android.flysilkworm orig primaryCpuAbi: null secondaryCpuAbi: null cpuAbiOverride: null myOrigCpuAbi: null
I/PackageManager( 1542): denglibo-scanPackageDirtyLI oldSeting(packages.xml): com.android.webview orig primaryCpuAbi: x86 secondaryCpuAbi: null cpuAbiOverride: null myOrigCpuAbi: x86
D/PackageManager( 1542): No files in app dir /system/vendor/app
D/PackageManager( 1542): No files in app dir /oem/app
W/PackageParser( 1542): Unknown element under <manifest>: meta-data at /data/app/de.robv.android.xposed.installer-1/base.apk Binary XML file line #18
I/PackageManager( 1542): denglibo-scanPackageDirtyLI oldSeting(packages.xml): de.robv.android.xposed.installer orig primaryCpuAbi: null secondaryCpuAbi: null cpuAbiOverride: null myOrigCpuAbi: null
I/NativeHelper( 1542): denglibo call findSupportedAbi! abiList=x86 armeabi-v7a armeabi  packageName=de.robv.android.xposed.installer
D/NativeLibraryHelper( 1542): denglibo call LdFindSupportedAbi, param: supportedAbisArray=x86 armeabi-v7a armeabi 
D/NativeLibraryHelper( 1542): denglibo native LdFindSupportedAbi return! ret=-114 abi=NULL
I/PackageManager( 1542): denglibo-copyNativeBinariesForSupportedAbi finish: copyRet = -114
I/PackageManager( 1542): denglibo-scanPackageDirtyLI oldSeting(packages.xml): com.example.spt_test.testapk orig primaryCpuAbi: null secondaryCpuAbi: null cpuAbiOverride: null myOrigCpuAbi: null
I/NativeHelper( 1542): denglibo call findSupportedAbi! abiList=x86 armeabi-v7a armeabi  packageName=com.example.spt_test.testapk
D/NativeLibraryHelper( 1542): denglibo call LdFindSupportedAbi, param: supportedAbisArray=x86 armeabi-v7a armeabi 
D/NativeLibraryHelper( 1542): denglibo native LdFindSupportedAbi return! ret=-114 abi=NULL
D/NativeLibraryHelper( 1542): denglibo call LdFindSupportedAbi, param: supportedAbisArray=x86 armeabi-v7a armeabi 
D/NativeLibraryHelper( 1542): denglibo native LdFindSupportedAbi return! ret=-114 abi=NULL
D/NativeLibraryHelper( 1542): denglibo call LdFindSupportedAbi, param: supportedAbisArray=x86 armeabi-v7a armeabi 
D/NativeLibraryHelper( 1542): denglibo native LdFindSupportedAbi return! ret=-114 abi=NULL
D/NativeLibraryHelper( 1542): denglibo call LdFindSupportedAbi, param: supportedAbisArray=x86 armeabi-v7a armeabi 
D/NativeLibraryHelper( 1542): denglibo native LdFindSupportedAbi return! ret=-114 abi=NULL
D/NativeLibraryHelper( 1542): denglibo call LdFindSupportedAbi, param: supportedAbisArray=x86 armeabi-v7a armeabi 
D/NativeLibraryHelper( 1542): denglibo native LdFindSupportedAbi return! ret=-114 abi=NULL
D/NativeLibraryHelper( 1542): denglibo call LdFindSupportedAbi, param: supportedAbisArray=x86 armeabi-v7a armeabi 
D/NativeLibraryHelper( 1542): denglibo native LdFindSupportedAbi return! ret=-114 abi=NULL
D/NativeLibraryHelper( 1542): denglibo call LdFindSupportedAbi, param: supportedAbisArray=x86 armeabi-v7a armeabi 
D/NativeLibraryHelper( 1542): denglibo native LdFindSupportedAbi return! ret=-114 abi=NULL
D/NativeLibraryHelper( 1542): denglibo call LdFindSupportedAbi, param: supportedAbisArray=x86 armeabi-v7a armeabi 
D/NativeLibraryHelper( 1542): denglibo native LdFindSupportedAbi return! ret=-114 abi=NULL
D/NativeLibraryHelper( 1542): denglibo call LdFindSupportedAbi, param: supportedAbisArray=x86 armeabi-v7a armeabi 
D/NativeLibraryHelper( 1542): denglibo native LdFindSupportedAbi return! ret=-114 abi=NULL
D/NativeLibraryHelper( 1542): denglibo call LdFindSupportedAbi, param: supportedAbisArray=x86 armeabi-v7a armeabi 
D/NativeLibraryHelper( 1542): denglibo native LdFindSupportedAbi return! ret=-114 abi=NULL
D/NativeLibraryHelper( 1542): denglibo call LdFindSupportedAbi, param: supportedAbisArray=x86 armeabi-v7a armeabi 
D/NativeLibraryHelper( 1542): denglibo native LdFindSupportedAbi return! ret=-114 abi=NULL
D/NativeLibraryHelper( 1542): denglibo call LdFindSupportedAbi, param: supportedAbisArray=x86 armeabi-v7a armeabi 
D/NativeLibraryHelper( 1542): denglibo native LdFindSupportedAbi return! ret=-114 abi=NULL
I/PackageManager( 1542): denglibo-copyNativeBinariesForSupportedAbi finish: copyRet = -114
I/PackageManager( 1542): denglibo-scanPackageDirtyLI oldSeting(packages.xml): com.tencent.mm orig primaryCpuAbi: armeabi secondaryCpuAbi: null cpuAbiOverride: null myOrigCpuAbi: armeabi
W/PackageManager( 1542): Package com.tencent.mm desires unavailable shared library com.google.android.maps; ignoring!
W/PackageManager( 1542): Package com.tencent.mm desires unavailable shared library com.sec.android.app.multiwindow; ignoring!
W/PackageManager( 1542): Package com.tencent.mm desires unavailable shared library com.here.android; ignoring!
W/PackageManager( 1542): Package com.tencent.mm desires unavailable shared library soterkeystore; ignoring!
I/PackageManager( 1542): denglibo-skip copyNativeBinaries: copyRet = 2
I/PackageManager( 1542): denglibo-scanPackageDirtyLI oldSeting(packages.xml): com.example.spt_test.modifiyinformation orig primaryCpuAbi: null secondaryCpuAbi: null cpuAbiOverride: null myOrigCpuAbi: null
I/NativeHelper( 1542): denglibo call findSupportedAbi! abiList=x86 armeabi-v7a armeabi  packageName=com.example.spt_test.modifiyinformation
D/NativeLibraryHelper( 1542): denglibo call LdFindSupportedAbi, param: supportedAbisArray=x86 armeabi-v7a armeabi 
D/NativeLibraryHelper( 1542): denglibo native LdFindSupportedAbi return! ret=-114 abi=NULL
D/NativeLibraryHelper( 1542): denglibo call LdFindSupportedAbi, param: supportedAbisArray=x86 armeabi-v7a armeabi 
D/NativeLibraryHelper( 1542): denglibo native LdFindSupportedAbi return! ret=-114 abi=NULL
D/NativeLibraryHelper( 1542): denglibo call LdFindSupportedAbi, param: supportedAbisArray=x86 armeabi-v7a armeabi 
D/NativeLibraryHelper( 1542): denglibo native LdFindSupportedAbi return! ret=-114 abi=NULL
D/NativeLibraryHelper( 1542): denglibo call LdFindSupportedAbi, param: supportedAbisArray=x86 armeabi-v7a armeabi 
D/NativeLibraryHelper( 1542): denglibo native LdFindSupportedAbi return! ret=-114 abi=NULL
D/NativeLibraryHelper( 1542): denglibo call LdFindSupportedAbi, param: supportedAbisArray=x86 armeabi-v7a armeabi 
D/NativeLibraryHelper( 1542): denglibo native LdFindSupportedAbi return! ret=-114 abi=NULL
D/NativeLibraryHelper( 1542): denglibo call LdFindSupportedAbi, param: supportedAbisArray=x86 armeabi-v7a armeabi 
D/NativeLibraryHelper( 1542): denglibo native LdFindSupportedAbi return! ret=-114 abi=NULL
D/NativeLibraryHelper( 1542): denglibo call LdFindSupportedAbi, param: supportedAbisArray=x86 armeabi-v7a armeabi 
D/NativeLibraryHelper( 1542): denglibo native LdFindSupportedAbi return! ret=-114 abi=NULL
D/NativeLibraryHelper( 1542): denglibo call LdFindSupportedAbi, param: supportedAbisArray=x86 armeabi-v7a armeabi 
D/NativeLibraryHelper( 1542): denglibo native LdFindSupportedAbi return! ret=-114 abi=NULL
D/NativeLibraryHelper( 1542): denglibo call LdFindSupportedAbi, param: supportedAbisArray=x86 armeabi-v7a armeabi 
D/NativeLibraryHelper( 1542): denglibo native LdFindSupportedAbi return! ret=-114 abi=NULL
D/NativeLibraryHelper( 1542): denglibo call LdFindSupportedAbi, param: supportedAbisArray=x86 armeabi-v7a armeabi 
D/NativeLibraryHelper( 1542): denglibo native LdFindSupportedAbi return! ret=-114 abi=NULL
D/NativeLibraryHelper( 1542): denglibo call LdFindSupportedAbi, param: supportedAbisArray=x86 armeabi-v7a armeabi 
D/NativeLibraryHelper( 1542): denglibo native LdFindSupportedAbi return! ret=-114 abi=NULL
D/NativeLibraryHelper( 1542): denglibo call LdFindSupportedAbi, param: supportedAbisArray=x86 armeabi-v7a armeabi 
D/NativeLibraryHelper( 1542): denglibo native LdFindSupportedAbi return! ret=-114 abi=NULL
I/PackageManager( 1542): denglibo-copyNativeBinariesForSupportedAbi finish: copyRet = -114
D/PackageManager( 1542): No files in app dir /data/app-private
W/PackageManager( 1542): Package com.tencent.mm desires unavailable shared library com.google.android.maps; ignoring!
W/PackageManager( 1542): Package com.tencent.mm desires unavailable shared library com.sec.android.app.multiwindow; ignoring!
W/PackageManager( 1542): Package com.tencent.mm desires unavailable shared library com.here.android; ignoring!
W/PackageManager( 1542): Package com.tencent.mm desires unavailable shared library soterkeystore; ignoring!
I/PackageManager( 1542): Adjusting ABI for : com.android.location.fused to x86
I/PackageManager( 1542): Adjusting ABI for : com.android.providers.settings to x86
I/PackageManager( 1542): Adjusting ABI for : com.android.inputdevices to x86
I/PackageManager( 1542): Adjusting ABI for : com.android.keychain to x86
I/PackageManager( 1542): Adjusting ABI for : com.android.server.telecom to x86
I/PackageManager( 1542): Adjusting ABI for : com.android.settings to x86
I/PackageManager( 1542): Time to scan packages: 0.181 seconds
W/PackageManager( 1542): Unknown permission com.google.android.googleapps.permission.GOOGLE_AUTH in package com.android.providers.calendar
W/PackageManager( 1542): Unknown permission com.google.android.googleapps.permission.GOOGLE_AUTH.cl in package com.android.providers.calendar
W/PackageManager( 1542): Not granting permission android.permission.ACCESS_DOWNLOAD_MANAGER to package com.android.browser (protectionLevel=18 flags=0x9be45)
W/PackageManager( 1542): Not granting permission android.permission.SEND_DOWNLOAD_COMPLETED_INTENTS to package com.android.browser (protectionLevel=2 flags=0x9be45)
W/PackageManager( 1542): Unknown permission android.permission.REQUEST_INSTALL_PACKAGES in package de.robv.android.xposed.installer
W/PackageManager( 1542): Unknown permission com.huawei.authentication.HW_ACCESS_AUTH_SERVICE in package com.tencent.mm
W/PackageManager( 1542): Unknown permission com.android.launcher.permission.READ_SETTINGS in package com.tencent.mm
W/PackageManager( 1542): Unknown permission com.tencent.mm.location.permission.SEND_VIEW in package com.tencent.mm
W/PackageManager( 1542): Unknown permission com.huawei.android.launcher.permission.CHANGE_BADGE in package com.tencent.mm
W/PackageManager( 1542): Unknown permission android.permission.WRITE_APP_BADGE in package com.tencent.mm
W/PackageManager( 1542): Unknown permission android.permission.REQUEST_IGNORE_BATTERY_OPTIMIZATIONS in package com.tencent.mm
W/PackageManager( 1542): Unknown permission com.google.android.c2dm.permission.RECEIVE in package com.tencent.mm
W/PackageManager( 1542): Unknown permission com.bbk.launcher2.permission.READ_SETTINGS in package com.tencent.mm
W/PackageManager( 1542): Unknown permission com.android.vending.BILLING in package com.tencent.mm
W/PackageManager( 1542): Unknown permission android.permission.USE_FINGERPRINT in package com.tencent.mm
W/PackageManager( 1542): Unknown permission com.soter.permission.ACCESS_SOTER_KEYSTORE in package com.tencent.mm
W/PackageManager( 1542): Not granting permission android.permission.BIND_APPWIDGET to package com.android.launcher3 (protectionLevel=18 flags=0x483e45)
W/PackageManager( 1542): Unknown permission com.android.launcher.permission.READ_SETTINGS in package com.android.launcher3
W/PackageManager( 1542): Unknown permission com.android.launcher.permission.WRITE_SETTINGS in package com.android.launcher3
W/PackageManager( 1542): Not granting permission android.permission.MOUNT_UNMOUNT_FILESYSTEMS to package com.android.launcher3 (protectionLevel=18 flags=0x483e45)
W/PackageManager( 1542): Not granting permission android.permission.READ_LOGS to package com.android.flysilkworm (protectionLevel=50 flags=0x58be45)
W/PackageManager( 1542): Not granting permission android.permission.INSTALL_PACKAGES to package com.android.flysilkworm (protectionLevel=18 flags=0x58be45)
W/PackageManager( 1542): Not granting permission android.permission.MOUNT_UNMOUNT_FILESYSTEMS to package com.android.flysilkworm (protectionLevel=18 flags=0x58be45)
W/PackageManager( 1542): Not granting permission android.permission.WRITE_MEDIA_STORAGE to package com.android.flysilkworm (protectionLevel=18 flags=0x58be45)
W/PackageManager( 1542): Not granting permission android.permission.CHANGE_CONFIGURATION to package com.android.flysilkworm (protectionLevel=50 flags=0x58be45)
W/PackageManager( 1542): Unknown permission android.permission.PREVENT_POWER_KEY in package com.android.flysilkworm
W/PackageManager( 1542): Not granting permission android.permission.ACCESS_CHECKIN_PROPERTIES to package com.android.flysilkworm (protectionLevel=18 flags=0x58be45)
W/PackageManager( 1542): Not granting permission android.permission.STOP_APP_SWITCHES to package com.android.flysilkworm (protectionLevel=18 flags=0x58be45)
W/PackageManager( 1542): Unknown permission android.permission.READ_SETTINGS in package com.android.flysilkworm
W/PackageManager( 1542): Not granting permission android.permission.DELETE_PACKAGES to package com.svox.pico (protectionLevel=18 flags=0x8be45)
W/PackageManager( 1542): Unknown permission com.cyanogenmod.filemanager.permissions.READ_THEME in package com.cyanogenmod.filemanager
W/PackageManager( 1542): Unknown permission com.google.android.googleapps.permission.GOOGLE_AUTH in package com.android.settings
W/PackageManager( 1542): Unknown permission com.android.launcher.permission.READ_SETTINGS in package com.android.settings
W/PackageManager( 1542): Unknown permission com.android.launcher.permission.WRITE_SETTINGS in package com.android.settings
W/PackageManager( 1542): Unknown permission com.android.smspush.WAPPUSH_MANAGER_BIND in package com.android.phone
I/art     ( 1542): Explicit concurrent mark sweep GC freed 33563(1952KB) AllocSpace objects, 6(96KB) LOS objects, 33% free, 6MB/10MB, paused 135us total 8.969ms
I/SystemServer( 1542): User Service
I/lowmemorykiller( 1358): ActivityManager connected
I/SystemServiceManager( 1542): Starting com.android.server.lights.LightsService
E/lights  ( 1542): Unable to detect max_brightness. Try to set backlight.max_brightness_file
I/SystemServiceManager( 1542): Starting com.android.server.BatteryService
I/SystemServiceManager( 1542): Starting com.android.server.usage.UsageStatsService
I/SystemServiceManager( 1542): Starting com.android.server.webkit.WebViewUpdateService
I/SystemServer( 1542): Reading configuration...
I/SystemServer( 1542): Scheduling Policy
I/SystemServiceManager( 1542): Starting com.android.server.telecom.TelecomLoaderService
I/SystemServer( 1542): Telephony Registry
I/SystemServer( 1542): Entropy Mixer
W/EntropyMixer( 1542): Failed to add HW RNG output to entropy pool
W/EntropyMixer( 1542): java.io.IOException: read failed: ENODEV (No such device)
W/EntropyMixer( 1542): 	at libcore.io.IoBridge.read(IoBridge.java:482)
W/EntropyMixer( 1542): 	at java.io.FileInputStream.read(FileInputStream.java:177)
W/EntropyMixer( 1542): 	at com.android.server.RandomBlock.fromStream(RandomBlock.java:56)
W/EntropyMixer( 1542): 	at com.android.server.RandomBlock.fromFile(RandomBlock.java:46)
W/EntropyMixer( 1542): 	at com.android.server.EntropyMixer.addHwRandomEntropy(EntropyMixer.java:192)
W/EntropyMixer( 1542): 	at com.android.server.EntropyMixer.<init>(EntropyMixer.java:112)
