W/OpenGLRenderer( 1859): Failed to set EGL_SWAP_BEHAVIOR on surface 0xadda88c0, error=EGL_BAD_MATCH
E/EGL_adreno( 1649): tid 2042: eglSurfaceAttrib(1266): error 0x3009 (EGL_BAD_MATCH)
W/OpenGLRenderer( 1649): Failed to set EGL_SWAP_BEHAVIOR on surface 0xadc7b6c0, error=EGL_BAD_MATCH
D/EGL_adreno( 1859): eglMakeCurrent: 0xadda95e0: ver 3 0 (tinfo 0xadc397b0)
I/HostConnection( 1361): HostConnection::HostConnection: pid=1361, tid=2072, this=0xb69faf10
I/        ( 1361): fastpipe: Connect success
D/EGL_adreno( 1649): eglMakeCurrent: 0xadc331c0: ver 3 0 (tinfo 0xadc39690)
D/HostConnection( 1361): HostRPC::connect sucess: app=/system/bin/surfaceflinger, pid=1361, tid=2072, this=0xb6b1d000
D/HostConnection( 1361): queryAndSetGLESMaxVersion select gles-version: 3.0 hostGLVersion:43 process:/system/bin/surfaceflinger
D/AdHotSeatView( 1859): resetLayout
D/NotificationService( 2046): NotificationService onCreate
D/WifiService( 1542): New client listening to asynchronous messages
D/Launcher( 1859): 11683562 - bindAddScreens()
D/Launcher( 1859): 11683562 -   orderedScreenIds: 3
D/Launcher.Workspace( 1859): 11683562 - insertNewWorkspaceScreen(): 3 at index: 0
I/ActivityManager( 1542): Displayed com.android.launcher3/.Launcher: +1s207ms
D/NotificationService( 2046): NotificationService onDestroy
V/KeyguardServiceDelegate( 1542): *** Keyguard started
W/KeyguardServiceDelegate( 1542): onScreenTurnedOn(): no keyguard service!
I/PackageManager( 1542): exec reulst= exit-code=1
D/KeyguardUpdateMonitor( 1649): handleSimStateChange(subId=-2, slotId=0, state=UNKNOWN)
W/KeyguardUpdateMonitor( 1649): invalid subId in handleSimStateChange()
W/BackupManagerService( 1542): dataChanged but no participant pkg='com.android.launcher3' uid=10020
W/BackupManagerService( 1542): dataChanged but no participant pkg='com.android.launcher3' uid=10020
W/BackupManagerService( 1542): dataChanged but no participant pkg='com.android.launcher3' uid=10020
W/BackupManagerService( 1542): dataChanged but no participant pkg='com.android.launcher3' uid=10020
V/RenderScript( 1859): 0xadee4c00 Launching thread(s), CPUs 2
W/BackupManagerService( 1542): dataChanged but no participant pkg='com.android.launcher3' uid=10020
W/BackupManagerService( 1542): dataChanged but no participant pkg='com.android.launcher3' uid=10020
W/BackupManagerService( 1542): dataChanged but no participant pkg='com.android.launcher3' uid=10020
W/BackupManagerService( 1542): dataChanged but no participant pkg='com.android.launcher3' uid=10020
I/EGL_adreno( 1649): eglCreateContext request GLES major-version=2
D/EGL_adreno( 1649): eglCreateContext: 0xb3ea0220: maj 3 min 0 rcv 3
D/EGL_adreno( 1649): eglMakeCurrent: 0xb3ea0220: ver 3 0 (tinfo 0xb3fe4370)
D/EGL_adreno( 1649): eglMakeCurrent: 0xb3ea0220: ver 3 0 (tinfo 0xb3fe4370)
W/WallpaperService( 1649): Ignoring updateSurface: destroyed
W/WindowManager( 1542): Attempted to add wallpaper window with unknown token android.os.Binder@325d0b42.  Aborting.
W/WallpaperService( 1649): Failed to add window while updating wallpaper surface.
D/OpenGLRenderer( 1649): setting property extraRasterBucket to 0.95
D/OpenGLRenderer( 1649):     failed
D/OpenGLRenderer( 1649): setting property extraRasterBucket to 0.0
D/OpenGLRenderer( 1649):     failed
D/AdHotSeat( 1859): getAdData.
V/KeyguardUpdateMonitor( 1649): onSubscriptionInfoChanged()
V/KeyguardUpdateMonitor( 1649): onSubscriptionInfoChanged: list is null
V/KeyguardServiceDelegate( 1542): *** Keyguard connected (yay!)
V/KeyguardServiceDelegate( 1542): **** SHOWN CALLED ****
I/SurfaceFlinger( 1361): Boot is finished (6321 ms)
I/SurfaceFlinger( 1361): denglibo-bootNotifynotify host the android boot success!
I/        ( 1361): fastpipe: close connect
I/PackageManager( 1542): Package doesn't exist in get block uninstall com.android.good.miner
D/AdHotSeat( 1859): getModelsFromData.
D/AdHotSeat( 1859): getModelsFromData.
W/PackageManager( 1542): Package named 'com.android.good.miner' doesn't exist.
D/AdHotSeatView( 1859): updateIconButton.
E/installd( 1368): Unable to unlink boot marker at /data/dalvik-cache/arm/.booting, error=No such file or directory
E/ActivityManager( 1542): Unable to mark boot complete for abi: armeabi-v7a
I/SystemServiceManager( 1542): Starting phase 1000
I/ldinit  ( 1381): denglibo: detect sys.boot_completed!
D/BluetoothManagerService( 1542): Retrieving Bluetooth Adapter name and address...
D/BluetoothManagerService( 1542): getNameAndAddress(): mBluetooth = null mBinding = false
D/BluetoothManagerService( 1542): Message: 200
D/BluetoothManagerService( 1542): MESSAGE_GET_NAME_AND_ADDRESS
D/BluetoothManagerService( 1542): Binding to service to get name and address
E/BluetoothManagerService( 1542): Fail to bind to: Intent { act=android.bluetooth.IBluetooth }
I/HostConnection( 1542): HostConnection::HostConnection: pid=1542, tid=1567, this=0xb3c9b1f0
I/        ( 1542): fastpipe: Connect success
D/HostConnection( 1542): HostRPC::connect sucess: app=system_server, pid=1542, tid=1567, this=0xa10a1000
D/HostConnection( 1542): queryAndSetGLESMaxVersion select gles-version: 3.0 hostGLVersion:43 process:system_server
D/NetlinkEvent( 1363): denglibo NetlinkEvent::parseIfInfoMessage IFLA_IFNAME: INTERFACE=eth0 action=up
D/NetlinkEvent( 1363): denglibo NetlinkEvent::parseIfInfoMessage IFLA_IFNAME: INTERFACE=eth0 action=up
D/NetlinkEvent( 1363): denglibo NetlinkEvent::parseIfInfoMessage IFLA_IFNAME: INTERFACE=eth0 action=up
D/EthernetNetworkFactory( 1542): updateInterface: eth0 link up
I/EthernetNetworkFactory( 1542): Updating mNetworkAgent with: [ Transports: ETHERNET Capabilities: INTERNET&NOT_RESTRICTED&TRUSTED&NOT_VPN LinkUpBandwidth>=100000Kbps LinkDnBandwidth>=100000Kbps], [type: Ethernet[], state: CONNECTED/CONNECTED, reason: (unspecified), extra: 00:db:bc:0b:81:f2, roaming: false, failover: false, isAvailable: true, isConnectedToProvisioningNetwork: false], {InterfaceName: eth0 LinkAddresses: [172.16.2.15/24,]  Routes: [172.16.2.0/24 -> 0.0.0.0 eth0,0.0.0.0/0 -> 172.16.2.2 eth0,] DnsAddresses: [192.168.8.8,114.114.114.114,] Domains: thundersoft.com MTU: 0 TcpBufferSizes: 524288,1048576,3145728,524288,1048576,2097152}
D/EthernetNetworkFactory( 1542): updateInterface: eth0 link up
I/EthernetNetworkFactory( 1542): Updating mNetworkAgent with: [ Transports: ETHERNET Capabilities: INTERNET&NOT_RESTRICTED&TRUSTED&NOT_VPN LinkUpBandwidth>=100000Kbps LinkDnBandwidth>=100000Kbps], [type: Ethernet[], state: CONNECTED/CONNECTED, reason: (unspecified), extra: 00:db:bc:0b:81:f2, roaming: false, failover: false, isAvailable: true, isConnectedToProvisioningNetwork: false], {InterfaceName: eth0 LinkAddresses: [172.16.2.15/24,]  Routes: [172.16.2.0/24 -> 0.0.0.0 eth0,0.0.0.0/0 -> 172.16.2.2 eth0,] DnsAddresses: [192.168.8.8,114.114.114.114,] Domains: thundersoft.com MTU: 0 TcpBufferSizes: 524288,1048576,3145728,524288,1048576,2097152}
D/EthernetNetworkFactory( 1542): updateInterface: eth0 link up
I/EthernetNetworkFactory( 1542): Updating mNetworkAgent with: [ Transports: ETHERNET Capabilities: INTERNET&NOT_RESTRICTED&TRUSTED&NOT_VPN LinkUpBandwidth>=100000Kbps LinkDnBandwidth>=100000Kbps], [type: Ethernet[], state: CONNECTED/CONNECTED, reason: (unspecified), extra: 00:db:bc:0b:81:f2, roaming: false, failover: false, isAvailable: true, isConnectedToProvisioningNetwork: false], {InterfaceName: eth0 LinkAddresses: [172.16.2.15/24,]  Routes: [172.16.2.0/24 -> 0.0.0.0 eth0,0.0.0.0/0 -> 172.16.2.2 eth0,] DnsAddresses: [192.168.8.8,114.114.114.114,] Domains: thundersoft.com MTU: 0 TcpBufferSizes: 524288,1048576,3145728,524288,1048576,2097152}
D/PhoneStatusBar( 1649): disable: < expand* icons alerts system_info back* home* recent* clock search* >
D/ConnectivityService( 1542): updateNetworkScore for NetworkAgentInfo [Ethernet () - 100] to 50
D/ConnectivityService( 1542): rematching NetworkAgentInfo [Ethernet () - 100]
D/ConnectivityService( 1542): Network NetworkAgentInfo [Ethernet () - 100] was already satisfying request 1. No change.
D/ConnectivityService( 1542): notifyType AVAILABLE for NetworkAgentInfo [Ethernet () - 100]
D/ConnectivityService( 1542): updateNetworkScore for NetworkAgentInfo [Ethernet () - 100] to 50
D/ConnectivityService( 1542): rematching NetworkAgentInfo [Ethernet () - 100]
D/ConnectivityService( 1542): Network NetworkAgentInfo [Ethernet () - 100] was already satisfying request 1. No change.
D/ConnectivityService( 1542): notifyType AVAILABLE for NetworkAgentInfo [Ethernet () - 100]
D/ConnectivityService( 1542): updateNetworkScore for NetworkAgentInfo [Ethernet () - 100] to 50
D/ConnectivityService( 1542): rematching NetworkAgentInfo [Ethernet () - 100]
D/ConnectivityService( 1542): Network NetworkAgentInfo [Ethernet () - 100] was already satisfying request 1. No change.
D/ConnectivityService( 1542): notifyType AVAILABLE for NetworkAgentInfo [Ethernet () - 100]
D/ConnectivityManager.CallbackHandler( 1649): CM callback handler got msg 524290
D/ConnectivityManager.CallbackHandler( 1649): CM callback handler got msg 524290
D/ConnectivityManager.CallbackHandler( 1649): CM callback handler got msg 524290
I/art     ( 1542): Explicit concurrent mark sweep GC freed 5753(379KB) AllocSpace objects, 3(48KB) LOS objects, 33% free, 9MB/14MB, paused 5.861ms total 79.933ms
I/EmuCoreService( 1812): uninstall failed
I/ActivityManager( 1542): Start proc 2097:com.android.keychain/1000 for service com.android.keychain/.KeyChainService
I/RecoverySystem( 1542): No recovery log file
D/libnativebridge( 2097): call UnloadNativeBridge! state=1
I/BootReceiver( 1542): Copying audit failures to DropBox
I/BootReceiver( 1542): Checking for fsck errors
I/ActivityManager( 1542): Start proc 2120:com.android.providers.calendar/u0a0 for broadcast com.android.providers.calendar/.CalendarReceiver
D/libnativebridge( 2120): call UnloadNativeBridge! state=1
I/ldinit  ( 1381): denglibo: wait for idle(500ms)...
W/ResourcesManager( 2120): Asset path '/system/framework/android.test.runner.jar' does not exist or contains no resources.
I/CalendarProvider2( 2120): Created com.android.providers.calendar.CalendarAlarmManager@274a3a83(com.android.providers.calendar.CalendarProvider2@1cc10400)
I/EmuCoreService( 1812): Broadcast action = android.intent.action.BOOT_COMPLETED
I/EmuCoreService( 1812): HostService Init inited = true
I/EmuCoreService( 1812): CoreService On Boot Complete !
E/SQLiteLog( 1964): (283) recovered 65 frames from WAL file /data/data/com.android.providers.media/databases/internal.db-wal
W/MediaScanner( 1964): Error opening directory '/oem/media/', skipping: No such file or directory.
W/MediaScanner( 1964): Error opening directory '/storage/sdcard1/', skipping: Permission denied.
W/MediaScanner( 1964): Error opening directory '/storage/usb0/', skipping: Permission denied.
W/MediaScanner( 1964): Error opening directory '/storage/usb1/', skipping: Permission denied.
W/MediaScanner( 1964): Error opening directory '/storage/usb2/', skipping: Permission denied.
W/MediaScanner( 1964): Error opening directory '/storage/usb3/', skipping: Permission denied.
I/ldinit  ( 1381): denglibo: exce tast...
I/ldinit  ( 1381): denglibo: on_boot_finish exce finish!
I/CalendarProvider2( 2120): Sending notification intent: Intent { act=android.intent.action.PROVIDER_CHANGED dat=content://com.android.calendar }
W/ContentResolver( 2120): Failed to get type for: content://com.android.calendar (Unknown URL content://com.android.calendar)
I/WifiNative-HAL( 1542): startHal
I/WifiNative-HAL( 1542): startHal
E/WifiStateMachine( 1542): denglibo mScanResults.size=1
E/WifiStateMachine( 1542): WifiStateMachine shouldSwitchNetwork  txSuccessRate=-0.06 rxSuccessRate=-0.06 delta 1000 -> 1000
E/WifiStateMachine( 1542): CMD_AUTO_CONNECT sup state UninitializedState my state DisconnectedState nid=0 roam=3
E/WifiStateMachine( 1542): CMD_AUTO_CONNECT will save config -> "BBCF2" nid=0
E/WifiConfigStore( 1542): Setting BSSID for "BBCF2"NONE to 00:81:f2:0b:db:81
E/WifiConfigStore( 1542): will read network variables netId=0
W/LdWifi  ( 1542): denglibo wifi command unkown!!! cmd=IFNAME=wlan0 GET_NETWORK 0 wep_key0
W/LdWifi  ( 1542): denglibo wifi command unkown!!! cmd=IFNAME=wlan0 GET_NETWORK 0 wep_key1
W/LdWifi  ( 1542): denglibo wifi command unkown!!! cmd=IFNAME=wlan0 GET_NETWORK 0 wep_key2
W/LdWifi  ( 1542): denglibo wifi command unkown!!! cmd=IFNAME=wlan0 GET_NETWORK 0 wep_key3
W/LdWifi  ( 1542): denglibo wifi command unkown!!! cmd=IFNAME=wlan0 GET_NETWORK 0 psk
W/LdWifi  ( 1542): denglibo wifi command unkown!!! cmd=IFNAME=wlan0 GET_NETWORK 0 auth_alg
W/LdWifi  ( 1542): denglibo wifi command unkown!!! cmd=IFNAME=wlan0 GET_NETWORK 0 eap
W/LdWifi  ( 1542): denglibo wifi command unkown!!! cmd=IFNAME=wlan0 GET_NETWORK 0 phase2
W/LdWifi  ( 1542): denglibo wifi command unkown!!! cmd=IFNAME=wlan0 GET_NETWORK 0 identity
W/LdWifi  ( 1542): denglibo wifi command unkown!!! cmd=IFNAME=wlan0 GET_NETWORK 0 anonymous_identity
W/LdWifi  ( 1542): denglibo wifi command unkown!!! cmd=IFNAME=wlan0 GET_NETWORK 0 password
W/LdWifi  ( 1542): denglibo wifi command unkown!!! cmd=IFNAME=wlan0 GET_NETWORK 0 client_cert
W/LdWifi  ( 1542): denglibo wifi command unkown!!! cmd=IFNAME=wlan0 GET_NETWORK 0 ca_cert
W/LdWifi  ( 1542): denglibo wifi command unkown!!! cmd=IFNAME=wlan0 GET_NETWORK 0 subject_match
W/LdWifi  ( 1542): denglibo wifi command unkown!!! cmd=IFNAME=wlan0 GET_NETWORK 0 key_id
W/LdWifi  ( 1542): denglibo wifi command unkown!!! cmd=IFNAME=wlan0 GET_NETWORK 0 private_key
E/WifiStateMachine( 1542): CMD_AUTO_CONNECT did save config ->  nid=0
E/WifiConfigStore( 1542): will read network variables netId=0
W/LdWifi  ( 1542): denglibo wifi command unkown!!! cmd=IFNAME=wlan0 GET_NETWORK 0 wep_key0
W/LdWifi  ( 1542): denglibo wifi command unkown!!! cmd=IFNAME=wlan0 GET_NETWORK 0 wep_key1
W/LdWifi  ( 1542): denglibo wifi command unkown!!! cmd=IFNAME=wlan0 GET_NETWORK 0 wep_key2
W/LdWifi  ( 1542): denglibo wifi command unkown!!! cmd=IFNAME=wlan0 GET_NETWORK 0 wep_key3
W/LdWifi  ( 1542): denglibo wifi command unkown!!! cmd=IFNAME=wlan0 GET_NETWORK 0 psk
W/LdWifi  ( 1542): denglibo wifi command unkown!!! cmd=IFNAME=wlan0 GET_NETWORK 0 auth_alg
W/LdWifi  ( 1542): denglibo wifi command unkown!!! cmd=IFNAME=wlan0 GET_NETWORK 0 eap
W/LdWifi  ( 1542): denglibo wifi command unkown!!! cmd=IFNAME=wlan0 GET_NETWORK 0 phase2
W/LdWifi  ( 1542): denglibo wifi command unkown!!! cmd=IFNAME=wlan0 GET_NETWORK 0 identity
W/LdWifi  ( 1542): denglibo wifi command unkown!!! cmd=IFNAME=wlan0 GET_NETWORK 0 anonymous_identity
W/LdWifi  ( 1542): denglibo wifi command unkown!!! cmd=IFNAME=wlan0 GET_NETWORK 0 password
W/LdWifi  ( 1542): denglibo wifi command unkown!!! cmd=IFNAME=wlan0 GET_NETWORK 0 client_cert
W/LdWifi  ( 1542): denglibo wifi command unkown!!! cmd=IFNAME=wlan0 GET_NETWORK 0 ca_cert
W/LdWifi  ( 1542): denglibo wifi command unkown!!! cmd=IFNAME=wlan0 GET_NETWORK 0 subject_match
W/LdWifi  ( 1542): denglibo wifi command unkown!!! cmd=IFNAME=wlan0 GET_NETWORK 0 key_id
W/LdWifi  ( 1542): denglibo wifi command unkown!!! cmd=IFNAME=wlan0 GET_NETWORK 0 private_key
D/ConnectivityService( 1542): registerNetworkAgent NetworkAgentInfo{ ni{[type: WIFI[], state: CONNECTING/CONNECTING, reason: (unspecified), extra: "BBCF2", roaming: false, failover: false, isAvailable: true, isConnectedToProvisioningNetwork: false]}  network{null}  lp{{LinkAddresses: []  Routes: [] DnsAddresses: [] Domains: null MTU: 0 TcpBufferSizes: 524288,1048576,2097152,262144,524288,1048576}}  nc{[ Transports: WIFI Capabilities: INTERNET&NOT_RESTRICTED&TRUSTED&NOT_VPN LinkUpBandwidth>=1048576Kbps LinkDnBandwidth>=1048576Kbps]}  Score{20}  everValidated{false}  lastValidated{false}  created{false}  explicitlySelected{false} }
E/WifiConfigStore( 1542): saveWifiConfigBSSID Setting BSSID for "BBCF2"NONE to any
D/ConnectivityService( 1542): NetworkAgentInfo [WIFI () - 101] EVENT_NETWORK_INFO_CHANGED, going from null to CONNECTING
E/WifiConfigStore( 1542): saveWifiConfigBSSID Setting BSSID for "BBCF2"NONE to any
E/Netd    ( 1363): Failed to open /proc/sys/net/ipv6/conf/wlan0/disable_ipv6: No such file or directory
E/WifiStateMachine( 1542): Failed to enable IPv6: java.lang.IllegalStateException: command '19 interface ipv6 wlan0 enable' failed with '400 19 Failed to change IPv6 state (No such file or directory)'
E/WifiStateMachine( 1542): denglibo post WIFI static ip address message!
D/ConnectivityService( 1542): updateNetworkScore for NetworkAgentInfo [WIFI () - 101] to 60
D/ConnectivityService( 1542): rematching NetworkAgentInfo [Ethernet () - 100]
D/ConnectivityService( 1542): Network NetworkAgentInfo [Ethernet () - 100] was already satisfying request 1. No change.
D/ConnectivityService( 1542): notifyType AVAILABLE for NetworkAgentInfo [Ethernet () - 100]
D/ConnectivityManager.CallbackHandler( 1649): CM callback handler got msg 524290
D/ConnectivityService( 1542): NetworkAgentInfo [WIFI () - 101] EVENT_NETWORK_INFO_CHANGED, going from CONNECTING to CONNECTED
D/ConnectivityService( 1542): Adding iface wlan0 to network 101
E/ConnectivityService( 1542): Unexpected mtu value: 0, wlan0
D/ConnectivityService( 1542): Adding Route [172.16.2.0/24 -> 0.0.0.0 wlan0] to network 101
D/ConnectivityService( 1542): Adding Route [10.0.2.2/32 -> 0.0.0.0 wlan0] to network 101
D/ConnectivityService( 1542): Adding Route [0.0.0.0/0 -> 10.0.2.2 wlan0] to network 101
D/ConnectivityService( 1542): Setting Dns servers for network 101 to [/114.114.114.114, /114.114.115.115, /119.29.29.29]
D/ConnectivityService( 1542): notifyType IP_CHANGED for NetworkAgentInfo [WIFI () - 101]
D/ConnectivityService( 1542): notifyType PRECHECK for NetworkAgentInfo [WIFI () - 101]
D/ConnectivityService( 1542): rematching NetworkAgentInfo [WIFI () - 101]
D/NetworkMonitor/NetworkAgentInfo [WIFI () - 101]( 1542): DefaultState{ when=0 what=532481 target=com.android.internal.util.StateMachine$SmHandler }
D/NetworkMonitor/NetworkAgentInfo [WIFI () - 101]( 1542): Connected
D/NetworkMonitor/NetworkAgentInfo [WIFI () - 101]( 1542): EvaluatingState{ when=0 what=532486 arg1=1 target=com.android.internal.util.StateMachine$SmHandler }
D/NetworkMonitor/NetworkAgentInfo [WIFI () - 101]( 1542): Validated
D/ConnectivityService( 1542): setProvNotificationVisibleIntent: E visible=false networkType=0 extraInfo=null
D/ConnectivityService( 1542): Validated NetworkAgentInfo [WIFI () - 101]
D/ConnectivityService( 1542): rematching NetworkAgentInfo [WIFI () - 101]
D/ConnectivityService( 1542):    accepting network in place of NetworkAgentInfo [Ethernet () - 100]
D/ConnectivityService( 1542): notifyType LOSING for NetworkAgentInfo [Ethernet () - 100]
D/NetworkMonitor/NetworkAgentInfo [Ethernet () - 100]( 1542): ValidatedState{ when=0 what=532483 target=com.android.internal.util.StateMachine$SmHandler }
D/NetworkMonitor/NetworkAgentInfo [Ethernet () - 100]( 1542): DefaultState{ when=0 what=532483 target=com.android.internal.util.StateMachine$SmHandler }
D/NetworkMonitor/NetworkAgentInfo [Ethernet () - 100]( 1542): Lingering
D/ConnectivityService( 1542): Switching to new default network: NetworkAgentInfo{ ni{[type: WIFI[], state: CONNECTED/CONNECTED, reason: (unspecified), extra: "BBCF2", roaming: false, failover: false, isAvailable: true, isConnectedToProvisioningNetwork: false]}  network{101}  lp{{InterfaceName: wlan0 LinkAddresses: [172.16.2.15/24,]  Routes: [172.16.2.0/24 -> 0.0.0.0 wlan0,10.0.2.2/32 -> 0.0.0.0 wlan0,0.0.0.0/0 -> 10.0.2.2 wlan0,] DnsAddresses: [114.114.114.114,114.114.115.115,] Domains: null MTU: 0 TcpBufferSizes: 524288,1048576,2097152,262144,524288,1048576}}  nc{[ Transports: WIFI Capabilities: INTERNET&NOT_RESTRICTED&TRUSTED&NOT_VPN LinkUpBandwidth>=1048576Kbps LinkDnBandwidth>=1048576Kbps]}  Score{60}  everValidated{true}  lastValidated{true}  created{true}  explicitlySelected{false} }
D/NetworkManagementService( 1542): denglibo call setDefaultNetId! netId=100
D/ConnectivityManager.CallbackHandler( 1649): CM callback handler got msg 524291
E/WifiStateMachine( 1542): Did not find remoteAddress {10.0.2.2} in /proc/net/arp
D/NetworkMonitor/NetworkAgentInfo [WIFI () - 101]( 1542): ValidatedState{ when=-2ms what=532481 target=com.android.internal.util.StateMachine$SmHandler }
D/NetworkMonitor/NetworkAgentInfo [WIFI () - 101]( 1542): Validated
D/ConnectivityService( 1542): Setting tx/rx TCP buffers to 524288,1048576,2097152,262144,524288,1048576
D/ConnectivityService( 1542): notifyType AVAILABLE for NetworkAgentInfo [WIFI () - 101]
D/ConnectivityManager.CallbackHandler( 1649): CM callback handler got msg 524290
D/CSLegacyTypeTracker( 1542): Sending disconnected broadcast for type 9 NetworkAgentInfo [Ethernet () - 100] isDefaultNetwork=false
D/ConnectivityService( 1542): sendStickyBroadcast: action=android.net.conn.CONNECTIVITY_CHANGE_IMMEDIATE
D/ConnectivityService( 1542): sendStickyBroadcast: action=android.net.conn.CONNECTIVITY_CHANGE
D/CSLegacyTypeTracker( 1542): Sending connected broadcast for type 1 NetworkAgentInfo [WIFI () - 101] isDefaultNetwork=true
D/ConnectivityService( 1542): sendStickyBroadcast: action=android.net.conn.CONNECTIVITY_CHANGE_IMMEDIATE
D/Tethering( 1542): MasterInitialState.processMessage what=3
D/ConnectivityService( 1542): sendStickyBroadcast: action=android.net.conn.CONNECTIVITY_CHANGE
D/Tethering( 1542): MasterInitialState.processMessage what=3
D/ConnectivityService( 1542): Validated NetworkAgentInfo [WIFI () - 101]
E/SQLiteLog( 2120): (284) automatic index on view_events(_id)
E/RemotePrintSpooler( 1542): Error removing obsolete print jobs .
E/RemotePrintSpooler( 1542): java.util.concurrent.TimeoutException: Cannot get spooler!
E/RemotePrintSpooler( 1542): 	at com.android.server.print.RemotePrintSpooler.bindLocked(RemotePrintSpooler.java:378)
E/RemotePrintSpooler( 1542): 	at com.android.server.print.RemotePrintSpooler.getRemoteInstanceLazy(RemotePrintSpooler.java:354)
E/RemotePrintSpooler( 1542): 	at com.android.server.print.RemotePrintSpooler.removeObsoletePrintJobs(RemotePrintSpooler.java:289)
E/RemotePrintSpooler( 1542): 	at com.android.server.print.UserState.removeObsoletePrintJobs(UserState.java:165)
E/RemotePrintSpooler( 1542): 	at com.android.server.print.PrintManagerService$PrintManagerImpl$3.run(PrintManagerService.java:644)
E/RemotePrintSpooler( 1542): 	at android.os.Handler.handleCallback(Handler.java:739)
E/RemotePrintSpooler( 1542): 	at android.os.Handler.dispatchMessage(Handler.java:95)
E/RemotePrintSpooler( 1542): 	at android.os.Looper.loop(Looper.java:135)
E/RemotePrintSpooler( 1542): 	at android.os.HandlerThread.run(HandlerThread.java:61)
I/FusedLocation( 1542): engine started (com.android.location.fused)
D/GpsLocationProvider( 1542): received SIM realted action: 
D/GpsLocationProvider( 1542): SIM MCC/MNC is available: 46000
D/GpsLocationProvider( 1542): Reset GPS properties, previous size = 8
D/GpsLocationProvider( 1542): GpsParamsResource: SUPL_HOST=supl.google.com
D/GpsLocationProvider( 1542): GpsParamsResource: SUPL_PORT=7275
D/GpsLocationProvider( 1542): GpsParamsResource: NTP_SERVER=north-america.pool.ntp.org
D/GpsLocationProvider( 1542): GpsParamsResource: SUPL_VER=0x20000
D/GpsLocationProvider( 1542): GpsParamsResource: SUPL_MODE=1
W/GpsLocationProvider( 1542): Could not open GPS configuration file /etc/gps.ld.conf
D/GpsLocationProvider( 1542): GPS properties reloaded, size = 8
E/GpsLocationProvider( 1542): no AGPS interface in set_agps_server
E/GpsLocationProvider( 1542): no GPS configuration interface in configuraiton_update
D/GpsLocationProvider( 1542): final config = #Fri Oct 19 19:54:53 GMT+08:00 2018
D/GpsLocationProvider( 1542): SUPL_VER=0x20000
D/GpsLocationProvider( 1542): SUPL_HOST=supl.google.com
D/GpsLocationProvider( 1542): XTRA_SERVER_3=http\://xtra3.gpsonextra.net/xtra.bin
D/GpsLocationProvider( 1542): XTRA_SERVER_1=http\://xtra1.gpsonextra.net/xtra.bin
D/GpsLocationProvider( 1542): SUPL_PORT=7275
D/GpsLocationProvider( 1542): XTRA_SERVER_2=http\://xtra2.gpsonextra.net/xtra.bin
D/GpsLocationProvider( 1542): NTP_SERVER=north-america.pool.ntp.org
D/GpsLocationProvider( 1542): SUPL_MODE=1
D/PhoneInterfaceManager( 1838): [PhoneIntfMgr] getDataEnabled: subId=-1 phoneId=-1
E/PhoneInterfaceManager( 1838): [PhoneIntfMgr] getDataEnabled: no phone subId=-1 retVal=false
D/TelephonyManager( 1542): getDataEnabled: retVal=false
E/GpsLocationProvider( 1542): No APN found to select.
D/PhoneInterfaceManager( 1838): [PhoneIntfMgr] getDataEnabled: subId=-1 phoneId=-1
E/PhoneInterfaceManager( 1838): [PhoneIntfMgr] getDataEnabled: no phone subId=-1 retVal=false
D/TelephonyManager( 1542): getDataEnabled: retVal=false
E/GpsLocationProvider( 1542): No APN found to select.
D/PhoneInterfaceManager( 1838): [PhoneIntfMgr] getDataEnabled: subId=-1 phoneId=-1
E/PhoneInterfaceManager( 1838): [PhoneIntfMgr] getDataEnabled: no phone subId=-1 retVal=false
D/TelephonyManager( 1542): getDataEnabled: retVal=false
E/GpsLocationProvider( 1542): No APN found to select.
D/GpsLocationProvider( 1542): NTP server returned: 1539950084034 (Fri Oct 19 19:54:44 GMT+08:00 2018) reference: 7737 certainty: 137 system time offset: -9481
D/gps_ld  ( 1542): serial_gps_inject_time: called
E/WifiStateMachine( 1542): WifiStateMachine CMD_START_SCAN source -2 txSuccessRate=-0.02 rxSuccessRate=-0.02 targetRoamBSSID=00:81:f2:0b:db:81 RSSI=-45
E/WifiStateMachine( 1542): WifiStateMachine L2Connected CMD_START_SCAN source -2 3, 4 -> obsolete
I/ActivityManager( 1542): START u0 {act=android.intent.action.MAIN cat=[android.intent.category.LAUNCHER] flg=0x10200000 cmp=de.robv.android.xposed.installer/.WelcomeActivity bnds=[558,38][723,167] (has extras)} from uid 10020 on display 0
D/AudioTrack( 1542): use orig AudioTrack! mIsTimed=0 transferType=0 flags=4
V/WindowManager( 1542): addAppToken: AppWindowToken{2f56f830 token=Token{3a4ba173 ActivityRecord{3f9de9e2 u0 de.robv.android.xposed.installer/.WelcomeActivity t2}}} to stack=1 task=2 at 0
I/EmuCoreService( 1812): Broadcast action = android.intent.action.TOP_ACTIVITY_CHANGED
I/EmuCoreService( 1812): HostService Init inited = true
V/WindowManager( 1542): Adding window Window{3af59d48 u0 Starting de.robv.android.xposed.installer} at 2 of 5 (after Window{2b59091a u0 com.android.launcher3/com.android.launcher3.Launcher})
I/ActivityManager( 1542): Start proc 2153:de.robv.android.xposed.installer/u0a28 for activity de.robv.android.xposed.installer/.WelcomeActivity
D/libnativebridge( 2153): call UnloadNativeBridge! state=1
D/EGL_adreno( 1859): eglMakeCurrent: 0xadda95e0: ver 3 0 (tinfo 0xadc397b0)
E/XposedInstaller( 2153): Xposed Installer is outdated (resource string "installer_needs_update" is missing)
W/System.err( 2153): java.lang.Exception: denglibo Toast callstack! strTip=Please update Xposed Installer!
W/System.err( 2153): 	at android.widget.Toast.show(Toast.java:127)
W/System.err( 2153): 	at de.robv.android.xposed.XposedInit$12.afterHookedMethod(XposedInit.java:438)
W/System.err( 2153): 	at de.robv.android.xposed.XposedBridge.handleHookedMethod(XposedBridge.java:374)
W/System.err( 2153): 	at de.robv.android.xposed.installer.XposedApp.onCreate(<Xposed>)
W/System.err( 2153): 	at android.app.Instrumentation.callApplicationOnCreate(Instrumentation.java:1012)
W/System.err( 2153): 	at android.app.ActivityThread.handleBindApplication(ActivityThread.java:4553)
W/System.err( 2153): 	at de.robv.android.xposed.XposedBridge.invokeOriginalMethodNative(Native Method)
W/System.err( 2153): 	at de.robv.android.xposed.XposedBridge.handleHookedMethod(XposedBridge.java:360)
W/System.err( 2153): 	at android.app.ActivityThread.handleBindApplication(<Xposed>)
W/System.err( 2153): 	at android.app.ActivityThread.access$1500(ActivityThread.java:151)
W/System.err( 2153): 	at android.app.ActivityThread$H.handleMessage(ActivityThread.java:1364)
W/System.err( 2153): 	at android.os.Handler.dispatchMessage(Handler.java:102)
W/System.err( 2153): 	at android.os.Looper.loop(Looper.java:135)
W/System.err( 2153): 	at android.app.ActivityThread.main(ActivityThread.java:5254)
W/System.err( 2153): 	at java.lang.reflect.Method.invoke(Native Method)
W/System.err( 2153): 	at java.lang.reflect.Method.invoke(Method.java:372)
W/System.err( 2153): 	at com.android.internal.os.ZygoteInit$MethodAndArgsCaller.run(ZygoteInit.java:905)
W/System.err( 2153): 	at com.android.internal.os.ZygoteInit.main(ZygoteInit.java:700)
W/System.err( 2153): 	at de.robv.android.xposed.XposedBridge.main(XposedBridge.java:107)
I/art     ( 2153): Background sticky concurrent mark sweep GC freed 17493(2011KB) AllocSpace objects, 5(80KB) LOS objects, 27% free, 4MB/6MB, paused 5.822ms total 10.995ms
D/ld_audio_hw( 1367): ld_start_output_stream, stream=0xb584a660, sampleRate =44100, channel=2, bps=16, bufSize=2048
D/OpenGLRenderer( 2153): Use EGL_SWAP_BEHAVIOR_PRESERVED: true
I/gralloc_x86( 2153): --denglibo-- fallback_init, force return by denglibo
I/HostConnection( 2153): HostConnection::HostConnection: pid=2153, tid=2153, this=0xb3d2b6a0
I/        ( 2153): fastpipe: Connect success
D/HostConnection( 2153): HostRPC::connect sucess: app=de.robv.android.xposed.installer, pid=2153, tid=2153, this=0xa374b000
D/HostConnection( 2153): queryAndSetGLESMaxVersion select gles-version: 3.0 hostGLVersion:43 process:de.robv.android.xposed.installer
I/        ( 2153): fastpipe: Connect success
D/HostConnection( 2153): recv ProcessPuidReply name=de.robv.android.xposed.installer puid=5
D/Atlas   ( 2153): Validating map...
V/WindowManager( 1542): Adding window Window{9ec12de u0 de.robv.android.xposed.installer/de.robv.android.xposed.installer.WelcomeActivity} at 2 of 6 (before Window{3af59d48 u0 Starting de.robv.android.xposed.installer})
I/HostConnection( 2153): HostConnection::HostConnection: pid=2153, tid=2173, this=0xadc6f3d0
I/        ( 2153): fastpipe: Connect success
D/HostConnection( 2153): HostRPC::connect sucess: app=de.robv.android.xposed.installer, pid=2153, tid=2173, this=0xadce2000
D/HostConnection( 2153): queryAndSetGLESMaxVersion select gles-version: 3.0 hostGLVersion:43 process:de.robv.android.xposed.installer
I/OpenGLRenderer( 2153): Initialized EGL, version 1.4
I/EGL_adreno( 2153): eglCreateContext request GLES major-version=2
D/EGL_adreno( 2153): eglCreateContext: 0xadc34a60: maj 3 min 0 rcv 3
D/EGL_adreno( 2153): eglMakeCurrent: 0xadc34a60: ver 3 0 (tinfo 0xadc39450)
D/HostConnection( 2153): ExtendedRCEncoderContext GL_VERSION return OpenGL ES 3.0 (4.3.0 - Build 10.18.14.4414)
D/OpenGLRenderer( 2153): Enabling debug mode 0
E/EGL_adreno( 2153): tid 2173: eglSurfaceAttrib(1266): error 0x3009 (EGL_BAD_MATCH)
W/OpenGLRenderer( 2153): Failed to set EGL_SWAP_BEHAVIOR on surface 0xadc7b240, error=EGL_BAD_MATCH
D/EGL_adreno( 2153): eglMakeCurrent: 0xadc34a60: ver 3 0 (tinfo 0xadc39450)
E/EGL_adreno( 2153): tid 2173: eglSurfaceAttrib(1266): error 0x3009 (EGL_BAD_MATCH)
W/OpenGLRenderer( 2153): Failed to set EGL_SWAP_BEHAVIOR on surface 0xadc7b260, error=EGL_BAD_MATCH
D/EGL_adreno( 2153): eglMakeCurrent: 0xadc34a60: ver 3 0 (tinfo 0xadc39450)
D/EGL_adreno( 2153): eglMakeCurrent: 0xadc34a60: ver 3 0 (tinfo 0xadc39450)
D/EGL_adreno( 2153): eglMakeCurrent: 0xadc34a60: ver 3 0 (tinfo 0xadc39450)
I/ActivityManager( 1542): Displayed de.robv.android.xposed.installer/.WelcomeActivity: +525ms
V/RenderScript( 2153): 0xaddfa800 Launching thread(s), CPUs 2
D/EGL_adreno( 2153): eglMakeCurrent: 0xadc34a60: ver 3 0 (tinfo 0xadc39450)
V/WindowManager( 1542): not Base app: Adding window Window{343ea4b7 u0 de.robv.android.xposed.installer/de.robv.android.xposed.installer.WelcomeActivity} at 4 of 8
E/EGL_adreno( 2153): tid 2173: eglSurfaceAttrib(1266): error 0x3009 (EGL_BAD_MATCH)
W/OpenGLRenderer( 2153): Failed to set EGL_SWAP_BEHAVIOR on surface 0xb3f8aa00, error=EGL_BAD_MATCH
D/EGL_adreno( 2153): eglMakeCurrent: 0xadc34a60: ver 3 0 (tinfo 0xadc39450)
D/EGL_adreno( 2153): eglMakeCurrent: 0xadc34a60: ver 3 0 (tinfo 0xadc39450)
D/EGL_adreno( 2153): eglMakeCurrent: 0xadc34a60: ver 3 0 (tinfo 0xadc39450)
D/EGL_adreno( 2153): eglMakeCurrent: 0xadc34a60: ver 3 0 (tinfo 0xadc39450)
D/EGL_adreno( 2153): eglMakeCurrent: 0xadc34a60: ver 3 0 (tinfo 0xadc39450)
D/EGL_adreno( 2153): eglMakeCurrent: 0xadc34a60: ver 3 0 (tinfo 0xadc39450)
D/EGL_adreno( 2153): eglMakeCurrent: 0xadc34a60: ver 3 0 (tinfo 0xadc39450)
D/EGL_adreno( 2153): eglMakeCurrent: 0xadc34a60: ver 3 0 (tinfo 0xadc39450)
D/EGL_adreno( 2153): eglMakeCurrent: 0xadc34a60: ver 3 0 (tinfo 0xadc39450)
D/EGL_adreno( 2153): eglMakeCurrent: 0xadc34a60: ver 3 0 (tinfo 0xadc39450)
D/EGL_adreno( 2153): eglMakeCurrent: 0xadc34a60: ver 3 0 (tinfo 0xadc39450)
D/EGL_adreno( 2153): eglMakeCurrent: 0xadc34a60: ver 3 0 (tinfo 0xadc39450)
D/EGL_adreno( 2153): eglMakeCurrent: 0xadc34a60: ver 3 0 (tinfo 0xadc39450)
D/EGL_adreno( 2153): eglMakeCurrent: 0xadc34a60: ver 3 0 (tinfo 0xadc39450)
D/EGL_adreno( 2153): eglMakeCurrent: 0xadc34a60: ver 3 0 (tinfo 0xadc39450)
D/EGL_adreno( 2153): eglMakeCurrent: 0xadc34a60: ver 3 0 (tinfo 0xadc39450)
D/EGL_adreno( 2153): eglMakeCurrent: 0xadc34a60: ver 3 0 (tinfo 0xadc39450)
D/AudioTrack( 1542): use orig AudioTrack! mIsTimed=0 transferType=0 flags=4
D/EGL_adreno( 2153): eglMakeCurrent: 0xadc34a60: ver 3 0 (tinfo 0xadc39450)
D/EGL_adreno( 2153): eglMakeCurrent: 0xadc34a60: ver 3 0 (tinfo 0xadc39450)
D/AudioTrack( 1542): use orig AudioTrack! mIsTimed=0 transferType=0 flags=4
D/EGL_adreno( 2153): eglMakeCurrent: 0xadc34a60: ver 3 0 (tinfo 0xadc39450)
D/EGL_adreno( 2153): eglMakeCurrent: 0xadc34a60: ver 3 0 (tinfo 0xadc39450)
D/AudioTrack( 1542): use orig AudioTrack! mIsTimed=0 transferType=0 flags=4
D/EGL_adreno( 2153): eglMakeCurrent: 0xadc34a60: ver 3 0 (tinfo 0xadc39450)
D/EGL_adreno( 2153): eglMakeCurrent: 0xadc34a60: ver 3 0 (tinfo 0xadc39450)
D/EGL_adreno( 2153): eglMakeCurrent: 0xadc34a60: ver 3 0 (tinfo 0xadc39450)
D/EGL_adreno( 2153): eglMakeCurrent: 0xadc34a60: ver 3 0 (tinfo 0xadc39450)
D/AudioTrack( 1542): use orig AudioTrack! mIsTimed=0 transferType=0 flags=4
I/ActivityManager( 1542): START u0 {act=android.intent.action.MAIN cat=[android.intent.category.LAUNCHER] flg=0x10000000 pkg=com.example.spt_test.modifiyinformation cmp=com.example.spt_test.modifiyinformation/.MainActivity} from uid 10028 on display 0
V/WindowManager( 1542): addAppToken: AppWindowToken{5a773af token=Token{3a30ef8e ActivityRecord{3f4b8389 u0 com.example.spt_test.modifiyinformation/.MainActivity t3}}} to stack=1 task=3 at 0
V/WindowManager( 1542): Adding window Window{48c29a7 u0 Starting com.example.spt_test.modifiyinformation} at 3 of 6 (after Window{9ec12de u0 de.robv.android.xposed.installer/de.robv.android.xposed.installer.WelcomeActivity})
D/PermissionCache( 1361): checking android.permission.READ_FRAME_BUFFER for uid=1000 => granted (270 us)
I/HostConnection( 1542): HostConnection::HostConnection: pid=1542, tid=1557, this=0x9dc31e70
I/        ( 1542): fastpipe: Connect success
D/HostConnection( 1542): HostRPC::connect sucess: app=system_server, pid=1542, tid=1557, this=0x9dc81000
D/HostConnection( 1542): queryAndSetGLESMaxVersion select gles-version: 3.0 hostGLVersion:43 process:system_server
I/HostConnection( 1361): HostConnection::HostConnection: pid=1361, tid=2073, this=0xb5037470
I/        ( 1361): fastpipe: Connect success
D/HostConnection( 1361): HostRPC::connect sucess: app=/system/bin/surfaceflinger, pid=1361, tid=2073, this=0xb5169000
D/HostConnection( 1361): queryAndSetGLESMaxVersion select gles-version: 3.0 hostGLVersion:43 process:/system/bin/surfaceflinger
I/EmuCoreService( 1812): Broadcast action = android.intent.action.TOP_ACTIVITY_CHANGED
I/EmuCoreService( 1812): HostService Init inited = true
I/ActivityManager( 1542): Start proc 2184:com.example.spt_test.modifiyinformation/u0a29 for activity com.example.spt_test.modifiyinformation/.MainActivity
I/art     ( 2184): Late-enabling -Xcheck:jni
D/libnativebridge( 2184): call UnloadNativeBridge! state=1
I/ActivityManager( 1542): Waited long enough for: ServiceRecord{1ce2c3c2 u0 com.android.flysilkworm/.app.service.NotificationService}
I/ActivityManager( 1542): Waited long enough for: ServiceRecord{31cdb212 u0 com.android.flysilkworm/.app.service.AppAutoUpdateService}
D/EGL_adreno( 2153): eglMakeCurrent: 0xadc34a60: ver 3 0 (tinfo 0xadc39450)
D/OpenGLRenderer( 2153): endAllStagingAnimators on 0xa2114500 (CardView) with handle 0xa378e6e0
D/OpenGLRenderer( 2153): endAllStagingAnimators on 0xa2113700 (ListView) with handle 0xa378e2e0
I/InstantRun( 2184): starting instant run server: is main process
W/art     ( 2184): Before Android 4.1, method android.graphics.PorterDuffColorFilter android.support.graphics.drawable.VectorDrawableCompat.updateTintFilter(android.graphics.PorterDuffColorFilter, android.content.res.ColorStateList, android.graphics.PorterDuff$Mode) would have incorrectly overridden the package-private method in android.graphics.drawable.Drawable
W/System.err( 2184): java.lang.Exception: denglibo Toast callstack! strTip=imei:865166023625265
W/System.err( 2184): 	at android.widget.Toast.show(Toast.java:127)
W/System.err( 2184): 	at com.example.spt_test.modifiyinformation.MainActivity.onCreate(MainActivity.java:18)
W/System.err( 2184): 	at android.app.Activity.performCreate(Activity.java:5990)
W/System.err( 2184): 	at android.app.Instrumentation.callActivityOnCreate(Instrumentation.java:1106)
W/System.err( 2184): 	at android.app.ActivityThread.performLaunchActivity(ActivityThread.java:2278)
W/System.err( 2184): 	at android.app.ActivityThread.handleLaunchActivity(ActivityThread.java:2387)
W/System.err( 2184): 	at android.app.ActivityThread.access$800(ActivityThread.java:151)
W/System.err( 2184): 	at android.app.ActivityThread$H.handleMessage(ActivityThread.java:1303)
W/System.err( 2184): 	at android.os.Handler.dispatchMessage(Handler.java:102)
W/System.err( 2184): 	at android.os.Looper.loop(Looper.java:135)
W/System.err( 2184): 	at android.app.ActivityThread.main(ActivityThread.java:5254)
W/System.err( 2184): 	at java.lang.reflect.Method.invoke(Native Method)
W/System.err( 2184): 	at java.lang.reflect.Method.invoke(Method.java:372)
W/System.err( 2184): 	at com.android.internal.os.ZygoteInit$MethodAndArgsCaller.run(ZygoteInit.java:905)
W/System.err( 2184): 	at com.android.internal.os.ZygoteInit.main(ZygoteInit.java:700)
W/System.err( 2184): 	at de.robv.android.xposed.XposedBridge.main(XposedBridge.java:107)
D/OpenGLRenderer( 2184): Use EGL_SWAP_BEHAVIOR_PRESERVED: true
I/gralloc_x86( 2184): --denglibo-- fallback_init, force return by denglibo
I/HostConnection( 2184): HostConnection::HostConnection: pid=2184, tid=2184, this=0xa343c100
I/        ( 2184): fastpipe: Connect success
D/HostConnection( 2184): HostRPC::connect sucess: app=com.example.spt_test.modifiyinformation, pid=2184, tid=2184, this=0xa3434000
D/HostConnection( 2184): queryAndSetGLESMaxVersion select gles-version: 3.0 hostGLVersion:43 process:com.example.spt_test.modifiyinformation
I/        ( 2184): fastpipe: Connect success
D/HostConnection( 2184): recv ProcessPuidReply name=com.example.spt_test.modifiyinformation puid=6
D/Atlas   ( 2184): Validating map...
V/WindowManager( 1542): Adding window Window{3503ba4a u0 com.example.spt_test.modifiyinformation/com.example.spt_test.modifiyinformation.MainActivity} at 3 of 7 (before Window{48c29a7 u0 Starting com.example.spt_test.modifiyinformation})
I/HostConnection( 2184): HostConnection::HostConnection: pid=2184, tid=2201, this=0xb3d309c0
I/        ( 2184): fastpipe: Connect success
D/HostConnection( 2184): HostRPC::connect sucess: app=com.example.spt_test.modifiyinformation, pid=2184, tid=2201, this=0xb3f93000
D/HostConnection( 2184): queryAndSetGLESMaxVersion select gles-version: 3.0 hostGLVersion:43 process:com.example.spt_test.modifiyinformation
I/OpenGLRenderer( 2184): Initialized EGL, version 1.4
I/EGL_adreno( 2184): eglCreateContext request GLES major-version=2
D/EGL_adreno( 2184): eglCreateContext: 0xa340a100: maj 3 min 0 rcv 3
D/EGL_adreno( 2184): eglMakeCurrent: 0xa340a100: ver 3 0 (tinfo 0xb3f0c3b0)
D/HostConnection( 2184): ExtendedRCEncoderContext GL_VERSION return OpenGL ES 3.0 (4.3.0 - Build 10.18.14.4414)
D/OpenGLRenderer( 2184): Enabling debug mode 0
E/EGL_adreno( 2184): tid 2201: eglSurfaceAttrib(1266): error 0x3009 (EGL_BAD_MATCH)
W/OpenGLRenderer( 2184): Failed to set EGL_SWAP_BEHAVIOR on surface 0xb3ea1580, error=EGL_BAD_MATCH
D/EGL_adreno( 2184): eglMakeCurrent: 0xa340a100: ver 3 0 (tinfo 0xb3f0c3b0)
E/EGL_adreno( 2184): tid 2201: eglSurfaceAttrib(1266): error 0x3009 (EGL_BAD_MATCH)
W/OpenGLRenderer( 2184): Failed to set EGL_SWAP_BEHAVIOR on surface 0xb3ea15a0, error=EGL_BAD_MATCH
D/EGL_adreno( 2184): eglMakeCurrent: 0xa340a100: ver 3 0 (tinfo 0xb3f0c3b0)
W/art     ( 2184): Before Android 4.1, method int android.support.v7.widget.DropDownListView.lookForSelectablePosition(int, boolean) would have incorrectly overridden the package-private method in android.widget.ListView
D/EGL_adreno( 2184): eglMakeCurrent: 0xa340a100: ver 3 0 (tinfo 0xb3f0c3b0)
D/EGL_adreno( 2184): eglMakeCurrent: 0xa340a100: ver 3 0 (tinfo 0xb3f0c3b0)
I/ActivityManager( 1542): Displayed com.example.spt_test.modifiyinformation/.MainActivity: +638ms
V/RenderScript( 2184): 0xb3dc8e00 Launching thread(s), CPUs 2
W/ResourceType( 1649): No package identifier when getting value for resource number 0x00000000
W/PackageManager( 1649): Failure retrieving resources for de.robv.android.xposed.installer: Resource ID #0x0
D/EGL_adreno( 2184): eglMakeCurrent: 0xa340a100: ver 3 0 (tinfo 0xb3f0c3b0)
D/ld_audio_hw( 1367): lineFun, out_standby
D/ld_audio_hw( 1367): ld_close_output_stream, dev=0xb5875240, stream =0xb584a660
D/ld_audio_hw( 1367): ld_close_output_stream, stream=0xb584a660,  success!
I/HostConnection( 1542): HostConnection::HostConnection: pid=1542, tid=1827, this=0xb3ffca60
I/        ( 1542): fastpipe: Connect success
D/HostConnection( 1542): HostRPC::connect sucess: app=system_server, pid=1542, tid=1827, this=0x9df7e000
D/HostConnection( 1542): queryAndSetGLESMaxVersion select gles-version: 3.0 hostGLVersion:43 process:system_server
I/EmuCoreService( 1812): Broadcast action = android.intent.action.TOP_ACTIVITY_CHANGED
I/EmuCoreService( 1812): HostService Init inited = true
E/EGL_adreno( 2153): tid 2173: eglSurfaceAttrib(1266): error 0x3009 (EGL_BAD_MATCH)
W/OpenGLRenderer( 2153): Failed to set EGL_SWAP_BEHAVIOR on surface 0xadc7b520, error=EGL_BAD_MATCH
D/EGL_adreno( 2153): eglMakeCurrent: 0xadc34a60: ver 3 0 (tinfo 0xadc39450)
W/ResourceType( 1649): No package identifier when getting value for resource number 0x00000000
W/PackageManager( 1649): Failure retrieving resources for com.example.spt_test.modifiyinformation: Resource ID #0x0
I/EmuCoreService( 1812): Broadcast action = android.intent.action.TOP_ACTIVITY_CHANGED
I/EmuCoreService( 1812): HostService Init inited = true
E/EGL_adreno( 1859): tid 2068: eglSurfaceAttrib(1266): error 0x3009 (EGL_BAD_MATCH)
W/OpenGLRenderer( 1859): Failed to set EGL_SWAP_BEHAVIOR on surface 0xb3fedb40, error=EGL_BAD_MATCH
D/EGL_adreno( 1859): eglMakeCurrent: 0xadda95e0: ver 3 0 (tinfo 0xadc397b0)
W/Launcher( 1859): setApplicationContext called twice! old=com.android.launcher3.LauncherApplication@1cc10400 new=com.android.launcher3.LauncherApplication@1cc10400
D/EGL_adreno( 2153): eglMakeCurrent: 0xadc34a60: ver 3 0 (tinfo 0xadc39450)
D/AdHotSeatView( 1859): updateIconButton.
D/EGL_adreno( 1859): eglMakeCurrent: 0xadda95e0: ver 3 0 (tinfo 0xadc397b0)
D/EGL_adreno( 1859): eglMakeCurrent: 0xadda95e0: ver 3 0 (tinfo 0xadc397b0)
D/EGL_adreno( 1859): eglMakeCurrent: 0xadda95e0: ver 3 0 (tinfo 0xadc397b0)
W/OpenGLRenderer( 1859): Incorrectly called buildLayer on View: ShortcutAndWidgetContainer, destroying layer...
D/EGL_adreno( 1859): eglMakeCurrent: 0xadda95e0: ver 3 0 (tinfo 0xadc397b0)
I/ActivityManager( 1542): START u0 {act=android.intent.action.MAIN cat=[android.intent.category.LAUNCHER] flg=0x10200000 cmp=com.example.spt_test.testapk/.MainActivity bnds=[888,38][1053,167] (has extras)} from uid 10020 on display 0
D/AudioTrack( 1542): use orig AudioTrack! mIsTimed=0 transferType=0 flags=4
V/WindowManager( 1542): addAppToken: AppWindowToken{a5206b4 token=Token{b0f8787 ActivityRecord{d900bc6 u0 com.example.spt_test.testapk/.MainActivity t4}}} to stack=1 task=4 at 0
V/WindowManager( 1542): Adding window Window{2aeb784c u0 Starting com.example.spt_test.testapk} at 2 of 5 (after Window{2b59091a u0 com.android.launcher3/com.android.launcher3.Launcher})
I/EmuCoreService( 1812): Broadcast action = android.intent.action.TOP_ACTIVITY_CHANGED
I/EmuCoreService( 1812): HostService Init inited = true
I/ActivityManager( 1542): Start proc 2211:com.example.spt_test.testapk/u0a30 for activity com.example.spt_test.testapk/.MainActivity
D/ld_audio_hw( 1367): ld_start_output_stream, stream=0xb584a660, sampleRate =44100, channel=2, bps=16, bufSize=2048
I/art     ( 2211): Late-enabling -Xcheck:jni
D/libnativebridge( 2211): call UnloadNativeBridge! state=1
D/EGL_adreno( 1859): eglMakeCurrent: 0xadda95e0: ver 3 0 (tinfo 0xadc397b0)
I/InstantRun( 2211): starting instant run server: is main process
W/art     ( 2211): Before Android 4.1, method android.graphics.PorterDuffColorFilter android.support.graphics.drawable.VectorDrawableCompat.updateTintFilter(android.graphics.PorterDuffColorFilter, android.content.res.ColorStateList, android.graphics.PorterDuff$Mode) would have incorrectly overridden the package-private method in android.graphics.drawable.Drawable
I/InputDispatcher( 1542): Dropping event because there is no touchable window at (987, 95).
W/System.err( 2211): java.lang.Exception: denglibo Toast callstack! strTip=imei:865166023625265
W/System.err( 2211): 	at android.widget.Toast.show(Toast.java:127)
W/System.err( 2211): 	at com.example.spt_test.testapk.MainActivity.onCreate(MainActivity.java:16)
W/System.err( 2211): 	at android.app.Activity.performCreate(Activity.java:5990)
W/System.err( 2211): 	at android.app.Instrumentation.callActivityOnCreate(Instrumentation.java:1106)
W/System.err( 2211): 	at android.app.ActivityThread.performLaunchActivity(ActivityThread.java:2278)
W/System.err( 2211): 	at android.app.ActivityThread.handleLaunchActivity(ActivityThread.java:2387)
W/System.err( 2211): 	at android.app.ActivityThread.access$800(ActivityThread.java:151)
W/System.err( 2211): 	at android.app.ActivityThread$H.handleMessage(ActivityThread.java:1303)
W/System.err( 2211): 	at android.os.Handler.dispatchMessage(Handler.java:102)
W/System.err( 2211): 	at android.os.Looper.loop(Looper.java:135)
W/System.err( 2211): 	at android.app.ActivityThread.main(ActivityThread.java:5254)
W/System.err( 2211): 	at java.lang.reflect.Method.invoke(Native Method)
W/System.err( 2211): 	at java.lang.reflect.Method.invoke(Method.java:372)
W/System.err( 2211): 	at com.android.internal.os.ZygoteInit$MethodAndArgsCaller.run(ZygoteInit.java:905)
W/System.err( 2211): 	at com.android.internal.os.ZygoteInit.main(ZygoteInit.java:700)
W/System.err( 2211): 	at de.robv.android.xposed.XposedBridge.main(XposedBridge.java:107)
D/OpenGLRenderer( 2211): Use EGL_SWAP_BEHAVIOR_PRESERVED: true
I/gralloc_x86( 2211): --denglibo-- fallback_init, force return by denglibo
I/HostConnection( 2211): HostConnection::HostConnection: pid=2211, tid=2211, this=0xa34090b0
I/        ( 2211): fastpipe: Connect success
D/HostConnection( 2211): HostRPC::connect sucess: app=com.example.spt_test.testapk, pid=2211, tid=2211, this=0xb3f70000
D/HostConnection( 2211): queryAndSetGLESMaxVersion select gles-version: 3.0 hostGLVersion:43 process:com.example.spt_test.testapk
I/        ( 2211): fastpipe: Connect success
D/HostConnection( 2211): recv ProcessPuidReply name=com.example.spt_test.testapk puid=7
D/Atlas   ( 2211): Validating map...
V/WindowManager( 1542): Adding window Window{2d67a111 u0 com.example.spt_test.testapk/com.example.spt_test.testapk.MainActivity} at 2 of 6 (before Window{2aeb784c u0 Starting com.example.spt_test.testapk})
I/HostConnection( 2211): HostConnection::HostConnection: pid=2211, tid=2228, this=0xb3d2f8d0
I/        ( 2211): fastpipe: Connect success
D/HostConnection( 2211): HostRPC::connect sucess: app=com.example.spt_test.testapk, pid=2211, tid=2228, this=0xb3fa4000
D/HostConnection( 2211): queryAndSetGLESMaxVersion select gles-version: 3.0 hostGLVersion:43 process:com.example.spt_test.testapk
I/OpenGLRenderer( 2211): Initialized EGL, version 1.4
I/EGL_adreno( 2211): eglCreateContext request GLES major-version=2
D/EGL_adreno( 2211): eglCreateContext: 0xa3434100: maj 3 min 0 rcv 3
D/EGL_adreno( 2211): eglMakeCurrent: 0xa3434100: ver 3 0 (tinfo 0xb3f0c330)
D/HostConnection( 2211): ExtendedRCEncoderContext GL_VERSION return OpenGL ES 3.0 (4.3.0 - Build 10.18.14.4414)
D/OpenGLRenderer( 2211): Enabling debug mode 0
E/EGL_adreno( 2211): tid 2228: eglSurfaceAttrib(1266): error 0x3009 (EGL_BAD_MATCH)
W/OpenGLRenderer( 2211): Failed to set EGL_SWAP_BEHAVIOR on surface 0xb3ee05e0, error=EGL_BAD_MATCH
D/EGL_adreno( 2211): eglMakeCurrent: 0xa3434100: ver 3 0 (tinfo 0xb3f0c330)
E/EGL_adreno( 2211): tid 2228: eglSurfaceAttrib(1266): error 0x3009 (EGL_BAD_MATCH)
W/OpenGLRenderer( 2211): Failed to set EGL_SWAP_BEHAVIOR on surface 0xb3ee0600, error=EGL_BAD_MATCH
D/EGL_adreno( 2211): eglMakeCurrent: 0xa3434100: ver 3 0 (tinfo 0xb3f0c330)
W/art     ( 2211): Before Android 4.1, method int android.support.v7.widget.DropDownListView.lookForSelectablePosition(int, boolean) would have incorrectly overridden the package-private method in android.widget.ListView
D/EGL_adreno( 2211): eglMakeCurrent: 0xa3434100: ver 3 0 (tinfo 0xb3f0c330)
