I/ActivityManager( 1542): Start proc 1838:com.android.phone/1001 for added application com.android.phone
I/ActivityManager( 1542): START u0 {act=android.intent.action.MAIN cat=[android.intent.category.HOME] flg=0x10000000 cmp=com.android.launcher3/.Launcher} from uid 0 on display 0
V/WindowManager( 1542): addAppToken: AppWindowToken{171640e0 token=Token{27acdee3 ActivityRecord{3050f712 u0 com.android.launcher3/.Launcher t1}}} to stack=0 task=1 at 0
D/NuPlayerDriver( 1367): start(0xb584eca0)
I/GenericSource( 1367): start
D/NuPlayerDriver( 1367): reset(0xb584ef40)
D/NuPlayerDriver( 1367): notifyResetComplete(0xb584ef40)
D/NuPlayerDriver( 1367): reset(0xb584eca0)
D/NuPlayerDriver( 1367): notifyResetComplete(0xb584eca0)
I/FFmpegExtractor( 1367): android-source:0xb584f700
D/libnativebridge( 1838): call UnloadNativeBridge! state=1
I/ActivityManager( 1542): Start proc 1859:com.android.launcher3/u0a20 for activity com.android.launcher3/.Launcher
D/FFMPEG  ( 1367): android source begin open
D/FFMPEG  ( 1367): android open, url: android-source:0xb584f700
D/FFMPEG  ( 1367): ffmpeg open android data source success, source ptr: 0xb584f700
D/FFMPEG  ( 1367): android source open success
V/ActivityManager( 1542): Display changed displayId=0
I/FFMPEG  ( 1367): Input #0, ogg, from 'android-source:0xb584f700':
I/FFMPEG  ( 1367):   Duration: 00:00:00.11, start: 0.000000, bitrate: 477 kb/s
I/FFMPEG  ( 1367):     Stream #0:0: Audio: vorbis, 44100 Hz, stereo, fltp, 160 kb/s
I/FFmpegExtractor( 1367): FFmpegExtrator, url: android-source:0xb584f700, format_name: ogg, format_long_name: Ogg
I/FFmpegExtractor( 1367): list the formats suppoted by ffmpeg: 
I/FFmpegExtractor( 1367): ========================================
I/FFmpegExtractor( 1367): ========================================
I/FFmpegExtractor( 1367): adjust mime(application/ogg -> audio/vorbis)
D/FFmpegExtractor( 1367): suppoted codec(vorbis) by official Stagefright
D/FFMPEG  ( 1367): android source close
I/FFmpegExtractor( 1367): sniff through BetterSniffFFMPEG success
D/FFmpegExtractor( 1367): ffmpeg detected media content as 'audio/vorbis' with confidence 0.08
V/ActivityManager( 1542): Display changed displayId=0
V/ActivityManager( 1542): Display changed displayId=0
D/WifiScanningService( 1542): SCAN_AVAILABLE : 1
D/RttService( 1542): SCAN_AVAILABLE : 1
D/WifiScanningService( 1542): DefaultState got{ when=0 what=160007 target=com.android.internal.util.StateMachine$SmHandler }
D/RttService( 1542): DefaultState got{ when=0 what=160513 target=com.android.internal.util.StateMachine$SmHandler }
D/NuPlayerDriver( 1367): start(0xb402f1c0)
I/GenericSource( 1367): start
W/ActivityManager( 1542): Unable to start service Intent { cmp=com.android.printspooler/.model.PrintSpoolerService } U=0: not found
D/NuPlayerDriver( 1367): reset(0xb402f1c0)
I/EmuCoreService( 1812): Broadcast action = android.intent.action.TOP_ACTIVITY_CHANGED
D/NuPlayerDriver( 1367): notifyResetComplete(0xb402f1c0)
I/EmuCoreService( 1812): CoreService create!
I/EmuCoreService( 1812): HostService Init inited = false
I/EmuCoreService( 1812):  Listener running !
I/EmuCoreService( 1812): HostService Init inited = true
I/        ( 1812): fastpipe: Connect success
D/libnativebridge( 1859): call UnloadNativeBridge! state=1
I/FFmpegExtractor( 1367): android-source:0xb584f940
D/FFMPEG  ( 1367): android source begin open
D/FFMPEG  ( 1367): android open, url: android-source:0xb584f940
D/FFMPEG  ( 1367): ffmpeg open android data source success, source ptr: 0xb584f940
D/FFMPEG  ( 1367): android source open success
I/FFMPEG  ( 1367): Input #0, ogg, from 'android-source:0xb584f940':
I/FFMPEG  ( 1367):   Duration: 00:00:00.07, start: 0.000000, bitrate: 683 kb/s
I/FFMPEG  ( 1367):     Stream #0:0: Audio: vorbis, 44100 Hz, stereo, fltp, 160 kb/s
I/FFmpegExtractor( 1367): FFmpegExtrator, url: android-source:0xb584f940, format_name: ogg, format_long_name: Ogg
I/FFmpegExtractor( 1367): list the formats suppoted by ffmpeg: 
I/FFmpegExtractor( 1367): ========================================
I/FFmpegExtractor( 1367): ========================================
I/FFmpegExtractor( 1367): adjust mime(application/ogg -> audio/vorbis)
D/FFmpegExtractor( 1367): suppoted codec(vorbis) by official Stagefright
D/FFMPEG  ( 1367): android source close
I/FFmpegExtractor( 1367): sniff through BetterSniffFFMPEG success
D/FFmpegExtractor( 1367): ffmpeg detected media content as 'audio/vorbis' with confidence 0.08
D/NuPlayerDriver( 1367): start(0xb584edc0)
I/GenericSource( 1367): start
D/NuPlayerDriver( 1367): reset(0xb584edc0)
D/NuPlayerDriver( 1367): notifyResetComplete(0xb584edc0)
I/FFmpegExtractor( 1367): android-source:0xb584f700
D/FFMPEG  ( 1367): android source begin open
D/FFMPEG  ( 1367): android open, url: android-source:0xb584f700
D/FFMPEG  ( 1367): ffmpeg open android data source success, source ptr: 0xb584f700
D/FFMPEG  ( 1367): android source open success
I/FFMPEG  ( 1367): Input #0, ogg, from 'android-source:0xb584f700':
I/FFMPEG  ( 1367):   Duration: 00:00:00.18, start: 0.000000, bitrate: 431 kb/s
I/FFMPEG  ( 1367):     Stream #0:0: Audio: vorbis, 44100 Hz, mono, fltp, 239 kb/s
I/FFMPEG  ( 1367):     Metadata:
I/FFMPEG  ( 1367):       ARTIST          : Copyright 2013 Android Open Source Project
I/FFmpegExtractor( 1367): FFmpegExtrator, url: android-source:0xb584f700, format_name: ogg, format_long_name: Ogg
I/FFmpegExtractor( 1367): list the formats suppoted by ffmpeg: 
I/FFmpegExtractor( 1367): ========================================
I/FFmpegExtractor( 1367): ========================================
I/FFmpegExtractor( 1367): adjust mime(application/ogg -> audio/vorbis)
D/FFmpegExtractor( 1367): suppoted codec(vorbis) by official Stagefright
D/FFMPEG  ( 1367): android source close
I/FFmpegExtractor( 1367): sniff through BetterSniffFFMPEG success
D/FFmpegExtractor( 1367): ffmpeg detected media content as 'audio/vorbis' with confidence 0.08
D/ConnectivityService( 1542): registerNetworkAgent NetworkAgentInfo{ ni{[type: Ethernet[], state: CONNECTED/CONNECTED, reason: (unspecified), extra: 00:db:bc:0b:81:f2, roaming: false, failover: false, isAvailable: true, isConnectedToProvisioningNetwork: false]}  network{null}  lp{{InterfaceName: eth0 LinkAddresses: [172.16.2.15/24,]  Routes: [172.16.2.0/24 -> 0.0.0.0 eth0,0.0.0.0/0 -> 172.16.2.2 eth0,] DnsAddresses: [192.168.8.8,114.114.114.114,] Domains: thundersoft.com MTU: 0 TcpBufferSizes: 524288,1048576,3145728,524288,1048576,2097152}}  nc{[ Transports: ETHERNET Capabilities: INTERNET&NOT_RESTRICTED&TRUSTED&NOT_VPN LinkUpBandwidth>=100000Kbps LinkDnBandwidth>=100000Kbps]}  Score{10}  everValidated{false}  lastValidated{false}  created{false}  explicitlySelected{false} }
D/NuPlayerDriver( 1367): start(0xb402f340)
I/GenericSource( 1367): start
D/ConnectivityService( 1542): NetworkAgentInfo [Ethernet () - 100] EVENT_NETWORK_INFO_CHANGED, going from null to CONNECTED
D/ConnectivityService( 1542): Adding iface eth0 to network 100
D/NuPlayerDriver( 1367): reset(0xb402f340)
E/ConnectivityService( 1542): Unexpected mtu value: 0, eth0
D/ConnectivityService( 1542): Adding Route [172.16.2.0/24 -> 0.0.0.0 eth0] to network 100
D/ConnectivityService( 1542): Adding Route [0.0.0.0/0 -> 172.16.2.2 eth0] to network 100
W/ALooperRoster( 1367): failed to deliver message. Target handler 93 registered, but object gone.
D/NuPlayerDriver( 1367): notifyResetComplete(0xb402f340)
D/ConnectivityService( 1542): Setting Dns servers for network 100 to [/192.168.8.8, /114.114.114.114, /119.29.29.29]
D/ConnectivityService( 1542): notifyType IP_CHANGED for NetworkAgentInfo [Ethernet () - 100]
D/ConnectivityService( 1542): notifyType PRECHECK for NetworkAgentInfo [Ethernet () - 100]
D/ConnectivityService( 1542): rematching NetworkAgentInfo [Ethernet () - 100]
D/ConnectivityService( 1542):    accepting network in place of null
D/ConnectivityService( 1542): Switching to new default network: NetworkAgentInfo{ ni{[type: Ethernet[], state: CONNECTED/CONNECTED, reason: (unspecified), extra: 00:db:bc:0b:81:f2, roaming: false, failover: false, isAvailable: true, isConnectedToProvisioningNetwork: false]}  network{100}  lp{{InterfaceName: eth0 LinkAddresses: [172.16.2.15/24,]  Routes: [172.16.2.0/24 -> 0.0.0.0 eth0,0.0.0.0/0 -> 172.16.2.2 eth0,] DnsAddresses: [192.168.8.8,114.114.114.114,] Domains: thundersoft.com MTU: 0 TcpBufferSizes: 524288,1048576,3145728,524288,1048576,2097152}}  nc{[ Transports: ETHERNET Capabilities: INTERNET&NOT_RESTRICTED&TRUSTED&NOT_VPN LinkUpBandwidth>=100000Kbps LinkDnBandwidth>=100000Kbps]}  Score{10}  everValidated{false}  lastValidated{false}  created{true}  explicitlySelected{false} }
D/NetworkManagementService( 1542): denglibo call setDefaultNetId! netId=100
D/NetworkMonitor/NetworkAgentInfo [Ethernet () - 100]( 1542): DefaultState{ when=0 what=532481 target=com.android.internal.util.StateMachine$SmHandler }
D/NetworkMonitor/NetworkAgentInfo [Ethernet () - 100]( 1542): Connected
D/NetworkMonitor/NetworkAgentInfo [Ethernet () - 100]( 1542): EvaluatingState{ when=0 what=532486 arg1=1 target=com.android.internal.util.StateMachine$SmHandler }
D/NetworkMonitor/NetworkAgentInfo [Ethernet () - 100]( 1542): Validated
D/ConnectivityService( 1542): Setting tx/rx TCP buffers to 524288,1048576,3145728,524288,1048576,2097152
D/ConnectivityService( 1542): notifyType AVAILABLE for NetworkAgentInfo [Ethernet () - 100]
D/CSLegacyTypeTracker( 1542): Sending connected broadcast for type 9 NetworkAgentInfo [Ethernet () - 100] isDefaultNetwork=true
D/ConnectivityService( 1542): sendStickyBroadcast: action=android.net.conn.CONNECTIVITY_CHANGE_IMMEDIATE
D/ConnectivityService( 1542): sendStickyBroadcast: action=android.net.conn.CONNECTIVITY_CHANGE
D/ConnectivityService( 1542): setProvNotificationVisibleIntent: E visible=false networkType=0 extraInfo=null
D/ConnectivityService( 1542): Validated NetworkAgentInfo [Ethernet () - 100]
D/ConnectivityService( 1542): rematching NetworkAgentInfo [Ethernet () - 100]
D/ConnectivityService( 1542): Network NetworkAgentInfo [Ethernet () - 100] was already satisfying request 1. No change.
D/ConnectivityService( 1542): notifyType AVAILABLE for NetworkAgentInfo [Ethernet () - 100]
D/ConnectivityService( 1542): sendStickyBroadcast: action=android.net.conn.INET_CONDITION_ACTION
I/Telecom ( 1542): TelecomGlobals: TelecomGlobals initializing
D/WifiController( 1542): DEFERRED_TOGGLE handled
I/LdWifi  ( 1542): call wifi_load_driver!
D/NetworkManagementService( 1542): denglibo setInterfaceDown: wlan0
D/Launcher.LauncherProvider( 1859): 11683562 - initializeMaxScreenId(): 3
E/ProbeModule( 1913): insmod: Failed to load module file [/system/lib/modules/4.0.9-android-x86/kernel/net/wireless/cfg80211.ko]
E/ProbeModule( 1913): insmod_by_dep: cannot load module: [netdev-wlan0]
I/ActivityManager( 1542): Start proc 1914:android.process.acore/u0a1 for content provider com.android.providers.contacts/.CallLogProvider
D/BluetoothManagerService( 1542): Trying to bind to profile: 1, while Bluetooth was disabled
D/BluetoothManagerService( 1542): Message: 30
V/Launcher( 1859): LauncherAppState inited
I/Telecom ( 1542): TelecomGlobals: CallsManager initialized
W/ContextImpl( 1542): Calling a method in the system process without a qualified user: android.app.ContextImpl.startService:1692 android.content.ContextWrapper.startService:516 com.android.server.telecom.BluetoothPhoneService.start:440 com.android.server.telecom.TelecomGlobals.initialize:93 com.android.server.telecom.TelecomService.onCreate:164 
E/ProbeModule( 1919): insmod_by_dep: cannot load module: [wlan0]
D/ZenLog  ( 1542): downtime: Autotrigger skipped: not in downtime
D/libnativebridge( 1914): call UnloadNativeBridge! state=1
W/ResourcesManager( 1542): Asset path '/system/framework/com.android.location.provider.jar' does not exist or contains no resources.
D/GpsNetInitiatedHandler( 1542): location enabled :true
V/WiredAccessoryManager( 1542): notifyWiredAccessoryChanged: when=0 bits= mask=54
V/WiredAccessoryManager( 1542): newName=h2w newState=0 headsetState=0 prev headsetState=0
E/WiredAccessoryManager( 1542): No state change.
V/WiredAccessoryManager( 1542): init()
W/AppWidgetServiceImpl( 1542): Failed to read state: java.io.FileNotFoundException: /data/system/users/0/appwidgets.xml: open failed: ENOENT (No such file or directory)
V/AppWidgetServiceImpl( 1542): Upgrading widget database from 0 to 1
D/BluetoothManagerService( 1542): Message: 300
D/BluetoothManagerService( 1542): MESSAGE_USER_SWITCHED
D/PermissionCache( 1361): checking android.permission.HARDWARE_TEST for uid=1000 => granted (862 us)
E/ProbeModule( 1923): insmod: Failed to load module file [/system/lib/modules/4.0.9-android-x86/kernel/net/wireless/cfg80211.ko]
E/ProbeModule( 1923): insmod_by_dep: cannot load module: [netdev-wlan0]
D/BlueZ   ( 1367): external/bluetooth/bluez/android/hal-audio.c:audio_set_mic_mute() 
E/ProbeModule( 1938): insmod_by_dep: cannot load module: [wlan0]
D/Launcher.Model( 1859): Old launcher provider: content://com.android.launcher2.settings/favorites?notify=true
D/Launcher.Model( 1859): Old launcher provider does not exist.
E/ProbeModule( 1941): insmod: Failed to load module file [/system/lib/modules/4.0.9-android-x86/kernel/net/wireless/cfg80211.ko]
W/Launcher( 1859): setApplicationContext called twice! old=com.android.launcher3.LauncherApplication@1cc10400 new=com.android.launcher3.LauncherApplication@1cc10400
E/ProbeModule( 1941): insmod_by_dep: cannot load module: [netdev-wlan0]
D/TelephonyProvider( 1838): dbh.onOpen: ok, queried table=siminfo
D/TelephonyProvider( 1838): dbh.onOpen: ok, queried table=carriers
E/ProbeModule( 1944): insmod_by_dep: cannot load module: [wlan0]
V/BackupManagerService( 1542): Connected to transport ComponentInfo{android/com.android.internal.backup.LocalTransportService}
V/BackupManagerService( 1542): Registering transport android/com.android.internal.backup.LocalTransportService::android/com.android.internal.backup.LocalTransport = android.app.backup.BackupTransport$TransportImpl@37fd0ceb
I/HostConnection( 1361): HostConnection::HostConnection: pid=1361, tid=1589, this=0xb6850470
I/        ( 1361): fastpipe: Connect success
D/HostConnection( 1361): HostRPC::connect sucess: app=/system/bin/surfaceflinger, pid=1361, tid=1589, this=0xb6b11000
D/HostConnection( 1361): queryAndSetGLESMaxVersion select gles-version: 3.0 hostGLVersion:43 process:/system/bin/surfaceflinger
I/HostConnection( 1542): HostConnection::HostConnection: pid=1542, tid=1542, this=0xa11e2ab0
I/        ( 1542): fastpipe: Connect success
D/HostConnection( 1542): HostRPC::connect sucess: app=system_server, pid=1542, tid=1542, this=0xb3de9000
D/HostConnection( 1542): queryAndSetGLESMaxVersion select gles-version: 3.0 hostGLVersion:43 process:system_server
E/ProbeModule( 1947): insmod: Failed to load module file [/system/lib/modules/4.0.9-android-x86/kernel/net/wireless/cfg80211.ko]
E/ProbeModule( 1947): insmod_by_dep: cannot load module: [netdev-wlan0]
D/Tethering( 1542): MasterInitialState.processMessage what=3
D/BluetoothManagerService( 1542): Trying to bind to profile: 1, while Bluetooth was disabled
D/BluetoothManagerService( 1542): Message: 30
D/VolumeUI( 1649): Registering volume controller
E/ProbeModule( 1952): insmod_by_dep: cannot load module: [wlan0]
W/CommandListener( 1363): Failed to retrieve HW addr for wlan0 (No such device)
D/CommandListener( 1363): Setting iface cfg
I/ActivityManager( 1542): Start proc 1964:android.process.media/u0a3 for broadcast com.android.providers.downloads/.DownloadReceiver
D/AdHotSeatView( 1859): resetLayout
I/art     ( 1371): Explicit concurrent mark sweep GC freed 703(30KB) AllocSpace objects, 0(0B) LOS objects, 39% free, 4MB/6MB, paused 68us total 4.010ms
E/DcSwitchStateMachine-0( 1838): DctController is not ready
E/ConnectivityService( 1542): Failed to find Messenger in unregisterNetworkFactory
D/ConnectivityService( 1542): Got NetworkFactory Messenger for Telephony
W/ResourceType( 1859): Attempt to retrieve bag 0x7f0d0008 which is invalid or in a cycle.
I/art     ( 1371): Explicit concurrent mark sweep GC freed 5(160B) AllocSpace objects, 0(0B) LOS objects, 39% free, 4MB/6MB, paused 62us total 4.855ms
D/libnativebridge( 1964): call UnloadNativeBridge! state=1
I/art     ( 1371): Explicit concurrent mark sweep GC freed 5(160B) AllocSpace objects, 0(0B) LOS objects, 39% free, 4MB/6MB, paused 67us total 3.420ms
E/ProbeModule( 1960): insmod: Failed to load module file [/system/lib/modules/4.0.9-android-x86/kernel/net/wireless/cfg80211.ko]
W/Searchables( 1542): No global search activity found
E/ProbeModule( 1960): insmod_by_dep: cannot load module: [netdev-wlan0]
D/BluetoothManagerService( 1542): Message: 20
D/BluetoothManagerService( 1542): Added callback: android.bluetooth.IBluetoothManagerCallback$Stub$Proxy@10f10ebb:true
D/BluetoothManagerService( 1542): Message: 30
D/BluetoothManagerService( 1542): Trying to bind to profile: 1, while Bluetooth was disabled
D/Launcher.Model( 1859): 11683562 - loadWorkspace()
I/StatusBarManagerService( 1542): registerStatusBar bar=com.android.internal.statusbar.IStatusBar$Stub$Proxy@fdab184
D/Launcher.Model( 1859): 11683562 -   loadedOldDb: false
W/Launcher( 1859): setApplicationContext called twice! old=com.android.launcher3.LauncherApplication@1cc10400 new=com.android.launcher3.LauncherApplication@1cc10400
E/ProbeModule( 1985): insmod_by_dep: cannot load module: [wlan0]
E/WifiStateMachine( 1542): Unable to change interface settings: java.lang.IllegalStateException: command '18 interface setcfg wlan0 0.0.0.0 0 down' failed with '400 18 Failed to set address (No such device)'
D/WifiMonitor( 1542): denglibo killSupplicant! p2pSupported=false
E/WifiMonitor( 1542): killSupplicant p2pfalse init.svc.wpa_supplicant=unknown init.svc.p2p_supplicant=unknown
D/WifiMonitor( 1542): startMonitoring(wlan0) with mConnected = false
D/WifiConfigStore( 1542): Loading config and enabling all networks 
W/LdWifi  ( 1542): denglibo wifi command unkown!!! cmd=IFNAME=wlan0 GET_NETWORK 0 wep_key0
W/LdWifi  ( 1542): denglibo wifi command unkown!!! cmd=IFNAME=wlan0 GET_NETWORK 0 wep_key1
W/LdWifi  ( 1542): denglibo wifi command unkown!!! cmd=IFNAME=wlan0 GET_NETWORK 0 wep_key2
W/LdWifi  ( 1542): denglibo wifi command unkown!!! cmd=IFNAME=wlan0 GET_NETWORK 0 wep_key3
W/LdWifi  ( 1542): denglibo wifi command unkown!!! cmd=IFNAME=wlan0 GET_NETWORK 0 psk
W/LdWifi  ( 1542): denglibo wifi command unkown!!! cmd=IFNAME=wlan0 GET_NETWORK 0 auth_alg
W/LdWifi  ( 1542): denglibo wifi command unkown!!! cmd=IFNAME=wlan0 GET_NETWORK 0 eap
W/LdWifi  ( 1542): denglibo wifi command unkown!!! cmd=IFNAME=wlan0 GET_NETWORK 0 phase2
W/LdWifi  ( 1542): denglibo wifi command unkown!!! cmd=IFNAME=wlan0 GET_NETWORK 0 identity
W/LdWifi  ( 1542): denglibo wifi command unkown!!! cmd=IFNAME=wlan0 GET_NETWORK 0 anonymous_identity
W/LdWifi  ( 1542): denglibo wifi command unkown!!! cmd=IFNAME=wlan0 GET_NETWORK 0 password
W/LdWifi  ( 1542): denglibo wifi command unkown!!! cmd=IFNAME=wlan0 GET_NETWORK 0 client_cert
W/LdWifi  ( 1542): denglibo wifi command unkown!!! cmd=IFNAME=wlan0 GET_NETWORK 0 ca_cert
W/LdWifi  ( 1542): denglibo wifi command unkown!!! cmd=IFNAME=wlan0 GET_NETWORK 0 subject_match
W/LdWifi  ( 1542): denglibo wifi command unkown!!! cmd=IFNAME=wlan0 GET_NETWORK 0 key_id
W/LdWifi  ( 1542): denglibo wifi command unkown!!! cmd=IFNAME=wlan0 GET_NETWORK 0 private_key
I/Telephony( 1838): TtyManager: updateUiTtyMode -1 -> 0
E/WifiConfigStore( 1542): Error parsing configuration: java.io.FileNotFoundException: /data/misc/wifi/ipconfig.txt: open failed: ENOENT (No such file or directory)
D/WifiNative-HAL( 1542): Setting external_sim to 1
D/WifiStateMachine( 1542): Setting OUI to DA-A1-19
I/WifiNative-HAL( 1542): startHal
E/wifi    ( 1542): getStaticLongField sWifiHalHandle 0xa01e183c
D/wifi    ( 1542): halHandle = 0x0, mVM = 0xb3c4d280, mCls = 0x100fea
I/WifiNative-HAL( 1542): Could not start hal
I/WifiNative-HAL( 1542): startHal
E/WifiStateMachine( 1542): cancelDelayedScan -> 1
D/WifiScanningService( 1542): SCAN_AVAILABLE : 3
D/RttService( 1542): SCAN_AVAILABLE : 3
D/WifiScanningService( 1542): DefaultState got{ when=0 what=160006 target=com.android.internal.util.StateMachine$SmHandler }
I/WifiNative-HAL( 1542): startHal
D/RttService( 1542): DefaultState got{ when=0 what=160512 target=com.android.internal.util.StateMachine$SmHandler }
E/WifiScanningService( 1542): could not start HAL
D/GpsLocationProvider( 1542): received SIM realted action: 
D/GpsLocationProvider( 1542): SIM MCC/MNC is available: 46000
D/GpsLocationProvider( 1542): Reset GPS properties, previous size = 8
D/GpsLocationProvider( 1542): GpsParamsResource: SUPL_HOST=supl.google.com
D/GpsLocationProvider( 1542): GpsParamsResource: SUPL_PORT=7275
D/GpsLocationProvider( 1542): GpsParamsResource: NTP_SERVER=north-america.pool.ntp.org
D/GpsLocationProvider( 1542): GpsParamsResource: SUPL_VER=0x20000
D/GpsLocationProvider( 1542): GpsParamsResource: SUPL_MODE=1
W/GpsLocationProvider( 1542): Could not open GPS configuration file /etc/gps.ld.conf
E/native  ( 1542): do suspend false
D/GpsLocationProvider( 1542): GPS properties reloaded, size = 8
E/GpsLocationProvider( 1542): no AGPS interface in set_agps_server
E/GpsLocationProvider( 1542): no GPS configuration interface in configuraiton_update
D/GpsLocationProvider( 1542): final config = #Fri Oct 19 19:54:44 GMT+08:00 2018
D/GpsLocationProvider( 1542): SUPL_VER=0x20000
D/GpsLocationProvider( 1542): SUPL_HOST=supl.google.com
D/GpsLocationProvider( 1542): XTRA_SERVER_3=http\://xtra3.gpsonextra.net/xtra.bin
D/GpsLocationProvider( 1542): XTRA_SERVER_1=http\://xtra1.gpsonextra.net/xtra.bin
D/GpsLocationProvider( 1542): SUPL_PORT=7275
D/GpsLocationProvider( 1542): XTRA_SERVER_2=http\://xtra2.gpsonextra.net/xtra.bin
D/GpsLocationProvider( 1542): NTP_SERVER=north-america.pool.ntp.org
D/GpsLocationProvider( 1542): SUPL_MODE=1
D/TelephonyDebugService( 1838): TelephonyDebugService()
I/art     ( 1859): Background sticky concurrent mark sweep GC freed 10711(1198KB) AllocSpace objects, 2(32KB) LOS objects, 0% free, 8MB/8MB, paused 35.288ms total 64.546ms
D/StrictMode( 1914): StrictMode policy violation; ~duration=2 ms: android.os.StrictMode$StrictModeDiskReadViolation: policy=31 violation=2
D/StrictMode( 1914): 	at android.os.StrictMode$AndroidBlockGuardPolicy.onReadFromDisk(StrictMode.java:1137)
D/StrictMode( 1914): 	at libcore.io.BlockGuardOs.stat(BlockGuardOs.java:292)
D/StrictMode( 1914): 	at java.io.File.lastModified(File.java:571)
D/StrictMode( 1914): 	at android.content.res.XResources.isFirstLoad(XResources.java:115)
D/StrictMode( 1914): 	at de.robv.android.xposed.XposedInit.cloneToXResources(XposedInit.java:396)
D/StrictMode( 1914): 	at de.robv.android.xposed.XposedInit.access$100(XposedInit.java:63)
D/StrictMode( 1914): 	at de.robv.android.xposed.XposedInit$9.afterHookedMethod(XposedInit.java:326)
D/StrictMode( 1914): 	at de.robv.android.xposed.XposedBridge.handleHookedMethod(XposedBridge.java:374)
D/StrictMode( 1914): 	at android.app.ResourcesManager.getTopLevelResources(<Xposed>)
D/StrictMode( 1914): 	at android.app.ActivityThread.getTopLevelResources(ActivityThread.java:1650)
D/StrictMode( 1914): 	at android.app.LoadedApk.getResources(LoadedApk.java:533)
D/StrictMode( 1914): 	at android.app.ContextImpl.<init>(ContextImpl.java:2287)
D/StrictMode( 1914): 	at android.app.ContextImpl.createPackageContextAsUser(ContextImpl.java:2164)
D/StrictMode( 1914): 	at android.app.ContextImpl.createPackageContext(ContextImpl.java:2148)
D/StrictMode( 1914): 	at android.content.ContextWrapper.createPackageContext(ContextWrapper.java:671)
D/StrictMode( 1914): 	at android.app.ActivityThread.installProvider(ActivityThread.java:4972)
D/StrictMode( 1914): 	at android.app.ActivityThread.installContentProviders(ActivityThread.java:4594)
D/StrictMode( 1914): 	at android.app.ActivityThread.handleBindApplication(ActivityThread.java:4534)
D/StrictMode( 1914): 	at de.robv.android.xposed.XposedBridge.invokeOriginalMethodNative(Native Method)
D/StrictMode( 1914): 	at de.robv.android.xposed.XposedBridge.handleHookedMethod(XposedBridge.java:360)
D/StrictMode( 1914): 	at android.app.ActivityThread.handleBindApplication(<Xposed>)
D/StrictMode( 1914): 	at android.app.ActivityThread.access$1500(ActivityThread.java:151)
D/StrictMode( 1914): 	at android.app.ActivityThread$H.handleMessage(ActivityThread.java:1364)
D/StrictMode( 1914): 	at android.os.Handler.dispatchMessage(Handler.java:102)
D/StrictMode( 1914): 	at android.os.Looper.loop(Looper.java:135)
D/StrictMode( 1914): 	at android.app.ActivityThread.main(ActivityThread.java:5254)
D/StrictMode( 1914): 	at java.lang.reflect.Method.invoke(Native Method)
D/StrictMode( 1914): 	at java.lang.reflect.Method.invoke(Method.java:372)
D/StrictMode( 1914): 	at com.android.internal.os.ZygoteInit$MethodAndArgsCaller.run(ZygoteInit.java:905)
D/StrictMode( 1914): 	at com.android.internal.os.ZygoteInit.main(ZygoteInit.java:700)
D/StrictMode( 1914): 	at de.robv.android.xposed.XposedBridge.main(XposedBridge.java:107)
E/Launcher( 1859): wallpaper:desiredMinimumWidth=1280
E/Launcher( 1859): wallpaper:desiredMinimumHeight=720
E/Launcher( 1859): wallpaper:bmp.W=1280
E/Launcher( 1859): wallpaper:bmp.H=720
E/SQLiteLog( 1964): (283) recovered 19 frames from WAL file /data/data/com.android.providers.media/databases/external.db-wal
D/WifiService( 1542): New client listening to asynchronous messages
D/WIFI    ( 1542): Registering NetworkFactory
D/WIFI_UT ( 1542): Registering NetworkFactory
D/ConnectivityService( 1542): Got NetworkFactory Messenger for WIFI
I/WifiNative-HAL( 1542): startHal
D/ConnectivityService( 1542): Got NetworkFactory Messenger for WIFI_UT
E/WifiStateMachine( 1542): denglibo mScanResults.size=1
E/WifiConfigStore( 1542):  rewrite network history for "BBCF2"NONE
D/WIFI    ( 1542): got request NetworkRequest [ id=1, legacyType=-1, [ Capabilities: INTERNET&NOT_RESTRICTED&TRUSTED&NOT_VPN] ] with score 50
D/WIFI_UT ( 1542): got request NetworkRequest [ id=1, legacyType=-1, [ Capabilities: INTERNET&NOT_RESTRICTED&TRUSTED&NOT_VPN] ] with score 50
I/Telephony( 1838): PstnIncomingCallNotifier: Registering: Handler (com.android.internal.telephony.gsm.GSMPhone) {147fa243}
I/ActivityManager( 1542): Start proc 2002:com.android.flysilkworm/u0a25 for broadcast com.android.flysilkworm/.app.service.PowerBootReceiver
D/AlarmManagerService( 1542): Setting time of day to sec=1539950084
D/libnativebridge( 2002): call UnloadNativeBridge! state=1
I/PackageManager( 1542): exec reulst= exit-code=1
I/ContactLocale( 1914): AddressBook Labels [zh-CN]: [, A, B, C, D, E, F, G, H, I, J, K, L, M, N, O, P, Q, R, S, T, U, V, W, X, Y, Z, Α, Β, Γ, Δ, Ε, Ζ, Η, Θ, Ι, Κ, Λ, Μ, Ν, Ξ, Ο, Π, Ρ, Σ, Τ, Υ, Φ, Χ, Ψ, Ω, , А, Б, В, Г, Д, Ђ, Е, Є, Ж, З, И, І, Ї, Й, Ј, К, Л, Љ, М, Н, Њ, О, П, Р, С, Т, Ћ, У, Ф, Х, Ц, Ч, Џ, Ш, Щ, Ю, Я, , א, ב, ג, ד, ה, ו, ז, ח, ט, י, כ, ל, מ, נ, ס, ע, פ, צ, ק, ר, ש, ת, , ا, ب, ت, ث, ج, ح, خ, د, ذ, ر, ز, س, ش, ص, ض, ط, ظ, ع, غ, ف, ق, ك, ل, م, ن, ه, و, ي, , ก, ข, ฃ, ค, ฅ, ฆ, ง, จ, ฉ, ช, ซ, ฌ, ญ, ฎ, ฏ, ฐ, ฑ, ฒ, ณ, ด, ต, ถ, ท, ธ, น, บ, ป, ผ, ฝ, พ, ฟ, ภ, ม, ย, ร, ฤ, ล, ฦ, ว, ศ, ษ, ส, ห, ฬ, อ, ฮ, , ㄱ, ㄴ, ㄷ, ㄹ, ㅁ, ㅂ, ㅅ, ㅇ, ㅈ, ㅊ, ㅋ, ㅌ, ㅍ, ㅎ, , あ, か, さ, た, な, は, ま, や, ら, わ, #, ]
W/art     ( 1914): Long monitor contention event with owner method=void java.lang.AbstractStringBuilder.<init>(int) from AbstractStringBuilder.java:84 waiters=0 for 103ms
D/Launcher.Model( 1859): 11683562 - loadWorkspaceScreensDb()
D/Launcher.Model( 1859): 11683562 -   screens: { 0: 3 }
D/Launcher.Model( 1859): 11683562 -   sBgWorkspaceScreens: 3
D/WifiService( 1542): New client listening to asynchronous messages
D/BluetoothManagerService( 1542): Message: 20
D/BluetoothManagerService( 1542): Added callback: android.bluetooth.IBluetoothManagerCallback$Stub$Proxy@1e00af4e:true
D/BluetoothAdapter( 1649): 1042517467: getState() :  mService = null. Returning STATE_OFF
D/BluetoothManagerService( 1542): Message: 30
E/BluetoothA2dp( 1649): Could not bind to Bluetooth A2DP Service with Intent { act=android.bluetooth.IBluetoothA2dp }
D/BluetoothAdapter( 1649): 1042517467: getState() :  mService = null. Returning STATE_OFF
D/BluetoothManagerService( 1542): Message: 30
E/BluetoothA2dpSink( 1649): Could not bind to Bluetooth A2DP Service with Intent { act=android.bluetooth.IBluetoothA2dpSink }
D/BluetoothManagerService( 1542): Message: 30
E/BluetoothAvrcpController( 1649): Could not bind to Bluetooth AVRCP Controller Service with Intent { act=android.bluetooth.IBluetoothAvrcpController }
D/BluetoothManagerService( 1542): Message: 30
D/BluetoothManagerService( 1542): Trying to bind to profile: 1, while Bluetooth was disabled
D/BluetoothManagerService( 1542): Message: 30
E/BluetoothHeadsetClient( 1649): Could not bind to Bluetooth Headset Client Service with Intent { act=android.bluetooth.IBluetoothHeadsetClient }
D/BluetoothManagerService( 1542): Message: 30
E/BluetoothInputDevice( 1649): Could not bind to Bluetooth HID Service with Intent { act=android.bluetooth.IBluetoothInputDevice }
D/BluetoothMap( 1649): Create BluetoothMap proxy object
D/BluetoothManagerService( 1542): Message: 30
E/BluetoothMap( 1649): Could not bind to Bluetooth MAP Service with Intent { act=android.bluetooth.IBluetoothMap }
E/BluetoothPan( 1649): Could not bind to Bluetooth Pan Service with Intent { act=android.bluetooth.IBluetoothPan }
D/ConnectivityService( 1542): listenForNetwork for NetworkRequest [ id=2, legacyType=-1, [] ]
D/ConnectivityService( 1542): handleRegisterNetworkRequest checking NetworkAgentInfo [Ethernet () - 100]
D/ConnectivityService( 1542): apparently satisfied.  currentScore=50
D/ConnectivityManager.CallbackHandler( 1649): CM callback handler got msg 524290
I/CameraManagerGlobal( 1649): getCameraService: Reconnecting to camera service
I/CameraService( 1367): getCameraCharacteristics: Switching to HAL1 shim implementation...
D/Camera_Factory( 1367): CameraFactory::get_camera_info
D/Camera_Factory( 1367): CameraFactory::getCameraInfo: id = 0, info = 0xb3c05978
D/Camera_Factory( 1367): CameraFactory::getCameraNum: 2
D/CameraHardware( 1367): CameraHardware::getCameraInfo
D/Camera_Factory( 1367): CameraFactory::get_camera_info
D/Camera_Factory( 1367): CameraFactory::getCameraInfo: id = 0, info = 0xb3c05710
D/Camera_Factory( 1367): CameraFactory::getCameraNum: 2
D/CameraHardware( 1367): CameraHardware::getCameraInfo
I/art     ( 1542): Explicit concurrent mark sweep GC freed 22972(1528KB) AllocSpace objects, 6(96KB) LOS objects, 33% free, 9MB/14MB, paused 5.238ms total 40.369ms
D/BluetoothManagerService( 1542): Message: 30
I/FFmpegExtractor( 1367): android-source:0xb584f700
D/FFMPEG  ( 1367): android source begin open
D/FFMPEG  ( 1367): android open, url: android-source:0xb584f700
D/FFMPEG  ( 1367): ffmpeg open android data source success, source ptr: 0xb584f700
D/FFMPEG  ( 1367): android source open success
I/FFMPEG  ( 1367): Input #0, ogg, from 'android-source:0xb584f700':
I/FFMPEG  ( 1367):   Duration: 00:00:00.41, start: 0.000000, bitrate: 135 kb/s
I/FFMPEG  ( 1367):     Stream #0:0: Audio: vorbis, 44100 Hz, stereo, fltp, 80 kb/s
I/FFmpegExtractor( 1367): FFmpegExtrator, url: android-source:0xb584f700, format_name: ogg, format_long_name: Ogg
I/FFmpegExtractor( 1367): list the formats suppoted by ffmpeg: 
I/FFmpegExtractor( 1367): ========================================
I/FFmpegExtractor( 1367): ========================================
I/FFmpegExtractor( 1367): adjust mime(application/ogg -> audio/vorbis)
D/FFmpegExtractor( 1367): suppoted codec(vorbis) by official Stagefright
D/FFMPEG  ( 1367): android source close
I/FFmpegExtractor( 1367): sniff through BetterSniffFFMPEG success
D/FFmpegExtractor( 1367): ffmpeg detected media content as 'audio/vorbis' with confidence 0.08
I/FFmpegExtractor( 1367): android-source:0xb584fac0
D/FFMPEG  ( 1367): android source begin open
D/FFMPEG  ( 1367): android open, url: android-source:0xb584fac0
D/FFMPEG  ( 1367): ffmpeg open android data source success, source ptr: 0xb584fac0
D/FFMPEG  ( 1367): android source open success
I/FFMPEG  ( 1367): Input #0, ogg, from 'android-source:0xb584fac0':
I/FFMPEG  ( 1367):   Duration: 00:00:00.38, start: 0.000000, bitrate: 286 kb/s
I/FFMPEG  ( 1367):     Stream #0:0: Audio: vorbis, 44100 Hz, stereo, fltp, 224 kb/s
I/FFmpegExtractor( 1367): FFmpegExtrator, url: android-source:0xb584fac0, format_name: ogg, format_long_name: Ogg
I/FFmpegExtractor( 1367): list the formats suppoted by ffmpeg: 
I/FFmpegExtractor( 1367): ========================================
I/FFmpegExtractor( 1367): ========================================
I/FFmpegExtractor( 1367): adjust mime(application/ogg -> audio/vorbis)
D/FFmpegExtractor( 1367): suppoted codec(vorbis) by official Stagefright
D/FFMPEG  ( 1367): android source close
I/FFmpegExtractor( 1367): sniff through BetterSniffFFMPEG success
D/FFmpegExtractor( 1367): ffmpeg detected media content as 'audio/vorbis' with confidence 0.08
I/CameraClient( 1367): Opening camera 0
D/Camera_Factory( 1367): CameraFactory::get_camera_info
D/Camera_Factory( 1367): CameraFactory::getCameraInfo: id = 0, info = 0xb3c056a0
D/Camera_Factory( 1367): CameraFactory::getCameraNum: 2
D/CameraHardware( 1367): CameraHardware::getCameraInfo
D/Camera_Factory( 1367): CameraFactory::device_open: name = 0
D/Camera_Factory( 1367): CameraFactory::cameraDeviceOpen: id = 0
D/Camera_Factory( 1367): CameraFactory::getCameraNum: 2
D/CameraHardware( 1367): CameraHardware::PowerOn: Power ON camera.
D/CameraHardware( 1367): CameraHardware::PowerOn: no power_file set
D/CameraHardware( 1367): CameraHardware::initDefaultParameters
D/V4L2Camera( 1367): V4L2CameraHost::V4L2CameraHost
I/        ( 1367): fastpipe: Connect success
D/V4L2Camera( 1367): V4L2CameraHost::getAvailableFormats from host
D/V4L2Camera( 1367): V4L2Camera::getAvailableSizes
D/V4L2Camera( 1367): V4L2Camera::getAvailableFps
I/CameraHardware( 1367): Default preview size: (1280 x 720), fps:25
I/CameraHardware( 1367): All available formats: 176x144,240x160,320x200,320x240,352x288,432x320,480x320,640x480,1280x720
I/CameraHardware( 1367): All available fps: (25,25)
I/CameraHardware( 1367): Default picture size: (1280 x 720)
D/CameraHardware( 1367): CameraHardware::setParameters
D/CameraHardware( 1367): CameraHardware::setParameters: PREVIEW: Size 1280x720, 25 fps, format: yuv422sp
D/CameraHardware( 1367): CameraHardware::setParameters: PICTURE: Size 1280x720, format: jpeg
D/CameraHardware( 1367): CameraHardware::setParameters: VIDEO: Size 1280x720, format: yuv420p
D/CameraHardware( 1367): CameraHardware::initHeapLocked
E/CameraHardware( 1367): No memory allocator available
D/CameraHardware( 1367): CameraHardware::setParameters: OK parms=antibanding=auto;antibanding-values=auto;effect=none;effect-values=none;flash-mode=off;flash-mode-values=off;focal-length=4;focus-mode=fixed;focus-mode-values=fixed;horizontal-view-angle=90;jpeg-quality=85;jpeg-thumbnail-size-values=640x480,0x0;max-video-continuous-zoom=0;max-zoom=100;picture-format=jpeg;picture-format-values=jpeg;picture-size=1280x720;picture-size-values=176x144,240x160,320x200,320x240,352x288,432x320,480x320,640x480,1280x720;preferred-preview-size-for-video=640x480;preview-format=yuv422sp;preview-format-values=yuv422i-yuyv,yuv422sp,yuv420sp,yuv420p;preview-fps-range-values=(25,25);preview-frame-rate=25;preview-frame-rate-values=25;preview-size=1280x720;preview-size-values=176x144,240x160,320x200,320x240,352x288,432x320,480x320,640x480,1280x720;rotation=0;rotation-values=0;scene-mode=auto;scene-mode-values=auto;smooth-zoom-supported=false;vertical-view-angle=90;video-frame-format=yuv420p;video-size=1280x720;video-size-values=176x144,240x160,320x200,32
D/CameraHardware( 1367): CameraHardware::connectCamera
D/CameraHardware( 1367): CameraHardware::setCallbacks
D/CameraHardware( 1367): CameraHardware::enableMsgType: 3085
D/CameraHardware( 1367): CameraHardware::getParameters
D/CameraHardware( 1367): CameraHardware::putParameters
D/CameraHardware( 1367): CameraHardware::disableMsgType: 65535
D/CameraHardware( 1367): CameraHardware::stopPreview
D/CameraHardware( 1367): CameraHardware::stopPreviewLocked
D/CameraHardware( 1367): CameraHardware::stopPreviewLocked: OK
D/CameraHardware( 1367): CameraHardware::cancelPicture
D/CameraHardware( 1367): CameraHardware::releaseCamera
I/CameraClient( 1367): Destroying camera 0
D/CameraHardware( 1367): CameraHardware::closeCamera
D/CameraHardware( 1367): CameraHardware::releaseCamera
D/V4L2Camera( 1367): V4L2CameraHost::threadLoop entered.
D/NuPlayerDriver( 1367): reset(0xb402f340)
D/NuPlayerDriver( 1367): notifyResetComplete(0xb402f340)
D/NuPlayerDriver( 1367): reset(0xb402f220)
D/NuPlayerDriver( 1367): notifyResetComplete(0xb402f220)
I/CameraService( 1367): getCameraCharacteristics: Switching to HAL1 shim implementation...
D/Camera_Factory( 1367): CameraFactory::get_camera_info
D/Camera_Factory( 1367): CameraFactory::getCameraInfo: id = 1, info = 0xb3d03978
D/Camera_Factory( 1367): CameraFactory::getCameraNum: 2
D/CameraHardware( 1367): CameraHardware::getCameraInfo
D/Camera_Factory( 1367): CameraFactory::get_camera_info
D/Camera_Factory( 1367): CameraFactory::getCameraInfo: id = 1, info = 0xb3d03710
D/Camera_Factory( 1367): CameraFactory::getCameraNum: 2
D/CameraHardware( 1367): CameraHardware::getCameraInfo
I/FFmpegExtractor( 1367): android-source:0xb4024240
D/FFMPEG  ( 1367): android source begin open
D/FFMPEG  ( 1367): android open, url: android-source:0xb4024240
D/FFMPEG  ( 1367): ffmpeg open android data source success, source ptr: 0xb4024240
D/FFMPEG  ( 1367): android source open success
I/FFMPEG  ( 1367): Input #0, ogg, from 'android-source:0xb4024240':
I/FFMPEG  ( 1367):   Duration: 00:00:00.41, start: 0.000000, bitrate: 135 kb/s
I/FFMPEG  ( 1367):     Stream #0:0: Audio: vorbis, 44100 Hz, stereo, fltp, 80 kb/s
I/FFmpegExtractor( 1367): FFmpegExtrator, url: android-source:0xb4024240, format_name: ogg, format_long_name: Ogg
I/FFmpegExtractor( 1367): list the formats suppoted by ffmpeg: 
I/FFmpegExtractor( 1367): ========================================
I/FFmpegExtractor( 1367): ========================================
I/FFmpegExtractor( 1367): adjust mime(application/ogg -> audio/vorbis)
D/FFmpegExtractor( 1367): suppoted codec(vorbis) by official Stagefright
D/FFMPEG  ( 1367): android source close
I/FFmpegExtractor( 1367): sniff through BetterSniffFFMPEG success
D/FFmpegExtractor( 1367): ffmpeg detected media content as 'audio/vorbis' with confidence 0.08
I/FFmpegExtractor( 1367): android-source:0xb41d0080
D/FFMPEG  ( 1367): android source begin open
D/FFMPEG  ( 1367): android open, url: android-source:0xb41d0080
D/FFMPEG  ( 1367): ffmpeg open android data source success, source ptr: 0xb41d0080
D/FFMPEG  ( 1367): android source open success
I/FFMPEG  ( 1367): Input #0, ogg, from 'android-source:0xb41d0080':
I/FFMPEG  ( 1367):   Duration: 00:00:00.38, start: 0.000000, bitrate: 286 kb/s
I/FFMPEG  ( 1367):     Stream #0:0: Audio: vorbis, 44100 Hz, stereo, fltp, 224 kb/s
I/FFmpegExtractor( 1367): FFmpegExtrator, url: android-source:0xb41d0080, format_name: ogg, format_long_name: Ogg
I/FFmpegExtractor( 1367): list the formats suppoted by ffmpeg: 
I/FFmpegExtractor( 1367): ========================================
I/FFmpegExtractor( 1367): ========================================
I/FFmpegExtractor( 1367): adjust mime(application/ogg -> audio/vorbis)
D/FFmpegExtractor( 1367): suppoted codec(vorbis) by official Stagefright
D/FFMPEG  ( 1367): android source close
I/FFmpegExtractor( 1367): sniff through BetterSniffFFMPEG success
D/FFmpegExtractor( 1367): ffmpeg detected media content as 'audio/vorbis' with confidence 0.08
I/CameraClient( 1367): Opening camera 1
D/Camera_Factory( 1367): CameraFactory::get_camera_info
D/Camera_Factory( 1367): CameraFactory::getCameraInfo: id = 1, info = 0xb3d036a0
D/Camera_Factory( 1367): CameraFactory::getCameraNum: 2
D/CameraHardware( 1367): CameraHardware::getCameraInfo
D/Camera_Factory( 1367): CameraFactory::device_open: name = 1
D/Camera_Factory( 1367): CameraFactory::cameraDeviceOpen: id = 1
D/Camera_Factory( 1367): CameraFactory::getCameraNum: 2
D/CameraHardware( 1367): CameraHardware::PowerOn: Power ON camera.
D/CameraHardware( 1367): CameraHardware::PowerOn: no power_file set
D/CameraHardware( 1367): CameraHardware::initDefaultParameters
D/V4L2Camera( 1367): V4L2Camera::getAvailableSizes
D/V4L2Camera( 1367): V4L2Camera::getAvailableFps
I/CameraHardware( 1367): Default preview size: (1280 x 720), fps:25
I/CameraHardware( 1367): All available formats: 176x144,240x160,320x200,320x240,352x288,432x320,480x320,640x480,1280x720
I/CameraHardware( 1367): All available fps: (25,25)
I/CameraHardware( 1367): Default picture size: (1280 x 720)
D/CameraHardware( 1367): CameraHardware::setParameters
D/CameraHardware( 1367): CameraHardware::setParameters: PREVIEW: Size 1280x720, 25 fps, format: yuv422sp
D/CameraHardware( 1367): CameraHardware::setParameters: PICTURE: Size 1280x720, format: jpeg
D/CameraHardware( 1367): CameraHardware::setParameters: VIDEO: Size 1280x720, format: yuv420p
D/CameraHardware( 1367): CameraHardware::initHeapLocked
E/CameraHardware( 1367): No memory allocator available
D/CameraHardware( 1367): CameraHardware::setParameters: OK parms=antibanding=auto;antibanding-values=auto;effect=none;effect-values=none;flash-mode=off;flash-mode-values=off;focal-length=4;focus-mode=fixed;focus-mode-values=fixed;horizontal-view-angle=90;jpeg-quality=85;jpeg-thumbnail-size-values=640x480,0x0;max-video-continuous-zoom=0;max-zoom=100;picture-format=jpeg;picture-format-values=jpeg;picture-size=1280x720;picture-size-values=176x144,240x160,320x200,320x240,352x288,432x320,480x320,640x480,1280x720;preferred-preview-size-for-video=640x480;preview-format=yuv422sp;preview-format-values=yuv422i-yuyv,yuv422sp,yuv420sp,yuv420p;preview-fps-range-values=(25,25);preview-frame-rate=25;preview-frame-rate-values=25;preview-size=1280x720;preview-size-values=176x144,240x160,320x200,320x240,352x288,432x320,480x320,640x480,1280x720;rotation=0;rotation-values=0;scene-mode=auto;scene-mode-values=auto;smooth-zoom-supported=false;vertical-view-angle=90;video-frame-format=yuv420p;video-size=1280x720;video-size-values=176x144,240x160,320x200,32
D/CameraHardware( 1367): CameraHardware::connectCamera
D/CameraHardware( 1367): CameraHardware::setCallbacks
D/CameraHardware( 1367): CameraHardware::enableMsgType: 3085
D/CameraHardware( 1367): CameraHardware::getParameters
D/CameraHardware( 1367): CameraHardware::putParameters
D/CameraHardware( 1367): CameraHardware::disableMsgType: 65535
D/CameraHardware( 1367): CameraHardware::stopPreview
D/CameraHardware( 1367): CameraHardware::stopPreviewLocked
D/CameraHardware( 1367): CameraHardware::stopPreviewLocked: OK
D/CameraHardware( 1367): CameraHardware::cancelPicture
D/CameraHardware( 1367): CameraHardware::releaseCamera
I/CameraClient( 1367): Destroying camera 1
D/CameraHardware( 1367): CameraHardware::closeCamera
D/CameraHardware( 1367): CameraHardware::releaseCamera
D/NuPlayerDriver( 1367): reset(0xb584edc0)
D/NuPlayerDriver( 1367): notifyResetComplete(0xb584edc0)
D/NuPlayerDriver( 1367): reset(0xb584eee0)
D/NuPlayerDriver( 1367): notifyResetComplete(0xb584eee0)
D/Camera_Factory( 1367): CameraFactory::get_camera_info
D/Camera_Factory( 1367): CameraFactory::getCameraInfo: id = 0, info = 0xb3b079b0
D/Camera_Factory( 1367): CameraFactory::getCameraNum: 2
D/CameraHardware( 1367): CameraHardware::getCameraInfo
D/Camera_Factory( 1367): CameraFactory::get_camera_info
D/Camera_Factory( 1367): CameraFactory::getCameraInfo: id = 0, info = 0xbfd85390
D/Camera_Factory( 1367): CameraFactory::getCameraNum: 2
D/CameraHardware( 1367): CameraHardware::getCameraInfo
D/Camera_Factory( 1367): CameraFactory::get_camera_info
D/Camera_Factory( 1367): CameraFactory::getCameraInfo: id = 1, info = 0xb3c059b0
D/Camera_Factory( 1367): CameraFactory::getCameraNum: 2
D/CameraHardware( 1367): CameraHardware::getCameraInfo
D/Camera_Factory( 1367): CameraFactory::get_camera_info
D/Camera_Factory( 1367): CameraFactory::getCameraInfo: id = 1, info = 0xb3b079f0
D/Camera_Factory( 1367): CameraFactory::getCameraNum: 2
D/CameraHardware( 1367): CameraHardware::getCameraInfo
D/BluetoothAdapter( 1649): 1042517467: getState() :  mService = null. Returning STATE_OFF
D/BluetoothAdapter( 1649): 1042517467: getState() :  mService = null. Returning STATE_OFF
D/BluetoothAdapter( 1649): 1042517467: getState() :  mService = null. Returning STATE_OFF
D/BluetoothAdapter( 1649): 1042517467: getState() :  mService = null. Returning STATE_OFF
D/OpenGLRenderer( 1649): Use EGL_SWAP_BEHAVIOR_PRESERVED: true
I/gralloc_x86( 1649): --denglibo-- fallback_init, force return by denglibo
I/HostConnection( 1649): HostConnection::HostConnection: pid=1649, tid=1649, this=0xb3fe00b0
I/        ( 1649): fastpipe: Connect success
D/HostConnection( 1649): HostRPC::connect sucess: app=com.android.systemui, pid=1649, tid=1649, this=0xb3f90000
D/HostConnection( 1649): queryAndSetGLESMaxVersion select gles-version: 3.0 hostGLVersion:43 process:com.android.systemui
I/        ( 1649): fastpipe: Connect success
D/HostConnection( 1649): recv ProcessPuidReply name=com.android.systemui puid=3
D/Atlas   ( 1649): Validating map...
D/PhoneStatusBar( 1649): disable: < EXPAND* icons alerts system_info BACK* HOME* RECENT* clock SEARCH* >
I/ActivityManager( 1542): Start proc 2046:com.android.ld.appStore.NotificationService/u0a25 for service com.android.flysilkworm/.app.service.NotificationService
D/AppAutoUpdateService( 2002): Create state flag file true
D/AppAutoUpdateService( 2002): AppAutoUpdateService onCreate
D/SIP     ( 1838): [SipSharedPreferences] isReceivingCallsEnabled, option not set; use default value, exception: android.provider.Settings$SettingNotFoundException: sip_receive_calls
D/BluetoothAdapter( 1649): 1042517467: getState() :  mService = null. Returning STATE_OFF
D/BluetoothAdapter( 1649): 1042517467: getState() :  mService = null. Returning STATE_OFF
D/libnativebridge( 2046): call UnloadNativeBridge! state=1
D/PhoneStatusBar( 1649): heads up is enabled
V/KeyguardUpdateMonitor( 1649): action android.intent.action.SIM_STATE_CHANGED state: NOT_READY slotId: 0 subid: -2
D/AppAutoUpdateService( 2002): AppAutoUpdateService onDestroy
D/OpenGLRenderer( 1859): Use EGL_SWAP_BEHAVIOR_PRESERVED: true
I/gralloc_x86( 1859): --denglibo-- fallback_init, force return by denglibo
I/HostConnection( 1859): HostConnection::HostConnection: pid=1859, tid=1859, this=0xa2c5b0b0
I/        ( 1859): fastpipe: Connect success
D/HostConnection( 1859): HostRPC::connect sucess: app=com.android.launcher3, pid=1859, tid=1859, this=0xb3fe9000
D/HostConnection( 1859): queryAndSetGLESMaxVersion select gles-version: 3.0 hostGLVersion:43 process:com.android.launcher3
I/        ( 1859): fastpipe: Connect success
D/HostConnection( 1859): recv ProcessPuidReply name=com.android.launcher3 puid=4
D/Atlas   ( 1859): Validating map...
V/WindowManager( 1542): Based on layer: Adding window Window{2b59091a u0 com.android.launcher3/com.android.launcher3.Launcher} at 0 of 3
W/Launcher( 1859): setApplicationContext called twice! old=com.android.launcher3.LauncherApplication@1cc10400 new=com.android.launcher3.LauncherApplication@1cc10400
W/WindowManager( 1542): Attempted to add wallpaper window with unknown token android.os.Binder@325d0b42.  Aborting.
W/WallpaperService( 1649): Failed to add window while updating wallpaper surface.
I/Choreographer( 1649): Skipped 40 frames!  The application may be doing too much work on its main thread.
D/ViewRootImpl( 1649): changeCanvasOpacity: opaque=true
I/HostConnection( 1649): HostConnection::HostConnection: pid=1649, tid=2042, this=0xadc6f970
I/        ( 1649): fastpipe: Connect success
D/HostConnection( 1649): HostRPC::connect sucess: app=com.android.systemui, pid=1649, tid=2042, this=0xadd33000
D/HostConnection( 1649): queryAndSetGLESMaxVersion select gles-version: 3.0 hostGLVersion:43 process:com.android.systemui
I/OpenGLRenderer( 1649): Initialized EGL, version 1.4
I/EGL_adreno( 1649): eglCreateContext request GLES major-version=2
I/HostConnection( 1859): HostConnection::HostConnection: pid=1859, tid=2068, this=0xaddaa560
I/        ( 1859): fastpipe: Connect success
D/HostConnection( 1859): HostRPC::connect sucess: app=com.android.launcher3, pid=1859, tid=2068, this=0xaddd8000
D/HostConnection( 1859): queryAndSetGLESMaxVersion select gles-version: 3.0 hostGLVersion:43 process:com.android.launcher3
I/OpenGLRenderer( 1859): Initialized EGL, version 1.4
I/EGL_adreno( 1859): eglCreateContext request GLES major-version=2
D/EGL_adreno( 1649): eglCreateContext: 0xadc331c0: maj 3 min 0 rcv 3
D/EGL_adreno( 1859): eglCreateContext: 0xadda95e0: maj 3 min 0 rcv 3
D/EGL_adreno( 1649): eglMakeCurrent: 0xadc331c0: ver 3 0 (tinfo 0xadc39690)
D/EGL_adreno( 1859): eglMakeCurrent: 0xadda95e0: ver 3 0 (tinfo 0xadc397b0)
D/HostConnection( 1859): ExtendedRCEncoderContext GL_VERSION return OpenGL ES 3.0 (4.3.0 - Build 10.18.14.4414)
D/HostConnection( 1649): ExtendedRCEncoderContext GL_VERSION return OpenGL ES 3.0 (4.3.0 - Build 10.18.14.4414)
D/OpenGLRenderer( 1859): Enabling debug mode 0
D/OpenGLRenderer( 1649): Enabling debug mode 0
E/EGL_adreno( 1859): tid 2068: eglSurfaceAttrib(1266): error 0x3009 (EGL_BAD_MATCH)
