W/EntropyMixer( 1542): 	at com.android.server.EntropyMixer.<init>(EntropyMixer.java:94)
W/EntropyMixer( 1542): 	at com.android.server.SystemServer.startOtherServices(SystemServer.java:439)
W/EntropyMixer( 1542): 	at com.android.server.SystemServer.run(SystemServer.java:256)
W/EntropyMixer( 1542): 	at com.android.server.SystemServer.main(SystemServer.java:170)
W/EntropyMixer( 1542): 	at java.lang.reflect.Method.invoke(Native Method)
W/EntropyMixer( 1542): 	at java.lang.reflect.Method.invoke(Method.java:372)
W/EntropyMixer( 1542): 	at com.android.internal.os.ZygoteInit$MethodAndArgsCaller.run(ZygoteInit.java:905)
W/EntropyMixer( 1542): 	at com.android.internal.os.ZygoteInit.main(ZygoteInit.java:700)
W/EntropyMixer( 1542): 	at de.robv.android.xposed.XposedBridge.main(XposedBridge.java:107)
W/EntropyMixer( 1542): Caused by: android.system.ErrnoException: read failed: ENODEV (No such device)
W/EntropyMixer( 1542): 	at libcore.io.Posix.readBytes(Native Method)
W/EntropyMixer( 1542): 	at libcore.io.Posix.read(Posix.java:165)
W/EntropyMixer( 1542): 	at libcore.io.BlockGuardOs.read(BlockGuardOs.java:230)
W/EntropyMixer( 1542): 	at libcore.io.IoBridge.read(IoBridge.java:472)
W/EntropyMixer( 1542): 	... 14 more
I/EntropyMixer( 1542): Writing entropy...
I/SystemServer( 1542): Account Manager
I/SystemServer( 1542): Content Manager
I/SystemServer( 1542): System Content Providers
I/SystemServer( 1542): Vibrator Service
I/SystemServer( 1542): Consumer IR Service
E/ConsumerIrService( 1542): Can't open consumer IR HW Module, error: -2
I/SystemServiceManager( 1542): Starting com.android.server.AlarmManagerService
D/AlarmManagerService( 1542): Kernel timezone updated to -480 minutes west of GMT
I/SystemServer( 1542): Init Watchdog
I/SystemServer( 1542): Input Manager
I/InputManager( 1542): Initializing input manager, mUseDevInputEventForAudioJack=true
I/SystemServer( 1542): Window Manager
E/ProbeModule( 1580): insmod: Failed to load module file [/system/lib/modules/4.0.9-android-x86/kernel/drivers/macintosh/mac_hid.ko]
E/ProbeModule( 1580): insmod: Failed to load module file [/system/lib/modules/4.0.9-android-x86/kernel/drivers/input/joydev.ko]
I/WindowManager( 1542): No existing display settings /data/system/display_settings.xml; starting empty
I/        ( 1542): fastpipe: Connect success
E/ProbeModule( 1586): insmod: Failed to load module file [/system/lib/modules/4.0.9-android-x86/kernel/drivers/macintosh/mac_hid.ko]
D/PermissionCache( 1361): checking android.permission.ACCESS_SURFACE_FLINGER for uid=1000 => granted (88 us)
I/InputManager( 1542): Starting input manager
I/SystemServer( 1542): Bluetooth Manager Service
D/EventHub( 1542): No input device configuration file found for device 'gpio'.
D/BluetoothManagerService( 1542): Loading stored name and address
W/EventHub( 1542): Unable to disable kernel key repeat for /dev/input/event6: Function not implemented
I/EventHub( 1542): New device: id=1, fd=81, path='/dev/input/event6', name='gpio', classes=0x81, configuration='', keyLayout='/system/usr/keylayout/Generic.kl', keyCharacterMap='/system/usr/keychars/Generic.kcm', builtinKeyboard=false, wakeMechanism=EPOLLWAKEUP, usingClockIoctl=true
D/BluetoothManagerService( 1542): Stored bluetooth Name=null,Address=null
D/EventHub( 1542): No input device configuration file found for device 'input'.
I/SystemServer( 1542): Input Method Service
W/EventHub( 1542): Unable to disable kernel key repeat for /dev/input/event5: Function not implemented
I/EventHub( 1542): New device: id=2, fd=82, path='/dev/input/event5', name='input', classes=0x17, configuration='', keyLayout='/system/usr/keylayout/input.kl', keyCharacterMap='/system/usr/keychars/Generic.kcm', builtinKeyboard=false, wakeMechanism=EPOLLWAKEUP, usingClockIoctl=true
E/EventHub( 1542): could not get driver version for /dev/input/mouse0, Not a typewriter
W/InputMethodManagerService( 1542): Couldn't create dir.: /data/system/inputmethod
I/SystemServer( 1542): Accessibility Manager
I/ActivityManager( 1542): Config changes=1df8 {1.0 ?mcc?mnc zh_CN ?layoutDir sw480dp w853dp h480dp 240dpi lrg long land ?uimode ?night -touch -keyb/v/h -nav/h s.2}
D/SurfaceFlinger( 1361): --denglibo-- setOrientation, mFbdev=0xb685e480, mFbDev->setOrientation=0xb70070f0, orientation=0
I/gralloc_x86( 1361): --denglibo-- fb_setOrientation: orientation=0
I/ActivityManager( 1542): Config changes=400 {1.0 ?mcc?mnc zh_CN ?layoutDir sw480dp w853dp h454dp 240dpi lrg long land ?uimode ?night -touch -keyb/v/h -nav/h s.3}
I/SystemServer( 1542): Mount Service
D/MountService( 1542): got storage path: null description: 内部存储设备 primary: true removable: false emulated: true mtpReserve: 100 allowMassStorage: false maxFileSize: 0
D/MountService( 1542): addVolumeLocked() StorageVolume:
D/MountService( 1542):     mStorageId=65537 mPath=/storage/emulated/0 mDescriptionId=17040805 
D/MountService( 1542):     mPrimary=true mRemovable=false mEmulated=true mMtpReserveSpace=100 
D/MountService( 1542):     mAllowMassStorage=false mMaxFileSize=0 mOwner=UserHandle{0} mUuid=null 
D/MountService( 1542):     mUserLabel=null mState=null 
D/MountService( 1542): got storage path: /storage/sdcard1 description: SD卡 primary: false removable: true emulated: false mtpReserve: 0 allowMassStorage: false maxFileSize: 4294967296
D/MountService( 1542): addVolumeLocked() StorageVolume:
D/MountService( 1542):     mStorageId=0 mPath=/storage/sdcard1 mDescriptionId=17040806 mPrimary=false 
D/MountService( 1542):     mRemovable=true mEmulated=false mMtpReserveSpace=0 mAllowMassStorage=false 
D/MountService( 1542):     mMaxFileSize=4294967296 mOwner=null mUuid=null mUserLabel=null mState=null 
D/MountService( 1542): got storage path: /storage/usb0 description: USB存储器 primary: false removable: true emulated: false mtpReserve: 0 allowMassStorage: false maxFileSize: 4294967296
D/MountService( 1542): addVolumeLocked() StorageVolume:
D/MountService( 1542):     mStorageId=0 mPath=/storage/usb0 mDescriptionId=17040807 mPrimary=false 
D/MountService( 1542):     mRemovable=true mEmulated=false mMtpReserveSpace=0 mAllowMassStorage=false 
D/MountService( 1542):     mMaxFileSize=4294967296 mOwner=null mUuid=null mUserLabel=null mState=null 
D/MountService( 1542): got storage path: /storage/usb1 description: USB存储器 primary: false removable: true emulated: false mtpReserve: 0 allowMassStorage: false maxFileSize: 4294967296
D/MountService( 1542): addVolumeLocked() StorageVolume:
D/MountService( 1542):     mStorageId=0 mPath=/storage/usb1 mDescriptionId=17040807 mPrimary=false 
D/MountService( 1542):     mRemovable=true mEmulated=false mMtpReserveSpace=0 mAllowMassStorage=false 
D/MountService( 1542):     mMaxFileSize=4294967296 mOwner=null mUuid=null mUserLabel=null mState=null 
D/MountService( 1542): got storage path: /storage/usb2 description: USB存储器 primary: false removable: true emulated: false mtpReserve: 0 allowMassStorage: false maxFileSize: 4294967296
D/MountService( 1542): addVolumeLocked() StorageVolume:
D/MountService( 1542):     mStorageId=0 mPath=/storage/usb2 mDescriptionId=17040807 mPrimary=false 
D/MountService( 1542):     mRemovable=true mEmulated=false mMtpReserveSpace=0 mAllowMassStorage=false 
D/MountService( 1542):     mMaxFileSize=4294967296 mOwner=null mUuid=null mUserLabel=null mState=null 
D/MountService( 1542): got storage path: /storage/usb3 description: USB存储器 primary: false removable: true emulated: false mtpReserve: 0 allowMassStorage: false maxFileSize: 4294967296
D/MountService( 1542): addVolumeLocked() StorageVolume:
D/MountService( 1542):     mStorageId=0 mPath=/storage/usb3 mDescriptionId=17040807 mPrimary=false 
D/MountService( 1542):     mRemovable=true mEmulated=false mMtpReserveSpace=0 mAllowMassStorage=false 
D/MountService( 1542):     mMaxFileSize=4294967296 mOwner=null mUuid=null mUserLabel=null mState=null 
I/UsageStatsService( 1542): User[0] Rollover scheduled @ 2018-10-20 08:00:00(1539993600000)
D/MountService( 1542): volume state changed for /storage/usb0 (unmounted -> removed)
D/MountService( 1542): volume state changed for /storage/usb1 (unmounted -> removed)
D/MountService( 1542): volume state changed for /storage/usb2 (unmounted -> removed)
D/MountService( 1542): volume state changed for /storage/usb3 (unmounted -> removed)
I/PackageManager( 1542): No secure containers found
W/PackageManager( 1542): Unknown permission com.google.android.googleapps.permission.GOOGLE_AUTH in package com.android.providers.calendar
W/PackageManager( 1542): Unknown permission com.google.android.googleapps.permission.GOOGLE_AUTH.cl in package com.android.providers.calendar
W/PackageManager( 1542): Not granting permission android.permission.ACCESS_DOWNLOAD_MANAGER to package com.android.browser (protectionLevel=18 flags=0x9be45)
W/PackageManager( 1542): Not granting permission android.permission.SEND_DOWNLOAD_COMPLETED_INTENTS to package com.android.browser (protectionLevel=2 flags=0x9be45)
W/PackageManager( 1542): Unknown permission android.permission.REQUEST_INSTALL_PACKAGES in package de.robv.android.xposed.installer
W/PackageManager( 1542): Unknown permission com.huawei.authentication.HW_ACCESS_AUTH_SERVICE in package com.tencent.mm
W/PackageManager( 1542): Unknown permission com.android.launcher.permission.READ_SETTINGS in package com.tencent.mm
W/PackageManager( 1542): Unknown permission com.tencent.mm.location.permission.SEND_VIEW in package com.tencent.mm
W/PackageManager( 1542): Unknown permission com.huawei.android.launcher.permission.CHANGE_BADGE in package com.tencent.mm
W/PackageManager( 1542): Unknown permission android.permission.WRITE_APP_BADGE in package com.tencent.mm
W/PackageManager( 1542): Unknown permission android.permission.REQUEST_IGNORE_BATTERY_OPTIMIZATIONS in package com.tencent.mm
W/PackageManager( 1542): Unknown permission com.google.android.c2dm.permission.RECEIVE in package com.tencent.mm
W/PackageManager( 1542): Unknown permission com.bbk.launcher2.permission.READ_SETTINGS in package com.tencent.mm
W/PackageManager( 1542): Unknown permission com.android.vending.BILLING in package com.tencent.mm
W/PackageManager( 1542): Unknown permission android.permission.USE_FINGERPRINT in package com.tencent.mm
W/PackageManager( 1542): Unknown permission com.soter.permission.ACCESS_SOTER_KEYSTORE in package com.tencent.mm
W/PackageManager( 1542): Not granting permission android.permission.BIND_APPWIDGET to package com.android.launcher3 (protectionLevel=18 flags=0x483e45)
W/PackageManager( 1542): Unknown permission com.android.launcher.permission.READ_SETTINGS in package com.android.launcher3
W/PackageManager( 1542): Unknown permission com.android.launcher.permission.WRITE_SETTINGS in package com.android.launcher3
W/PackageManager( 1542): Not granting permission android.permission.MOUNT_UNMOUNT_FILESYSTEMS to package com.android.launcher3 (protectionLevel=18 flags=0x483e45)
W/PackageManager( 1542): Not granting permission android.permission.READ_LOGS to package com.android.flysilkworm (protectionLevel=50 flags=0x58be45)
W/PackageManager( 1542): Not granting permission android.permission.INSTALL_PACKAGES to package com.android.flysilkworm (protectionLevel=18 flags=0x58be45)
W/PackageManager( 1542): Not granting permission android.permission.MOUNT_UNMOUNT_FILESYSTEMS to package com.android.flysilkworm (protectionLevel=18 flags=0x58be45)
W/PackageManager( 1542): Not granting permission android.permission.WRITE_MEDIA_STORAGE to package com.android.flysilkworm (protectionLevel=18 flags=0x58be45)
W/PackageManager( 1542): Not granting permission android.permission.CHANGE_CONFIGURATION to package com.android.flysilkworm (protectionLevel=50 flags=0x58be45)
W/PackageManager( 1542): Unknown permission android.permission.PREVENT_POWER_KEY in package com.android.flysilkworm
W/PackageManager( 1542): Not granting permission android.permission.ACCESS_CHECKIN_PROPERTIES to package com.android.flysilkworm (protectionLevel=18 flags=0x58be45)
W/PackageManager( 1542): Not granting permission android.permission.STOP_APP_SWITCHES to package com.android.flysilkworm (protectionLevel=18 flags=0x58be45)
W/PackageManager( 1542): Unknown permission android.permission.READ_SETTINGS in package com.android.flysilkworm
W/PackageManager( 1542): Not granting permission android.permission.DELETE_PACKAGES to package com.svox.pico (protectionLevel=18 flags=0x8be45)
W/PackageManager( 1542): Unknown permission com.cyanogenmod.filemanager.permissions.READ_THEME in package com.cyanogenmod.filemanager
W/PackageManager( 1542): Unknown permission com.google.android.googleapps.permission.GOOGLE_AUTH in package com.android.settings
W/PackageManager( 1542): Unknown permission com.android.launcher.permission.READ_SETTINGS in package com.android.settings
W/PackageManager( 1542): Unknown permission com.android.launcher.permission.WRITE_SETTINGS in package com.android.settings
W/PackageManager( 1542): Unknown permission com.android.smspush.WAPPUSH_MANAGER_BIND in package com.android.phone
I/SystemServer( 1542): LockSettingsService
I/SystemServiceManager( 1542): Starting com.android.server.devicepolicy.DevicePolicyManagerService$Lifecycle
D/EventHub( 1542): No input device configuration file found for device 'Android Power Button'.
W/EventHub( 1542): Unable to disable kernel key repeat for /dev/input/event4: Function not implemented
I/EventHub( 1542): New device: id=3, fd=84, path='/dev/input/event4', name='Android Power Button', classes=0x1, configuration='', keyLayout='/system/usr/keylayout/Generic.kl', keyCharacterMap='/system/usr/keychars/Generic.kcm', builtinKeyboard=false, wakeMechanism=EPOLLWAKEUP, usingClockIoctl=true
D/EventHub( 1542): No input device configuration file found for device 'VirtualBox mouse integration'.
I/EventHub( 1542): New device: id=4, fd=89, path='/dev/input/event3', name='VirtualBox mouse integration', classes=0x4, configuration='', keyLayout='', keyCharacterMap='', builtinKeyboard=false, wakeMechanism=EPOLLWAKEUP, usingClockIoctl=true
D/EventHub( 1542): No input device configuration file found for device 'Sleep Button'.
W/EventHub( 1542): Unable to disable kernel key repeat for /dev/input/event1: Function not implemented
I/EventHub( 1542): New device: id=5, fd=90, path='/dev/input/event1', name='Sleep Button', classes=0x1, configuration='', keyLayout='/system/usr/keylayout/Generic.kl', keyCharacterMap='/system/usr/keychars/Generic.kcm', builtinKeyboard=false, wakeMechanism=EPOLLWAKEUP, usingClockIoctl=true
I/EventHub( 1542): ignoring event id /dev/input/event0 driver Power Button
I/SystemServer( 1542): Status Bar
I/SystemServer( 1542): Clipboard Service
I/SystemServer( 1542): NetworkManagement Service
I/SystemServer( 1542): Text Service Manager Service
W/TextServicesManagerService( 1542): no available spell checker services found
I/SystemServer( 1542): Network Score Service
I/SystemServer( 1542): NetworkStats Service
I/SystemServer( 1542): NetworkPolicy Service
I/SystemServiceManager( 1542): Starting com.android.server.wifi.p2p.WifiP2pService
D/EventHub( 1542): No input device configuration file found for device 'Video Bus'.
W/EventHub( 1542): Unable to disable kernel key repeat for /dev/input/event2: Function not implemented
I/EventHub( 1542): New device: id=6, fd=100, path='/dev/input/event2', name='Video Bus', classes=0x1, configuration='', keyLayout='/system/usr/keylayout/Generic.kl', keyCharacterMap='/system/usr/keychars/Generic.kcm', builtinKeyboard=false, wakeMechanism=EPOLLWAKEUP, usingClockIoctl=true
E/EventHub( 1542): could not get driver version for /dev/input/mice, Not a typewriter
I/WifiP2pService( 1542): Registering wifip2p
I/SystemServiceManager( 1542): Starting com.android.server.wifi.WifiService
E/WifiConfigStore( 1542): associatedPartialScanPeriodMilli set to 20000
I/InputReader( 1542): Device added: id=-1, name='Virtual', sources=0x00000301
I/InputReader( 1542): Device added: id=6, name='Video Bus', sources=0x00000101
I/InputReader( 1542): Device added: id=5, name='Sleep Button', sources=0x00000101
I/InputReader( 1542):   Touch device 'VirtualBox mouse integration' could not query the properties of its associated display.  The device will be inoperable until the display size becomes available.
I/InputReader( 1542): Device added: id=4, name='VirtualBox mouse integration', sources=0x00002002
I/InputReader( 1542): Device added: id=3, name='Android Power Button', sources=0x00000101
I/InputReader( 1542):   Touch device 'input' could not query the properties of its associated display.  The device will be inoperable until the display size becomes available.
I/InputReader( 1542): Device added: id=2, name='input', sources=0x00001103
I/InputReader( 1542): Device added: id=1, name='gpio', sources=0x80000101
I/InputReader( 1542): Reconfiguring input devices.  changes=0x00000004
I/InputReader( 1542): Device reconfigured: id=2, name='input', size 1280x720, orientation 0, mode 1, display id 0
I/InputReader( 1542): Device reconfigured: id=4, name='VirtualBox mouse integration', size 1280x720, orientation 0, mode 4, display id 0
I/ActivityManager( 1542): Config changes=8 {1.0 ?mcc?mnc zh_CN ?layoutDir sw480dp w853dp h454dp 240dpi lrg long land ?uimode ?night finger -keyb/v/h -nav/h s.4}
E/EventHub( 1542): could not get driver version for /dev/input/mouse0, Not a typewriter
I/LdWifi  ( 1542): call wifi_unload_driver!
D/WifiController( 1542): isAirplaneModeOn = false, isWifiEnabled = true, isScanningAvailable = false
I/WifiService( 1542): Registering wifi
I/SystemServiceManager( 1542): Starting com.android.server.wifi.WifiScanningService
I/WifiScanningService( 1542): Creating wifiscanner
I/WifiScanningService( 1542): Starting wifiscanner
I/SystemServiceManager( 1542): Starting com.android.server.wifi.RttService
I/RttService( 1542): Creating rttmanager
I/RttService( 1542): Starting rttmanager
I/SystemServiceManager( 1542): Starting com.android.server.ethernet.EthernetService
I/EthernetServiceImpl( 1542): Creating EthernetConfigStore
E/IpConfigStore( 1542): Error parsing configuration: java.io.FileNotFoundException: /data/misc/ethernet/ipconfig.txt: open failed: ENOENT (No such file or directory)
W/EthernetConfigStore( 1542): No Ethernet configuration found. Using default.
I/EthernetServiceImpl( 1542): Read stored IP configuration: IP assignment: DHCP
I/EthernetServiceImpl( 1542): Proxy settings: NONE
I/EthernetService( 1542): Registering service ethernet
I/SystemServer( 1542): Connectivity Service
D/ConnectivityService( 1542): ConnectivityService starting up
D/ConnectivityService( 1542): wifiOnly=false
E/ConnectivityService( 1542): Ignoring protectedNetwork 14
E/ConnectivityService( 1542): Ignoring protectedNetwork 15
I/SystemServer( 1542): Network Service Discovery Service
D/NsdService( 1542): Network service discovery enabled true
I/SystemServer( 1542): UpdateLock Service
I/SystemServiceManager( 1542): Starting com.android.server.notification.NotificationManagerService
D/ZenLog  ( 1542): set_zen_mode: off,setting
I/SystemServiceManager( 1542): Starting com.android.server.storage.DeviceStorageMonitorService
I/SystemServer( 1542): Location Manager
I/SystemServer( 1542): Country Detector
I/SystemServer( 1542): Search Service
I/SystemServer( 1542): DropBox Service
I/SystemServer( 1542): Wallpaper Service
I/SystemServer( 1542): Audio Service
I/ServiceManager( 1542): Waiting for service media.audio_policy...
W/TelecomManager( 1542): Telecom Service not found.
I/AudioFlinger( 1367): Using module 1 has the primary audio interface
I/AudioFlinger( 1367): AudioFlinger's thread 0xb58a4000 ready to run
D/ld_audio_hw( 1367): lineFun, out_standby
I/AudioFlinger( 1367): AudioFlinger's thread 0xb593a000 ready to run
D/ld_audio_hw( 1367): adev_close_input_stream, dev=0xb5875240, stream=0xb585c080
D/ld_audio_hw( 1367): lineFun, in_standby
D/ld_audio_hw( 1367): lineFun, do_in_standby
D/BlueZ   ( 1367): external/bluetooth/bluez/android/hal-audio.c:audio_open() 
D/BlueZ   ( 1367): external/bluetooth/bluez/android/hal-audio.c:audio_ipc_init() 
D/BlueZ   ( 1367): external/bluetooth/bluez/android/hal-audio.c:ipc_handler() 
D/BlueZ   ( 1367): external/bluetooth/bluez/android/hal-audio.c:ipc_handler() Waiting for connection ...
E/BlueZ   ( 1367): APTX: failed to open library libbt-aptx.so (dlopen failed: library "libbt-aptx.so" not found)
D/BlueZ   ( 1367): external/bluetooth/bluez/android/hal-audio.c:audio_init_check() 
D/BlueZ   ( 1367): external/bluetooth/bluez/android/hal-audio.c:audio_set_master_volume() 
D/BlueZ   ( 1367): external/bluetooth/bluez/android/hal-audio.c:set_master_mute() 
I/AudioFlinger( 1367): loadHwModule() Loaded a2dp audio interface from A2DP Bluez HW HAL (audio) handle 4
I/AudioFlinger( 1367): loadHwModule() Loaded usb audio interface from USB audio HW HAL (audio) handle 5
E/SoundTriggerHwService( 1367): couldn't load sound trigger module sound_trigger.primary (No such file or directory)
D/BlueZ   ( 1367): external/bluetooth/bluez/android/hal-audio.c:audio_set_mic_mute() 
I/SystemServiceManager( 1542): Starting com.android.server.DockObserver
W/DockObserver( 1542): This kernel does not have dock station support
I/SystemServer( 1542): Wired Accessory Manager
W/WiredAccessoryManager( 1542): This kernel does not have usb audio support
W/WiredAccessoryManager( 1542): This kernel does not have HDMI audio support
I/SystemServiceManager( 1542): Starting com.android.server.usb.UsbService$Lifecycle
I/SystemServer( 1542): Serial Service
I/SystemServiceManager( 1542): Starting com.android.server.twilight.TwilightService
I/SystemServiceManager( 1542): Starting com.android.server.UiModeManagerService
I/SystemServiceManager( 1542): Starting com.android.server.job.JobSchedulerService
I/SystemServiceManager( 1542): Starting com.android.server.backup.BackupManagerService$Lifecycle
I/SystemServiceManager( 1542): Starting com.android.server.appwidget.AppWidgetService
I/SystemServiceManager( 1542): Starting com.android.server.voiceinteraction.VoiceInteractionManagerService
W/SoundTriggerHelper( 1542): listModules status=0, # of modules=0
I/SystemServer( 1542): DiskStats Service
I/SystemServer( 1542): SamplingProfiler Service
I/SystemServer( 1542): NetworkTimeUpdateService
I/SystemServer( 1542): CommonTimeManagementService
I/SystemServer( 1542): CertBlacklister
I/SystemServiceManager( 1542): Starting com.android.server.dreams.DreamManagerService
I/SystemServer( 1542): Assets Atlas Service
I/SystemServiceManager( 1542): Starting com.android.server.print.PrintManagerService
I/SystemServiceManager( 1542): Starting com.android.server.restrictions.RestrictionsManagerService
I/SystemServiceManager( 1542): Starting com.android.server.media.MediaSessionService
I/SystemServer( 1542): Media Router Service
I/SystemServiceManager( 1542): Starting com.android.server.trust.TrustManagerService
I/SystemServiceManager( 1542): Starting com.android.server.fingerprint.FingerprintService
V/Fingerprint-JNI( 1542): nativeInit()
V/Fingerprint-JNI( 1542): nativeOpenHal()
E/Fingerprint-JNI( 1542): Can't open fingerprint HW Module, error: -2
I/SystemServer( 1542): BackgroundDexOptService
I/SystemServiceManager( 1542): Starting com.android.server.pm.LauncherAppsService
I/SystemServiceManager( 1542): Starting com.android.server.media.projection.MediaProjectionManagerService
I/WindowManager( 1542): SAFE MODE not enabled
I/SystemServiceManager( 1542): Starting com.android.server.MmsServiceBroker
E/SQLiteLog( 1542): (283) recovered 16 frames from WAL file /data/system/locksettings.db-wal
E/LockSettingsStorage( 1542): Cannot read file java.io.FileNotFoundException: /data/system/password.key: open failed: ENOENT (No such file or directory)
E/LockSettingsStorage( 1542): Cannot read file java.io.FileNotFoundException: /data/system/gesture.key: open failed: ENOENT (No such file or directory)
I/SystemServiceManager( 1542): Starting phase 480
I/SystemServiceManager( 1542): Starting phase 500
I/WifiService( 1542): WifiService starting up with Wi-Fi enabled
D/WifiService( 1542): setWifiEnabled: true pid=1542, uid=1000
E/WifiService( 1542): Invoking mWifiStateMachine.setWifiEnabled
D/WifiController( 1542): WifiController msg { when=0 what=155656 target=com.android.internal.util.StateMachine$SmHandler } deferred for 500ms
D/WifiService( 1542): New client listening to asynchronous messages
I/WifiScanningService( 1542): Registering wifiscanner
D/WifiScanningService( 1542): New client, channel: null messenger: null
I/RttService( 1542): Registering rttmanager
D/WifiChangeStateMachine( 1542): Entering IdleState
D/WifiScanningService( 1542): DefaultState
I/EthernetServiceImpl( 1542): Starting Ethernet service
D/Ethernet( 1542): Registering NetworkFactory
D/ConnectivityService( 1542): Got NetworkFactory Messenger for Ethernet
D/EthernetNetworkFactory( 1542): Started tracking interface eth0
D/NetworkManagementService( 1542): denglibo setInterfaceUp: eth0
D/CommandListener( 1363): Setting iface cfg
D/CommandListener( 1363): Trying to bring up eth0
D/Ethernet( 1542): got request NetworkRequest [ id=1, legacyType=-1, [ Capabilities: INTERNET&NOT_RESTRICTED&TRUSTED&NOT_VPN] ] with score 0
D/AssetAtlas( 1542): Loaded configuration: SliceMinArea (960x1216) flags=0x2 count=446
I/HostConnection( 1361): HostConnection::HostConnection: pid=1361, tid=1450, this=0xb69fac90
I/        ( 1361): fastpipe: Connect success
D/HostConnection( 1361): HostRPC::connect sucess: app=/system/bin/surfaceflinger, pid=1361, tid=1450, this=0xb6a0d000
D/HostConnection( 1361): queryAndSetGLESMaxVersion select gles-version: 3.0 hostGLVersion:43 process:/system/bin/surfaceflinger
D/EthernetNetworkFactory( 1542): updateInterface: eth0 link up
I/ActivityManager( 1542): Config changes=200 {1.0 ?mcc?mnc zh_CN ?layoutDir sw480dp w853dp h454dp 240dpi lrg long land finger -keyb/v/h -nav/h s.5}
I/EthernetNetworkFactory( 1542): dhcpThread(+eth0): mNetworkInfo=[type: Ethernet[], state: UNKNOWN/IDLE, reason: (unspecified), extra: 00:db:bc:0b:81:f2, roaming: false, failover: false, isAvailable: true, isConnectedToProvisioningNetwork: false]
I/gralloc_x86( 1542): --denglibo-- fallback_init, force return by denglibo
I/HostConnection( 1542): HostConnection::HostConnection: pid=1542, tid=1612, this=0xa10972e0
I/        ( 1542): fastpipe: Connect success
D/HostConnection( 1542): HostRPC::connect sucess: app=system_server, pid=1542, tid=1612, this=0xa1072000
D/HostConnection( 1542): queryAndSetGLESMaxVersion select gles-version: 3.0 hostGLVersion:43 process:system_server
I/        ( 1542): fastpipe: Connect success
D/HostConnection( 1542): recv ProcessPuidReply name=system_server puid=2
V/BackupManagerService( 1542): No ancestral data
D/BackupManagerService( 1542): Now staging backup of com.android.browser
D/BackupManagerService( 1542): Now staging backup of android
D/BackupManagerService( 1542): Now staging backup of com.android.providers.settings
D/BackupManagerService( 1542): Now staging backup of com.android.sharedstoragebackup
D/BackupManagerService( 1542): Now staging backup of com.android.providers.userdictionary
V/BackupManagerService( 1542): Starting with transport android/com.android.internal.backup.LocalTransport
V/BackupManagerService( 1542): Found transports: 1
I/BackupManagerService( 1542): Binding to transport host ComponentInfo{android/com.android.internal.backup.LocalTransportService}
I/BackupManagerService( 1542): Found stale backup journal, scheduling
E/dhcpcd  ( 1619): fopen `/system/etc/dhcpcd/dhcpcd.conf': No such file or directory
I/dhcpcd  ( 1619): version 5.5.6 starting
E/dhcpcd  ( 1619): fopen `/system/etc/dhcpcd/dhcpcd.conf': No such file or directory
E/dhcpcd  ( 1619): get_duid: Read-only file system
I/art     ( 1542): Background sticky concurrent mark sweep GC freed 38130(3MB) AllocSpace objects, 6(96KB) LOS objects, 21% free, 9MB/12MB, paused 6.324ms total 64.012ms
I/AppOps  ( 1542): Pruning old package media/1013: new uid=-1
I/ActivityManager( 1542): System now ready
I/SystemServer( 1542): Making services ready
I/SystemServiceManager( 1542): Starting phase 550
I/EGL_adreno( 1542): eglCreateContext request GLES major-version=2
I/SystemServer( 1542): WebViewFactory preparation
D/EGL_adreno( 1542): eglCreateContext: 0xa1032b20: maj 3 min 0 rcv 3
I/dhcpcd  ( 1619): eth0: rebinding lease of 172.16.2.15
D/EGL_adreno( 1542): eglMakeCurrent: 0xa1032b20: ver 3 0 (tinfo 0xb3f0cde0)
I/Zygote  ( 1542): Process: zygote socket opened, supported ABIS: x86,armeabi-v7a,armeabi
I/dhcpcd  ( 1619): eth0: acknowledged 172.16.2.15 from 172.16.2.2
D/libnativebridge( 1631): call UnloadNativeBridge! state=1
I/ActivityManager( 1542): Start proc 1631:WebViewLoader-x86/1037 [android.webkit.WebViewFactory$RelroFileCreator] for 
V/WebViewFactory( 1631): RelroFileCreator (64bit = false),  32-bit lib: /system/app/webview/lib/x86/libwebviewchromium.so, 64-bit lib: 
I/dhcpcd  ( 1619): eth0: leased 172.16.2.15 for 86400 seconds
D/AssetAtlas( 1542): Rendered atlas in 66.42ms (6.40+60.02ms)
I/HostConnection( 1542): HostConnection::~HostConnection, pid=1542, tid=1612, this=0xa10972e0, m_stream=0xa1072000
I/        ( 1542): fastpipe: close connect
I/ActivityManager( 1542): Start proc 1649:com.android.systemui/u0a7 for service com.android.systemui/.SystemUIService
I/HostConnection( 1361): HostConnection::HostConnection: pid=1361, tid=1447, this=0xb5037060
D/NetworkManagementService( 1542): not enabling bandwidth control
I/        ( 1361): fastpipe: Connect success
D/HostConnection( 1361): HostRPC::connect sucess: app=/system/bin/surfaceflinger, pid=1361, tid=1447, this=0xb503e000
D/HostConnection( 1361): queryAndSetGLESMaxVersion select gles-version: 3.0 hostGLVersion:43 process:/system/bin/surfaceflinger
E/MountService( 1542): Boot-time mount failed (-1)
W/MountService( 1542): Duplicate state transition (mounted -> mounted) for /storage/emulated/0
I/art     ( 1631): System.exit called, status: 0
I/AndroidRuntime( 1631): VM exiting with result code 0, cleanup skipped.
W/NetworkStats( 1542): bandwidth controls disabled, unable to track stats
W/NetworkPolicy( 1542): bandwidth controls disabled, unable to enforce policy
D/libnativebridge( 1649): call UnloadNativeBridge! state=1
D/PermissionMonitor( 1542): Monitoring
D/PermissionMonitor( 1542): Users: 1, Apps: 30
D/BluetoothManagerService( 1542): Message: 20
D/BluetoothManagerService( 1542): Added callback: android.bluetooth.BluetoothAdapter$1@1616f748:true
I/SystemServiceManager( 1542): Starting phase 600
D/BluetoothManagerService( 1542): Trying to bind to profile: 1, while Bluetooth was disabled
E/BluetoothA2dp( 1542): Could not bind to Bluetooth A2DP Service with Intent { act=android.bluetooth.IBluetoothA2dp }
D/BluetoothManagerService( 1542): Message: 30
D/BluetoothManagerService( 1542): Message: 30
I/BackupManagerService( 1542): Backup enabled => false
I/BackupManagerService( 1542): Opting out of backup
E/InputMethodManagerService( 1542): Ignoring setImeWindowStatus due to an invalid token. uid:1000 token:null
W/linker  ( 1367): libavcodec.so has text relocations. This is wasting memory and prevents security hardening. Please fix.
I/ActivityManager( 1542): Start proc 1703:com.android.emu.inputservice/u0a17 for service com.android.emu.inputservice/.InputService
V/InputMethodManagerService( 1542): Adding window token: android.os.Binder@17ffb9a8
W/linker  ( 1367): libswresample.so has text relocations. This is wasting memory and prevents security hardening. Please fix.
D/DataSource( 1367): loadExtractorPlugin return 0xb44dca00
D/DataSource( 1367): begin getExtractorPlugin
D/DataSource( 1367): end getExtractorPlugin
D/DataSource( 1367): begin RegisterSniffer
D/DataSource( 1367): end RegisterSniffer
V/SystemUIService( 1649): Starting SystemUI services.
E/WVMExtractor( 1367): Failed to open libwvm.so: dlopen failed: library "libwvm.so" not found
I/FFmpegExtractor( 1367): android-source:0xb584f840
D/libnativebridge( 1703): call UnloadNativeBridge! state=1
D/FFMPEG  ( 1367): android source begin open
D/FFMPEG  ( 1367): android open, url: android-source:0xb584f840
D/FFMPEG  ( 1367): ffmpeg open android data source success, source ptr: 0xb584f840
D/FFMPEG  ( 1367): android source open success
I/FFMPEG  ( 1367): Input #0, ogg, from 'android-source:0xb584f840':
I/FFMPEG  ( 1367):   Duration: 00:00:00.09, start: 0.000000, bitrate: 527 kb/s
I/FFMPEG  ( 1367):     Stream #0:0: Audio: vorbis, 44100 Hz, stereo, fltp, 160 kb/s
I/FFmpegExtractor( 1367): FFmpegExtrator, url: android-source:0xb584f840, format_name: ogg, format_long_name: Ogg
I/FFmpegExtractor( 1367): list the formats suppoted by ffmpeg: 
I/FFmpegExtractor( 1367): ========================================
I/FFmpegExtractor( 1367): ========================================
I/FFmpegExtractor( 1367): adjust mime(application/ogg -> audio/vorbis)
D/FFmpegExtractor( 1367): suppoted codec(vorbis) by official Stagefright
D/FFMPEG  ( 1367): android source close
I/FFmpegExtractor( 1367): sniff through BetterSniffFFMPEG success
D/FFmpegExtractor( 1367): ffmpeg detected media content as 'audio/vorbis' with confidence 0.08
D/NuPlayerDriver( 1367): start(0xb584ef40)
I/GenericSource( 1367): start
D/SoftFFmpegAudio( 1367): SoftFFmpegAudio component: OMX.ffmpeg.aac.decoder mCodingType: 21 mHighResAudioEnabled: 1
V/SoftFFmpegAudio( 1367): ~SoftFFmpegAudio
D/SoftFFmpegAudio( 1367): SoftFFmpegAudio component: OMX.ffmpeg.ra.decoder mCodingType: 26 mHighResAudioEnabled: 1
V/SoftFFmpegAudio( 1367): ~SoftFFmpegAudio
D/SoftFFmpegAudio( 1367): SoftFFmpegAudio component: OMX.ffmpeg.ac3.decoder mCodingType: 2130706434 mHighResAudioEnabled: 1
V/SoftFFmpegAudio( 1367): ~SoftFFmpegAudio
D/SoftFFmpegAudio( 1367): SoftFFmpegAudio component: OMX.ffmpeg.ape.decoder mCodingType: 2130706435 mHighResAudioEnabled: 1
V/SoftFFmpegAudio( 1367): ~SoftFFmpegAudio
D/SoftFFmpegAudio( 1367): SoftFFmpegAudio component: OMX.ffmpeg.dts.decoder mCodingType: 2130706436 mHighResAudioEnabled: 1
V/SoftFFmpegAudio( 1367): ~SoftFFmpegAudio
V/FingerprintService( 1542): startListening(android.service.fingerprint.IFingerprintServiceReceiver$Stub$Proxy@2aff6ee)
W/linker  ( 1367): libswscale.so has text relocations. This is wasting memory and prevents security hardening. Please fix.
D/SoftFFmpegVideo( 1367): SoftFFmpegVideo component: OMX.ffmpeg.rv.decoder mMode: 0 appData: 0xb4026fc0
E/OMXNodeInstance( 1367): getParameter(13:ffmpeg.rv.decoder, ParamVideoProfileLevelQuerySupported(0x600000f)) ERROR: UnsupportedIndex(0x8000101a)
W/OMXNodeInstance( 1367): [13:ffmpeg.rv.decoder] component does not support metadata mode; using fallback
E/OMXNodeInstance( 1367): getExtensionIndex(13:ffmpeg.rv.decoder, OMX.google.android.index.prepareForAdaptivePlayback) ERROR: UnsupportedIndex(0x8000101a)
V/SoftFFmpegVideo( 1367): ~SoftFFmpegVideo
W/linker  ( 1367): libswscale.so has text relocations. This is wasting memory and prevents security hardening. Please fix.
D/SoftFFmpegVideo( 1367): SoftFFmpegVideo component: OMX.ffmpeg.hevc.decoder mMode: 0 appData: 0xb4026fc0
E/OMXNodeInstance( 1367): getParameter(14:ffmpeg.hevc.decoder, ParamVideoProfileLevelQuerySupported(0x600000f)) ERROR: UnsupportedIndex(0x8000101a)
W/OMXNodeInstance( 1367): [14:ffmpeg.hevc.decoder] component does not support metadata mode; using fallback
E/OMXNodeInstance( 1367): getExtensionIndex(14:ffmpeg.hevc.decoder, OMX.google.android.index.prepareForAdaptivePlayback) ERROR: UnsupportedIndex(0x8000101a)
V/SoftFFmpegVideo( 1367): ~SoftFFmpegVideo
W/linker  ( 1367): libswscale.so has text relocations. This is wasting memory and prevents security hardening. Please fix.
D/SoftFFmpegVideo( 1367): SoftFFmpegVideo component: OMX.ffmpeg.divx.decoder mMode: 0 appData: 0xb4026fc0
E/OMXNodeInstance( 1367): getParameter(15:ffmpeg.divx.decoder, ParamVideoProfileLevelQuerySupported(0x600000f)) ERROR: UnsupportedIndex(0x8000101a)
W/OMXNodeInstance( 1367): [15:ffmpeg.divx.decoder] component does not support metadata mode; using fallback
E/OMXNodeInstance( 1367): getExtensionIndex(15:ffmpeg.divx.decoder, OMX.google.android.index.prepareForAdaptivePlayback) ERROR: UnsupportedIndex(0x8000101a)
V/SoftFFmpegVideo( 1367): ~SoftFFmpegVideo
W/linker  ( 1367): libswscale.so has text relocations. This is wasting memory and prevents security hardening. Please fix.
D/SoftFFmpegVideo( 1367): SoftFFmpegVideo component: OMX.ffmpeg.flv1.decoder mMode: 0 appData: 0xb4026fc0
E/OMXNodeInstance( 1367): getParameter(16:ffmpeg.flv1.decoder, ParamVideoProfileLevelQuerySupported(0x600000f)) ERROR: UnsupportedIndex(0x8000101a)
W/OMXNodeInstance( 1367): [16:ffmpeg.flv1.decoder] component does not support metadata mode; using fallback
E/OMXNodeInstance( 1367): getExtensionIndex(16:ffmpeg.flv1.decoder, OMX.google.android.index.prepareForAdaptivePlayback) ERROR: UnsupportedIndex(0x8000101a)
V/SoftFFmpegVideo( 1367): ~SoftFFmpegVideo
W/linker  ( 1367): libswscale.so has text relocations. This is wasting memory and prevents security hardening. Please fix.
D/SoftFFmpegVideo( 1367): SoftFFmpegVideo component: OMX.ffmpeg.h264.decoder mMode: 0 appData: 0xb4026fc0
E/OMXNodeInstance( 1367): getParameter(17:ffmpeg.h264.decoder, ParamVideoProfileLevelQuerySupported(0x600000f)) ERROR: UnsupportedIndex(0x8000101a)
W/OMXNodeInstance( 1367): [17:ffmpeg.h264.decoder] component does not support metadata mode; using fallback
E/OMXNodeInstance( 1367): getExtensionIndex(17:ffmpeg.h264.decoder, OMX.google.android.index.prepareForAdaptivePlayback) ERROR: UnsupportedIndex(0x8000101a)
V/SoftFFmpegVideo( 1367): ~SoftFFmpegVideo
W/OMXNodeInstance( 1367): [18:google.mpeg4.decoder] component does not support metadata mode; using fallback
W/OMXNodeInstance( 1367): [19:google.h263.decoder] component does not support metadata mode; using fallback
W/OMXNodeInstance( 1367): [1a:google.h264.decoder] component does not support metadata mode; using fallback
D/SoftHEVC( 1367): Number of CPU cores: 2
D/SoftHEVC( 1367): Initializing decoder
D/SoftHEVC( 1367): Set number of cores to 2
D/SoftHEVC( 1367): Ittiam decoder version number: @(#)Id:HEVCDEC_production Ver:04.01 Released by ITTIAM Build: Sep 13 2018 @ 22:38:25
W/OMXNodeInstance( 1367): [1b:google.hevc.decoder] component does not support metadata mode; using fallback
D/SoftHEVC( 1367): Freeing codec memory
D/SoftHEVC( 1367): Number of CPU cores: 2
D/SoftHEVC( 1367): Initializing decoder
D/SoftHEVC( 1367): Set number of cores to 2
D/SoftHEVC( 1367): Ittiam decoder version number: @(#)Id:HEVCDEC_production Ver:04.01 Released by ITTIAM Build: Sep 13 2018 @ 22:38:25
D/SoftHEVC( 1367): In SoftHEVC::~SoftHEVC
D/SoftHEVC( 1367): Freeing codec memory
W/OMXNodeInstance( 1367): [1c:google.vp8.decoder] component does not support metadata mode; using fallback
W/OMXNodeInstance( 1367): [1d:google.vp9.decoder] component does not support metadata mode; using fallback
I/SoftMPEG4Encoder( 1367): Construct SoftMPEG4Encoder
W/ACodec  ( 1367): do not know color format 0x7f000789 = 2130708361
I/SoftAVCEncoder( 1367): Construct SoftAVCEncoder
W/ACodec  ( 1367): do not know color format 0x7f000789 = 2130708361
I/SoftMPEG4Encoder( 1367): Construct SoftMPEG4Encoder
W/ACodec  ( 1367): do not know color format 0x7f000789 = 2130708361
I/FFmpegExtractor( 1367): android-source:0xb4024ec0
D/FFMPEG  ( 1367): android source begin open
D/FFMPEG  ( 1367): android open, url: android-source:0xb4024ec0
D/FFMPEG  ( 1367): ffmpeg open android data source success, source ptr: 0xb4024ec0
D/FFMPEG  ( 1367): android source open success
I/FFMPEG  ( 1367): Input #0, ogg, from 'android-source:0xb4024ec0':
I/FFMPEG  ( 1367):   Duration: 00:00:00.23, start: 0.000000, bitrate: 293 kb/s
I/FFMPEG  ( 1367):     Stream #0:0: Audio: vorbis, 44100 Hz, stereo, fltp, 160 kb/s
I/FFmpegExtractor( 1367): FFmpegExtrator, url: android-source:0xb4024ec0, format_name: ogg, format_long_name: Ogg
I/FFmpegExtractor( 1367): list the formats suppoted by ffmpeg: 
I/FFmpegExtractor( 1367): ========================================
I/FFmpegExtractor( 1367): ========================================
I/FFmpegExtractor( 1367): adjust mime(application/ogg -> audio/vorbis)
D/FFmpegExtractor( 1367): suppoted codec(vorbis) by official Stagefright
D/FFMPEG  ( 1367): android source close
I/FFmpegExtractor( 1367): sniff through BetterSniffFFMPEG success
D/FFmpegExtractor( 1367): ffmpeg detected media content as 'audio/vorbis' with confidence 0.08
D/NuPlayerDriver( 1367): start(0xb402f1c0)
I/GenericSource( 1367): start
W/ACodec  ( 1367): do not know color format 0x7f000789 = 2130708361
D/NuPlayerDriver( 1367): reset(0xb584ef40)
D/NuPlayerDriver( 1367): notifyResetComplete(0xb584ef40)
I/FFmpegExtractor( 1367): android-source:0xb4024380
D/FFMPEG  ( 1367): android source begin open
D/FFMPEG  ( 1367): android open, url: android-source:0xb4024380
D/FFMPEG  ( 1367): ffmpeg open android data source success, source ptr: 0xb4024380
D/FFMPEG  ( 1367): android source open success
I/FFMPEG  ( 1367): Input #0, ogg, from 'android-source:0xb4024380':
I/FFMPEG  ( 1367):   Duration: 00:00:00.11, start: 0.000000, bitrate: 487 kb/s
I/FFMPEG  ( 1367):     Stream #0:0: Audio: vorbis, 44100 Hz, stereo, fltp, 160 kb/s
I/FFmpegExtractor( 1367): FFmpegExtrator, url: android-source:0xb4024380, format_name: ogg, format_long_name: Ogg
I/FFmpegExtractor( 1367): list the formats suppoted by ffmpeg: 
I/FFmpegExtractor( 1367): ========================================
I/FFmpegExtractor( 1367): ========================================
I/FFmpegExtractor( 1367): adjust mime(application/ogg -> audio/vorbis)
D/FFmpegExtractor( 1367): suppoted codec(vorbis) by official Stagefright
D/NuPlayerDriver( 1367): reset(0xb402f1c0)
D/FFMPEG  ( 1367): android source close
I/FFmpegExtractor( 1367): sniff through BetterSniffFFMPEG success
D/FFmpegExtractor( 1367): ffmpeg detected media content as 'audio/vorbis' with confidence 0.08
D/gps_ld  ( 1542): GPS dev open_gps
D/gps_ld  ( 1542): GPS dev get_hardware_interface
D/gps_ld  ( 1542): serial_gps_get_extension: called name=gps-xtra
D/gps_ld  ( 1542): serial_gps_get_extension: called name=agps
D/gps_ld  ( 1542): serial_gps_get_extension: called name=gps-ni
D/gps_ld  ( 1542): serial_gps_get_extension: called name=gps-debug
D/gps_ld  ( 1542): serial_gps_get_extension: called name=agps_ril
D/gps_ld  ( 1542): serial_gps_get_extension: called name=gps_geofencing
D/gps_ld  ( 1542): serial_gps_get_extension: called name=gps_measurement
D/gps_ld  ( 1542): serial_gps_get_extension: called name=gps_navigation_message
D/gps_ld  ( 1542): serial_gps_get_extension: called name=gnss_configuration
D/GpsLocationProvider( 1542): Reset GPS properties, previous size = 0
D/GpsLocationProvider( 1542): GpsParamsResource: SUPL_HOST=supl.google.com
D/GpsLocationProvider( 1542): GpsParamsResource: SUPL_PORT=7275
D/GpsLocationProvider( 1542): GpsParamsResource: NTP_SERVER=north-america.pool.ntp.org
D/GpsLocationProvider( 1542): GpsParamsResource: SUPL_VER=0x20000
D/GpsLocationProvider( 1542): GpsParamsResource: SUPL_MODE=1
W/GpsLocationProvider( 1542): Could not open GPS configuration file /etc/gps.ld.conf
D/GpsLocationProvider( 1542): GPS properties reloaded, size = 8
E/GpsLocationProvider( 1542): no AGPS interface in set_agps_server
E/GpsLocationProvider( 1542): no GPS configuration interface in configuraiton_update
D/GpsLocationProvider( 1542): final config = #Fri Oct 19 19:54:43 GMT+08:00 2018
D/GpsLocationProvider( 1542): SUPL_VER=0x20000
D/GpsLocationProvider( 1542): SUPL_HOST=supl.google.com
D/GpsLocationProvider( 1542): XTRA_SERVER_3=http\://xtra3.gpsonextra.net/xtra.bin
D/GpsLocationProvider( 1542): XTRA_SERVER_1=http\://xtra1.gpsonextra.net/xtra.bin
D/GpsLocationProvider( 1542): SUPL_PORT=7275
D/GpsLocationProvider( 1542): XTRA_SERVER_2=http\://xtra2.gpsonextra.net/xtra.bin
D/GpsLocationProvider( 1542): NTP_SERVER=north-america.pool.ntp.org
D/GpsLocationProvider( 1542): SUPL_MODE=1
W/LocationManagerService( 1542): no network location provider found
E/LocationManagerService( 1542): no geocoder provider found
E/FlpHardwareProvider( 1542): Error hw_get_module 'flp': -2
E/LocationManagerService( 1542): FLP HAL not supported
E/LocationManagerService( 1542): Unable to bind FLP Geofence proxy.
E/ActivityRecognitionHardware( 1542): Error hw_get_module: -2
E/LocationManagerService( 1542): Hardware Activity-Recognition not supported.
D/NuPlayerDriver( 1367): start(0xb584edc0)
I/GenericSource( 1367): start
I/gps_ld  ( 1542): serial_gps_init: called
I/gps_ld  ( 1542): gps_callback_command_init: called
I/gps_ld  ( 1542): GpsHost::init
E/GpsLocationProvider( 1542): no AGPS interface in set_agps_server
D/NuPlayerDriver( 1367): notifyResetComplete(0xb402f1c0)
I/CommonTimeManagementService( 1542): No common time service detected on this platform.  Common time services will be unavailable.
I/MmsServiceBroker( 1542): Delay connecting to MmsService until an API is called
W/VoiceInteractionManagerService( 1542): no available voice interaction services found for user 0
W/VoiceInteractionManagerService( 1542): no available voice recognition services found for user 0
I/FFmpegExtractor( 1367): android-source:0xb584f8c0
D/FFMPEG  ( 1367): android source begin open
D/FFMPEG  ( 1367): android open, url: android-source:0xb584f8c0
D/FFMPEG  ( 1367): ffmpeg open android data source success, source ptr: 0xb584f8c0
D/FFMPEG  ( 1367): android source open success
I/FFMPEG  ( 1367): Input #0, ogg, from 'android-source:0xb584f8c0':
I/FFMPEG  ( 1367):   Duration: 00:00:00.19, start: 0.000000, bitrate: 332 kb/s
I/FFMPEG  ( 1367):     Stream #0:0: Audio: vorbis, 44100 Hz, stereo, fltp, 160 kb/s
I/FFmpegExtractor( 1367): FFmpegExtrator, url: android-source:0xb584f8c0, format_name: ogg, format_long_name: Ogg
I/FFmpegExtractor( 1367): list the formats suppoted by ffmpeg: 
I/FFmpegExtractor( 1367): ========================================
I/FFmpegExtractor( 1367): ========================================
I/FFmpegExtractor( 1367): adjust mime(application/ogg -> audio/vorbis)
D/FFmpegExtractor( 1367): suppoted codec(vorbis) by official Stagefright
D/FFMPEG  ( 1367): android source close
I/FFmpegExtractor( 1367): sniff through BetterSniffFFMPEG success
D/FFmpegExtractor( 1367): ffmpeg detected media content as 'audio/vorbis' with confidence 0.08
I/InputReader( 1542): Reconfiguring input devices.  changes=0x00000020
D/gps_ld  ( 1542): GPS call-back thread startup
I/        ( 1542): fastpipe: Connect success
I/gps_ld  ( 1542): GpsHost::recv NewLocation 39.915000, 116.404000
D/gps_ld  ( 1542):  gps_on_location latitude = 39.915000, longitude = 116.404000 
I/InputReader( 1542): Reconfiguring input devices.  changes=0x00000010
D/NuPlayerDriver( 1367): start(0xb402f340)
I/GenericSource( 1367): start
I/ActivityManager( 1542): Start proc 1812:com.android.emu.coreservice/u0a16 for added application com.android.emu.coreservice
D/NuPlayerDriver( 1367): reset(0xb584edc0)
D/NuPlayerDriver( 1367): notifyResetComplete(0xb584edc0)
I/FFmpegExtractor( 1367): android-source:0xb584fe80
D/FFMPEG  ( 1367): android source begin open
D/FFMPEG  ( 1367): android open, url: android-source:0xb584fe80
D/FFMPEG  ( 1367): ffmpeg open android data source success, source ptr: 0xb584fe80
D/FFMPEG  ( 1367): android source open success
D/NuPlayerDriver( 1367): reset(0xb402f340)
D/NuPlayerDriver( 1367): notifyResetComplete(0xb402f340)
I/FFMPEG  ( 1367): Input #0, ogg, from 'android-source:0xb584fe80':
I/FFMPEG  ( 1367):   Duration: 00:00:00.29, start: 0.000000, bitrate: 271 kb/s
I/FFMPEG  ( 1367):     Stream #0:0: Audio: vorbis, 44100 Hz, stereo, fltp, 160 kb/s
I/FFmpegExtractor( 1367): FFmpegExtrator, url: android-source:0xb584fe80, format_name: ogg, format_long_name: Ogg
I/FFmpegExtractor( 1367): list the formats suppoted by ffmpeg: 
I/FFmpegExtractor( 1367): ========================================
I/FFmpegExtractor( 1367): ========================================
I/FFmpegExtractor( 1367): adjust mime(application/ogg -> audio/vorbis)
D/FFmpegExtractor( 1367): suppoted codec(vorbis) by official Stagefright
D/FFMPEG  ( 1367): android source close
I/FFmpegExtractor( 1367): sniff through BetterSniffFFMPEG success
D/FFmpegExtractor( 1367): ffmpeg detected media content as 'audio/vorbis' with confidence 0.08
I/FFmpegExtractor( 1367): android-source:0xb584fa40
D/FFMPEG  ( 1367): android source begin open
D/FFMPEG  ( 1367): android open, url: android-source:0xb584fa40
D/FFMPEG  ( 1367): ffmpeg open android data source success, source ptr: 0xb584fa40
D/FFMPEG  ( 1367): android source open success
I/FFMPEG  ( 1367): Input #0, ogg, from 'android-source:0xb584fa40':
I/FFMPEG  ( 1367):   Duration: 00:00:00.08, start: 0.000000, bitrate: 612 kb/s
I/FFMPEG  ( 1367):     Stream #0:0: Audio: vorbis, 44100 Hz, stereo, fltp, 160 kb/s
I/FFmpegExtractor( 1367): FFmpegExtrator, url: android-source:0xb584fa40, format_name: ogg, format_long_name: Ogg
I/FFmpegExtractor( 1367): list the formats suppoted by ffmpeg: 
I/FFmpegExtractor( 1367): ========================================
I/FFmpegExtractor( 1367): ========================================
I/FFmpegExtractor( 1367): adjust mime(application/ogg -> audio/vorbis)
D/FFmpegExtractor( 1367): suppoted codec(vorbis) by official Stagefright
D/FFMPEG  ( 1367): android source close
I/FFmpegExtractor( 1367): sniff through BetterSniffFFMPEG success
D/FFmpegExtractor( 1367): ffmpeg detected media content as 'audio/vorbis' with confidence 0.08
D/libnativebridge( 1812): call UnloadNativeBridge! state=1
D/NuPlayerDriver( 1367): start(0xb584ef40)
I/GenericSource( 1367): start
